Archive member included to satisfy reference by file (symbol)

Generated_Source\PSoC6\pdl\middleware\emWin\libs\GCC\libemWin_nosnts_gcc.a(F16_1.o)
                              .\CortexM4\ARM_GCC_541\Debug\main_cm4.o (GUI_Font16_1)
Generated_Source\PSoC6\pdl\middleware\emWin\libs\GCC\libemWin_nosnts_gcc.a(F16_ASCII.o)
                              Generated_Source\PSoC6\pdl\middleware\emWin\libs\GCC\libemWin_nosnts_gcc.a(F16_1.o) (GUI_Font16ASCIIProp1)
Generated_Source\PSoC6\pdl\middleware\emWin\libs\GCC\libemWin_nosnts_gcc.a(F32B_1.o)
                              .\CortexM4\ARM_GCC_541\Debug\main_cm4.o (GUI_Font32B_1)
Generated_Source\PSoC6\pdl\middleware\emWin\libs\GCC\libemWin_nosnts_gcc.a(F32B_ASCII.o)
                              Generated_Source\PSoC6\pdl\middleware\emWin\libs\GCC\libemWin_nosnts_gcc.a(F32B_1.o) (GUI_Font32B_ASCII_Prop1)
Generated_Source\PSoC6\pdl\middleware\emWin\libs\GCC\libemWin_nosnts_gcc.a(F6x8.o)
                              .\CortexM4\ARM_GCC_541\Debug\GUIConf.o (GUI_Font6x8)
Generated_Source\PSoC6\pdl\middleware\emWin\libs\GCC\libemWin_nosnts_gcc.a(GUI_2DLib.o)
                              .\CortexM4\ARM_GCC_541\Debug\main_cm4.o (GUI_DrawRect)
Generated_Source\PSoC6\pdl\middleware\emWin\libs\GCC\libemWin_nosnts_gcc.a(GUI_Alloc.o)
                              .\CortexM4\ARM_GCC_541\Debug\GUIConf.o (GUI_ALLOC_AssignMemory)
Generated_Source\PSoC6\pdl\middleware\emWin\libs\GCC\libemWin_nosnts_gcc.a(GUI_CharM.o)
                              Generated_Source\PSoC6\pdl\middleware\emWin\libs\GCC\libemWin_nosnts_gcc.a(F6x8.o) (GUIMONO_DispChar)
Generated_Source\PSoC6\pdl\middleware\emWin\libs\GCC\libemWin_nosnts_gcc.a(GUI_CharP.o)
                              Generated_Source\PSoC6\pdl\middleware\emWin\libs\GCC\libemWin_nosnts_gcc.a(F16_1.o) (GUIPROP_DispChar)
Generated_Source\PSoC6\pdl\middleware\emWin\libs\GCC\libemWin_nosnts_gcc.a(GUI_Common.o)
                              Generated_Source\PSoC6\pdl\middleware\emWin\libs\GCC\libemWin_nosnts_gcc.a(GUI_CharP.o) (GUI_GetBkColor)
Generated_Source\PSoC6\pdl\middleware\emWin\libs\GCC\libemWin_nosnts_gcc.a(GUI_Core.o)
                              Generated_Source\PSoC6\pdl\middleware\emWin\libs\GCC\libemWin_nosnts_gcc.a(GUI_Common.o) (GUI__apDevice)
Generated_Source\PSoC6\pdl\middleware\emWin\libs\GCC\libemWin_nosnts_gcc.a(GUI_Device.o)
                              .\CortexM4\ARM_GCC_541\Debug\LCDConf.o (GUI_DEVICE_CreateAndLink)
Generated_Source\PSoC6\pdl\middleware\emWin\libs\GCC\libemWin_nosnts_gcc.a(GUI_DispString.o)
                              Generated_Source\PSoC6\pdl\middleware\emWin\libs\GCC\libemWin_nosnts_gcc.a(GUI_Common.o) (GUI_DispString)
Generated_Source\PSoC6\pdl\middleware\emWin\libs\GCC\libemWin_nosnts_gcc.a(GUI_DispStringInRectEx.o)
                              Generated_Source\PSoC6\pdl\middleware\emWin\libs\GCC\libemWin_nosnts_gcc.a(GUI_DispString.o) (GUI_DispStringInRectEx)
Generated_Source\PSoC6\pdl\middleware\emWin\libs\GCC\libemWin_nosnts_gcc.a(GUI_DrawLine.o)
                              .\CortexM4\ARM_GCC_541\Debug\main_cm4.o (GUI_DrawLine)
Generated_Source\PSoC6\pdl\middleware\emWin\libs\GCC\libemWin_nosnts_gcc.a(GUI_FillPolygon.o)
                              Generated_Source\PSoC6\pdl\middleware\emWin\libs\GCC\libemWin_nosnts_gcc.a(GUI_DrawLine.o) (GL_FillPolygon)
Generated_Source\PSoC6\pdl\middleware\emWin\libs\GCC\libemWin_nosnts_gcc.a(GUI_OnKey.o)
                              Generated_Source\PSoC6\pdl\middleware\emWin\libs\GCC\libemWin_nosnts_gcc.a(GUI_Common.o) (GUI_GetKey)
Generated_Source\PSoC6\pdl\middleware\emWin\libs\GCC\libemWin_nosnts_gcc.a(GUI_UC.o)
                              Generated_Source\PSoC6\pdl\middleware\emWin\libs\GCC\libemWin_nosnts_gcc.a(GUI_DispString.o) (GUI_UC__GetCharCodeInc)
Generated_Source\PSoC6\pdl\middleware\emWin\libs\GCC\libemWin_nosnts_gcc.a(GUI_UC_EncodeNone.o)
                              Generated_Source\PSoC6\pdl\middleware\emWin\libs\GCC\libemWin_nosnts_gcc.a(GUI_Core.o) (GUI_UC_None)
Generated_Source\PSoC6\pdl\middleware\emWin\libs\GCC\libemWin_nosnts_gcc.a(GUI_WaitEvent.o)
                              Generated_Source\PSoC6\pdl\middleware\emWin\libs\GCC\libemWin_nosnts_gcc.a(GUI_OnKey.o) (GUI_SignalEvent)
Generated_Source\PSoC6\pdl\middleware\emWin\libs\GCC\libemWin_nosnts_gcc.a(GUICC_1.o)
                              .\CortexM4\ARM_GCC_541\Debug\LCDConf.o (LCD_API_ColorConv_1)
Generated_Source\PSoC6\pdl\middleware\emWin\libs\GCC\libemWin_nosnts_gcc.a(GUIDRV_BitPlains.o)
                              .\CortexM4\ARM_GCC_541\Debug\LCDConf.o (GUIDRV_BitPlains_Config)
Generated_Source\PSoC6\pdl\middleware\emWin\libs\GCC\libemWin_nosnts_gcc.a(LCD.o)
                              Generated_Source\PSoC6\pdl\middleware\emWin\libs\GCC\libemWin_nosnts_gcc.a(GUI_CharM.o) (LCD_SetDrawMode)
Generated_Source\PSoC6\pdl\middleware\emWin\libs\GCC\libemWin_nosnts_gcc.a(LCD_Color.o)
[...]
Memory Configuration

Name             Origin             Length             Attributes
ram              0x08024000         0x00023800         xrw
flash            0x10080000         0x00080000         xr
em_eeprom        0x14000000         0x00008000         xr
sflash_user_data 0x16000800         0x00000800         xr
sflash_nar       0x16001a00         0x00000200         xr
sflash_public_key 0x16005a00         0x00000c00         xr
sflash_toc_2     0x16007c00         0x00000200         xr
sflash_rtoc_2    0x16007e00         0x00000200         xr
xip              0x18000000         0x08000000         xr
efuse            0x90700000         0x00100000         r
*default*        0x00000000         0xffffffff

Linker script and memory map

LOAD c:/program files (x86)/cypress/psoc creator/4.4/psoc creator/import/gnu/arm/5.4.1/bin/../lib/gcc/arm-none-eabi/5.4.1/armv7e-m/softfp/crti.o
LOAD c:/program files (x86)/cypress/psoc creator/4.4/psoc creator/import/gnu/arm/5.4.1/bin/../lib/gcc/arm-none-eabi/5.4.1/armv7e-m/softfp/crtbegin.o
LOAD c:/program files (x86)/cypress/psoc creator/4.4/psoc creator/import/gnu/arm/5.4.1/bin/../lib/gcc/arm-none-eabi/5.4.1/../../../../arm-none-eabi/lib/armv7e-m/softfp/crt0.o
START GROUP
LOAD Generated_Source\PSoC6\pdl\middleware\emWin\libs\GCC\libemWin_nosnts_gcc.a
LOAD .\CortexM4\ARM_GCC_541\Debug\startup_psoc6_01_cm4.o
LOAD .\CortexM4\ARM_GCC_541\Debug\main_cm4.o
LOAD .\CortexM4\ARM_GCC_541\Debug\system_psoc6_cm4.o
LOAD .\CortexM4\ARM_GCC_541\Debug\pervasive_eink_hardware_driver.o
LOAD .\CortexM4\ARM_GCC_541\Debug\cy_eink_library.o
LOAD .\CortexM4\ARM_GCC_541\Debug\cy_eink_psoc_interface.o
LOAD .\CortexM4\ARM_GCC_541\Debug\Cypress Logo Full Color_PNG_1bpp.o
LOAD .\CortexM4\ARM_GCC_541\Debug\GUIConf.o
LOAD .\CortexM4\ARM_GCC_541\Debug\GUI_X.o
LOAD .\CortexM4\ARM_GCC_541\Debug\LCDConf.o
LOAD .\CortexM4\ARM_GCC_541\Debug\cyfitter_sysint_cfg.o
LOAD .\CortexM4\ARM_GCC_541\Debug\cymetadata.o
LOAD .\CortexM4\ARM_GCC_541\Debug\CY_EINK_SPIM.o
LOAD .\CortexM4\ARM_GCC_541\Debug\CY_EINK_Timer.o
LOAD .\CortexM4\ARM_GCC_541\Debug\Status_SW2.o
LOAD .\CortexM4\ARM_GCC_541\Debug\cy_efuse.o
LOAD .\CortexM4\ARM_GCC_541\Debug\cy_flash.o
LOAD .\CortexM4\ARM_GCC_541\Debug\cy_gpio.o
LOAD .\CortexM4\ARM_GCC_541\Debug\cy_ipc_drv.o
LOAD .\CortexM4\ARM_GCC_541\Debug\cy_ipc_sema.o
LOAD .\CortexM4\ARM_GCC_541\Debug\cy_ipc_pipe.o
LOAD .\CortexM4\ARM_GCC_541\Debug\cy_lvd.o
LOAD .\CortexM4\ARM_GCC_541\Debug\cy_profile.o
LOAD .\CortexM4\ARM_GCC_541\Debug\cy_prot.o
LOAD .\CortexM4\ARM_GCC_541\Debug\cy_scb_common.o
LOAD .\CortexM4\ARM_GCC_541\Debug\cy_scb_i2c.o
LOAD .\CortexM4\ARM_GCC_541\Debug\cy_scb_ezi2c.o
LOAD .\CortexM4\ARM_GCC_541\Debug\cy_scb_spi.o
LOAD .\CortexM4\ARM_GCC_541\Debug\cy_scb_uart.o
LOAD .\CortexM4\ARM_GCC_541\Debug\cy_sysanalog.o
LOAD .\CortexM4\ARM_GCC_541\Debug\cy_sysclk.o
LOAD .\CortexM4\ARM_GCC_541\Debug\cy_sysint.o
LOAD .\CortexM4\ARM_GCC_541\Debug\cy_syslib.o
LOAD .\CortexM4\ARM_GCC_541\Debug\cy_syslib_gcc.o
LOAD .\CortexM4\ARM_GCC_541\Debug\cy_syspm.o
LOAD .\CortexM4\ARM_GCC_541\Debug\cy_systick.o
LOAD .\CortexM4\ARM_GCC_541\Debug\cy_tcpwm_counter.o
LOAD .\CortexM4\ARM_GCC_541\Debug\cy_tcpwm_pwm.o
LOAD .\CortexM4\ARM_GCC_541\Debug\cy_tcpwm_quaddec.o
LOAD .\CortexM4\ARM_GCC_541\Debug\cy_trigmux.o
LOAD .\CortexM4\ARM_GCC_541\Debug\cy_wdt.o
LOAD .\CortexM4\ARM_GCC_541\Debug\cy_device.o
LOAD .\CortexM4\ARM_GCC_541\Debug\cy_sar.o
LOAD .\CortexM4\ARM_GCC_541\Debug\cy_ble_clk.o
LOAD .\CortexM4\ARM_GCC_541\Debug\ADC.o
LOAD .\CortexM4\ARM_GCC_541\Debug\ADC_INT.o
LOAD .\CortexM4\ARM_GCC_541\Debug\ADC_INIT.o
LOAD .\CortexM4\ARM_GCC_541\Debug\ADC_PM.o
LOAD .\CortexM4\ARM_GCC_541\Debug\PWM.o
END GROUP
START GROUP
LOAD c:/program files (x86)/cypress/psoc creator/4.4/psoc creator/import/gnu/arm/5.4.1/bin/../lib/gcc/arm-none-eabi/5.4.1/armv7e-m/softfp\libgcc.a
LOAD c:/program files (x86)/cypress/psoc creator/4.4/psoc creator/import/gnu/arm/5.4.1/bin/../lib/gcc/arm-none-eabi/5.4.1/../../../../arm-none-eabi/lib/armv7e-m/softfp\libg_nano.a
LOAD c:/program files (x86)/cypress/psoc creator/4.4/psoc creator/import/gnu/arm/5.4.1/bin/../lib/gcc/arm-none-eabi/5.4.1/../../../../arm-none-eabi/lib/armv7e-m/softfp\libc_nano.a
END GROUP
START GROUP
LOAD c:/program files (x86)/cypress/psoc creator/4.4/psoc creator/import/gnu/arm/5.4.1/bin/../lib/gcc/arm-none-eabi/5.4.1/armv7e-m/softfp\libgcc.a
LOAD c:/program files (x86)/cypress/psoc creator/4.4/psoc creator/import/gnu/arm/5.4.1/bin/../lib/gcc/arm-none-eabi/5.4.1/../../../../arm-none-eabi/lib/armv7e-m/softfp\libc_nano.a
END GROUP
LOAD c:/program files (x86)/cypress/psoc creator/4.4/psoc creator/import/gnu/arm/5.4.1/bin/../lib/gcc/arm-none-eabi/5.4.1/armv7e-m/softfp/crtend.o
LOAD c:/program files (x86)/cypress/psoc creator/4.4/psoc creator/import/gnu/arm/5.4.1/bin/../lib/gcc/arm-none-eabi/5.4.1/armv7e-m/softfp/crtn.o
START GROUP
LOAD c:/program files (x86)/cypress/psoc creator/4.4/psoc creator/import/gnu/arm/5.4.1/bin/../lib/gcc/arm-none-eabi/5.4.1/armv7e-m/softfp\libgcc.a
LOAD c:/program files (x86)/cypress/psoc creator/4.4/psoc creator/import/gnu/arm/5.4.1/bin/../lib/gcc/arm-none-eabi/5.4.1/../../../../arm-none-eabi/lib/armv7e-m/softfp\libc.a
LOAD c:/program files (x86)/cypress/psoc creator/4.4/psoc creator/import/gnu/arm/5.4.1/bin/../lib/gcc/arm-none-eabi/5.4.1/../../../../arm-none-eabi/lib/armv7e-m/softfp\libnosys.a
END GROUP
START GROUP
LOAD c:/program files (x86)/cypress/psoc creator/4.4/psoc creator/import/gnu/arm/5.4.1/bin/../lib/gcc/arm-none-eabi/5.4.1/armv7e-m/softfp\libgcc.a
LOAD c:/program files (x86)/cypress/psoc creator/4.4/psoc creator/import/gnu/arm/5.4.1/bin/../lib/gcc/arm-none-eabi/5.4.1/../../../../arm-none-eabi/lib/armv7e-m/softfp\libc.a
LOAD c:/program files (x86)/cypress/psoc creator/4.4/psoc creator/import/gnu/arm/5.4.1/bin/../lib/gcc/arm-none-eabi/5.4.1/../../../../arm-none-eabi/lib/armv7e-m/softfp\libm.a
LOAD c:/program files (x86)/cypress/psoc creator/4.4/psoc creator/import/gnu/arm/5.4.1/bin/../lib/gcc/arm-none-eabi/5.4.1/../../../../arm-none-eabi/lib/armv7e-m/softfp\libnosys.a
END GROUP

.text           0x10080000    0x10430
                0x10080000                . = ALIGN (0x4)
                0x10080000                __Vectors = .
 *(.vectors)
 .vectors       0x10080000      0x28c .\CortexM4\ARM_GCC_541\Debug\startup_psoc6_01_cm4.o
                0x1008028c                . = ALIGN (0x4)
                0x1008028c                __Vectors_End = .
                0x0000028c                __Vectors_Size = (__Vectors_End - __Vectors)
                0x1008028c                __end__ = .
                0x1008028c                . = ALIGN (0x4)
 *(.text*)
 .text          0x1008028c       0x5c c:/program files (x86)/cypress/psoc creator/4.4/psoc creator/import/gnu/arm/5.4.1/bin/../lib/gcc/arm-none-eabi/5.4.1/armv7e-m/softfp/crtbegin.o
 .text          0x100802e8       0x84 .\CortexM4\ARM_GCC_541\Debug\startup_psoc6_01_cm4.o
                0x100802e8                Cy_OnResetUser
                0x100802ea                Reset_Handler
                0x1008034c                cpuss_interrupts_ipc_6_IRQHandler
                0x1008034c                DebugMon_Handler
                0x1008034c                tcpwm_1_interrupts_11_IRQHandler
                0x1008034c                cpuss_interrupts_ipc_0_IRQHandler
                0x1008034c                tcpwm_1_interrupts_15_IRQHandler
                0x1008034c                ioss_interrupts_gpio_13_IRQHandler
                0x1008034c                tcpwm_1_interrupts_13_IRQHandler
                0x1008034c                cpuss_interrupts_dw1_8_IRQHandler
                0x1008034c                tcpwm_0_interrupts_0_IRQHandler
                0x1008034c                SysTick_Handler
                0x1008034c                cpuss_interrupt_fm_IRQHandler
                0x1008034c                cpuss_interrupts_ipc_7_IRQHandler
                0x1008034c                tcpwm_1_interrupts_14_IRQHandler
                0x1008034c                cpuss_interrupts_dw0_5_IRQHandler
                0x1008034c                tcpwm_1_interrupts_9_IRQHandler
                0x1008034c                cpuss_interrupts_cm0_cti_1_IRQHandler
                0x1008034c                tcpwm_1_interrupts_22_IRQHandler
                0x1008034c                cpuss_interrupts_dw0_4_IRQHandler
                0x1008034c                PendSV_Handler
                0x1008034c                NMI_Handler
                0x1008034c                cpuss_interrupts_dw1_12_IRQHandler
                0x1008034c                tcpwm_1_interrupts_12_IRQHandler
                0x1008034c                smif_interrupt_IRQHandler
                0x1008034c                tcpwm_1_interrupts_2_IRQHandler
                0x1008034c                cpuss_interrupts_ipc_13_IRQHandler
                0x1008034c                udb_interrupts_11_IRQHandler
                0x1008034c                tcpwm_1_interrupts_18_IRQHandler
                0x1008034c                cpuss_interrupts_dw0_11_IRQHandler
                0x1008034c                tcpwm_0_interrupts_2_IRQHandler
                0x1008034c                cpuss_interrupts_dw0_13_IRQHandler
                0x1008034c                udb_interrupts_2_IRQHandler
                0x1008034c                cpuss_interrupts_dw1_7_IRQHandler
                0x1008034c                ioss_interrupts_gpio_1_IRQHandler
                0x1008034c                ioss_interrupts_gpio_7_IRQHandler
                0x1008034c                scb_5_interrupt_IRQHandler
                0x1008034c                udb_interrupts_6_IRQHandler
                0x1008034c                cpuss_interrupts_fault_1_IRQHandler
                0x1008034c                cpuss_interrupts_ipc_4_IRQHandler
                0x1008034c                cpuss_interrupts_ipc_5_IRQHandler
                0x1008034c                cpuss_interrupts_dw1_10_IRQHandler
                0x1008034c                udb_interrupts_0_IRQHandler
                0x1008034c                tcpwm_1_interrupts_6_IRQHandler
                0x1008034c                scb_4_interrupt_IRQHandler
                0x1008034c                pass_interrupt_dacs_IRQHandler
                0x1008034c                ioss_interrupts_gpio_2_IRQHandler
                0x1008034c                cpuss_interrupts_dw1_9_IRQHandler
                0x1008034c                cpuss_interrupts_dw1_13_IRQHandler
                0x1008034c                scb_2_interrupt_IRQHandler
                0x1008034c                cpuss_interrupts_cm0_cti_0_IRQHandler
                0x1008034c                udb_interrupts_5_IRQHandler
                0x1008034c                srss_interrupt_IRQHandler
                0x1008034c                udb_interrupts_12_IRQHandler
                0x1008034c                scb_0_interrupt_IRQHandler
                0x1008034c                csd_interrupt_IRQHandler
                0x1008034c                udb_interrupts_1_IRQHandler
                0x1008034c                profile_interrupt_IRQHandler
                0x1008034c                tcpwm_1_interrupts_1_IRQHandler
                0x1008034c                cpuss_interrupts_ipc_12_IRQHandler
                0x1008034c                tcpwm_1_interrupts_3_IRQHandler
                0x1008034c                tcpwm_0_interrupts_7_IRQHandler
                0x1008034c                cpuss_interrupts_dw1_1_IRQHandler
                0x1008034c                cpuss_interrupts_dw1_0_IRQHandler
                0x1008034c                cpuss_interrupts_dw0_9_IRQHandler
                0x1008034c                lpcomp_interrupt_IRQHandler
                0x1008034c                tcpwm_1_interrupts_23_IRQHandler
                0x1008034c                udb_interrupts_4_IRQHandler
                0x1008034c                tcpwm_1_interrupts_20_IRQHandler
                0x1008034c                ioss_interrupt_gpio_IRQHandler
                0x1008034c                tcpwm_0_interrupts_1_IRQHandler
                0x1008034c                ioss_interrupts_gpio_8_IRQHandler
                0x1008034c                tcpwm_0_interrupts_6_IRQHandler
                0x1008034c                scb_7_interrupt_IRQHandler
                0x1008034c                tcpwm_1_interrupts_7_IRQHandler
                0x1008034c                cpuss_interrupts_ipc_11_IRQHandler
                0x1008034c                udb_interrupts_13_IRQHandler
                0x1008034c                cpuss_interrupts_dw0_15_IRQHandler
                0x1008034c                udb_interrupts_7_IRQHandler
                0x1008034c                cpuss_interrupts_dw1_6_IRQHandler
                0x1008034c                cpuss_interrupt_crypto_IRQHandler
                0x1008034c                scb_1_interrupt_IRQHandler
                0x1008034c                Default_Handler
                0x1008034c                usb_interrupt_hi_IRQHandler
                0x1008034c                tcpwm_1_interrupts_0_IRQHandler
                0x1008034c                udb_interrupts_9_IRQHandler
                0x1008034c                audioss_interrupt_pdm_IRQHandler
                0x1008034c                srss_interrupt_mcwdt_0_IRQHandler
                0x1008034c                scb_3_interrupt_IRQHandler
                0x1008034c                pass_interrupt_ctbs_IRQHandler
                0x1008034c                udb_interrupts_8_IRQHandler
                0x1008034c                ioss_interrupts_gpio_3_IRQHandler
                0x1008034c                scb_6_interrupt_IRQHandler
                0x1008034c                cpuss_interrupts_cm4_cti_0_IRQHandler
                0x1008034c                cpuss_interrupts_dw1_3_IRQHandler
                0x1008034c                pass_interrupt_sar_IRQHandler
                0x1008034c                ioss_interrupts_gpio_0_IRQHandler
                0x1008034c                ioss_interrupts_gpio_14_IRQHandler
                0x1008034c                tcpwm_0_interrupts_4_IRQHandler
                0x1008034c                udb_interrupts_3_IRQHandler
                0x1008034c                tcpwm_0_interrupts_5_IRQHandler
                0x1008034c                cpuss_interrupts_ipc_15_IRQHandler
                0x1008034c                cpuss_interrupts_cm4_cti_1_IRQHandler
                0x1008034c                scb_8_interrupt_IRQHandler
                0x1008034c                srss_interrupt_mcwdt_1_IRQHandler
                0x1008034c                cpuss_interrupts_dw1_2_IRQHandler
                0x1008034c                SVC_Handler
                0x1008034c                cpuss_interrupts_dw1_5_IRQHandler
                0x1008034c                cpuss_interrupts_ipc_1_IRQHandler
                0x1008034c                cpuss_interrupts_dw0_0_IRQHandler
                0x1008034c                ioss_interrupts_gpio_12_IRQHandler
                0x1008034c                cpuss_interrupts_ipc_3_IRQHandler
                0x1008034c                tcpwm_1_interrupts_17_IRQHandler
                0x1008034c                srss_interrupt_backup_IRQHandler
                0x1008034c                bless_interrupt_IRQHandler
                0x1008034c                cpuss_interrupts_ipc_10_IRQHandler
                0x1008034c                cpuss_interrupts_ipc_9_IRQHandler
                0x1008034c                cpuss_interrupts_dw0_14_IRQHandler
                0x1008034c                tcpwm_1_interrupts_4_IRQHandler
                0x1008034c                tcpwm_0_interrupts_3_IRQHandler
                0x1008034c                cpuss_interrupts_dw1_15_IRQHandler
                0x1008034c                ioss_interrupts_gpio_10_IRQHandler
                0x1008034c                udb_interrupts_10_IRQHandler
                0x1008034c                cpuss_interrupts_dw0_8_IRQHandler
                0x1008034c                ioss_interrupts_gpio_11_IRQHandler
                0x1008034c                cpuss_interrupts_ipc_14_IRQHandler
                0x1008034c                ioss_interrupts_gpio_5_IRQHandler
                0x1008034c                ioss_interrupts_gpio_4_IRQHandler
                0x1008034c                tcpwm_1_interrupts_8_IRQHandler
                0x1008034c                cpuss_interrupts_dw1_14_IRQHandler
                0x1008034c                usb_interrupt_med_IRQHandler
                0x1008034c                cpuss_interrupts_dw0_2_IRQHandler
                0x1008034c                tcpwm_1_interrupts_10_IRQHandler
                0x1008034c                cpuss_interrupts_fault_0_IRQHandler
                0x1008034c                cpuss_interrupts_dw0_12_IRQHandler
                0x1008034c                ioss_interrupts_gpio_6_IRQHandler
                0x1008034c                tcpwm_1_interrupts_21_IRQHandler
                0x1008034c                tcpwm_1_interrupts_16_IRQHandler
                0x1008034c                cpuss_interrupts_dw1_4_IRQHandler
                0x1008034c                udb_interrupts_15_IRQHandler
                0x1008034c                cpuss_interrupts_dw1_11_IRQHandler
                0x1008034c                cpuss_interrupts_dw0_6_IRQHandler
                0x1008034c                ioss_interrupt_vdd_IRQHandler
                0x1008034c                cpuss_interrupts_dw0_7_IRQHandler
                0x1008034c                audioss_interrupt_i2s_IRQHandler
                0x1008034c                tcpwm_1_interrupts_5_IRQHandler
                0x1008034c                cpuss_interrupts_ipc_2_IRQHandler
                0x1008034c                cpuss_interrupts_dw0_10_IRQHandler
                0x1008034c                tcpwm_1_interrupts_19_IRQHandler
                0x1008034c                cpuss_interrupts_dw0_1_IRQHandler
                0x1008034c                ioss_interrupts_gpio_9_IRQHandler
                0x1008034c                usb_interrupt_lo_IRQHandler
                0x1008034c                cpuss_interrupts_ipc_8_IRQHandler
                0x1008034c                udb_interrupts_14_IRQHandler
                0x1008034c                cpuss_interrupts_dw0_3_IRQHandler
                0x10080350                UsageFault_Handler
                0x10080350                HardFault_Handler
                0x10080350                MemManage_Handler
                0x10080350                BusFault_Handler
 .text.adc_handler
                0x1008036c       0xb0 .\CortexM4\ARM_GCC_541\Debug\main_cm4.o
                0x1008036c                adc_handler
 .text.UpdateDisplay
                0x1008041c       0x2c .\CortexM4\ARM_GCC_541\Debug\main_cm4.o
                0x1008041c                UpdateDisplay
 .text.drawGraph
                0x10080448       0x7c .\CortexM4\ARM_GCC_541\Debug\main_cm4.o
                0x10080448                drawGraph
 .text.updateParameters
                0x100804c4       0x2c .\CortexM4\ARM_GCC_541\Debug\main_cm4.o
                0x100804c4                updateParameters
 .text.traitementSignal
                0x100804f0      0x148 .\CortexM4\ARM_GCC_541\Debug\main_cm4.o
                0x100804f0                traitementSignal
 .text.main     0x10080638      0x104 .\CortexM4\ARM_GCC_541\Debug\main_cm4.o
                0x10080638                main
 .text.Cy_SysIpcPipeIsrCm4
                0x1008073c        0xc .\CortexM4\ARM_GCC_541\Debug\system_psoc6_cm4.o
                0x1008073c                Cy_SysIpcPipeIsrCm4
 .text.Cy_SystemInit
                0x10080748        0x4 .\CortexM4\ARM_GCC_541\Debug\system_psoc6_cm4.o
                0x10080748                Cy_SystemInit
 .text.SystemCoreClockUpdate
                0x1008074c      0x190 .\CortexM4\ARM_GCC_541\Debug\system_psoc6_cm4.o
                0x1008074c                SystemCoreClockUpdate
 .text.SystemInit
                0x100808dc       0x48 .\CortexM4\ARM_GCC_541\Debug\system_psoc6_cm4.o
                0x100808dc                SystemInit
 .text.Cy_SystemInitFpuEnable
                0x10080924       0x28 .\CortexM4\ARM_GCC_541\Debug\system_psoc6_cm4.o
                0x10080924                Cy_SystemInitFpuEnable
 .text.Pv_EINK_SendData
                0x1008094c       0x38 .\CortexM4\ARM_GCC_541\Debug\pervasive_eink_hardware_driver.o
                0x1008094c                Pv_EINK_SendData
 .text.Pv_EINK_SendByte
                0x10080984       0x18 .\CortexM4\ARM_GCC_541\Debug\pervasive_eink_hardware_driver.o
                0x10080984                Pv_EINK_SendByte
 .text.Pv_EINK_ReadByte
                0x1008099c       0x30 .\CortexM4\ARM_GCC_541\Debug\pervasive_eink_hardware_driver.o
                0x1008099c                Pv_EINK_ReadByte
 .text.Pv_EINK_Init
                0x100809cc       0x34 .\CortexM4\ARM_GCC_541\Debug\pervasive_eink_hardware_driver.o
                0x100809cc                Pv_EINK_Init
 .text.Pv_EINK_InitDriver
                0x10080a00      0x118 .\CortexM4\ARM_GCC_541\Debug\pervasive_eink_hardware_driver.o
                0x10080a00                Pv_EINK_InitDriver
 .text.Pv_EINK_SetTempFactor
                0x10080b18       0x58 .\CortexM4\ARM_GCC_541\Debug\pervasive_eink_hardware_driver.o
                0x10080b18                Pv_EINK_SetTempFactor
 .text.Pv_EINK_FullStageHandler
                0x10080b70      0x424 .\CortexM4\ARM_GCC_541\Debug\pervasive_eink_hardware_driver.o
                0x10080b70                Pv_EINK_FullStageHandler
 .text.Pv_EINK_PartialStageHandler
                0x10080f94      0x228 .\CortexM4\ARM_GCC_541\Debug\pervasive_eink_hardware_driver.o
                0x10080f94                Pv_EINK_PartialStageHandler
 .text.Pv_EINK_NothingFrame
                0x100811bc       0x5c .\CortexM4\ARM_GCC_541\Debug\pervasive_eink_hardware_driver.o
                0x100811bc                Pv_EINK_NothingFrame
 .text.Pv_EINK_DummyLine
                0x10081218       0x34 .\CortexM4\ARM_GCC_541\Debug\pervasive_eink_hardware_driver.o
                0x10081218                Pv_EINK_DummyLine
 .text.Pv_EINK_HardwarePowerOn
                0x1008124c       0x44 .\CortexM4\ARM_GCC_541\Debug\pervasive_eink_hardware_driver.o
                0x1008124c                Pv_EINK_HardwarePowerOn
 .text.Pv_EINK_HardwarePowerOff
                0x10081290       0xa8 .\CortexM4\ARM_GCC_541\Debug\pervasive_eink_hardware_driver.o
                0x10081290                Pv_EINK_HardwarePowerOff
 .text.Cy_EINK_Start
                0x10081338       0x10 .\CortexM4\ARM_GCC_541\Debug\cy_eink_library.o
                0x10081338                Cy_EINK_Start
 .text.Cy_EINK_Power
                0x10081348       0x18 .\CortexM4\ARM_GCC_541\Debug\cy_eink_library.o
                0x10081348                Cy_EINK_Power
 .text.Cy_EINK_ShowFrame
                0x10081360       0x54 .\CortexM4\ARM_GCC_541\Debug\cy_eink_library.o
                0x10081360                Cy_EINK_ShowFrame
 .text.Cy_EINK_TimerInit
                0x100813b4       0x14 .\CortexM4\ARM_GCC_541\Debug\cy_eink_psoc_interface.o
                0x100813b4                Cy_EINK_TimerInit
 .text.Cy_EINK_GetTimeTick
                0x100813c8        0xc .\CortexM4\ARM_GCC_541\Debug\cy_eink_psoc_interface.o
                0x100813c8                Cy_EINK_GetTimeTick
 .text.Cy_EINK_TimerStop
                0x100813d4        0xc .\CortexM4\ARM_GCC_541\Debug\cy_eink_psoc_interface.o
                0x100813d4                Cy_EINK_TimerStop
 .text.Cy_EINK_InitSPI
                0x100813e0       0x30 .\CortexM4\ARM_GCC_541\Debug\cy_eink_psoc_interface.o
                0x100813e0                Cy_EINK_InitSPI
 .text.Cy_EINK_AttachSPI
                0x10081410       0x1c .\CortexM4\ARM_GCC_541\Debug\cy_eink_psoc_interface.o
                0x10081410                Cy_EINK_AttachSPI
 .text.Cy_EINK_DetachSPI
                0x1008142c       0x14 .\CortexM4\ARM_GCC_541\Debug\cy_eink_psoc_interface.o
                0x1008142c                Cy_EINK_DetachSPI
 .text.Cy_EINK_WriteSPI
                0x10081440       0x60 .\CortexM4\ARM_GCC_541\Debug\cy_eink_psoc_interface.o
                0x10081440                Cy_EINK_WriteSPI
 .text.Cy_EINK_ReadSPI
                0x100814a0       0x68 .\CortexM4\ARM_GCC_541\Debug\cy_eink_psoc_interface.o
                0x100814a0                Cy_EINK_ReadSPI
 .text.Cy_EINK_WriteSPIBuffer
                0x10081508       0x84 .\CortexM4\ARM_GCC_541\Debug\cy_eink_psoc_interface.o
                0x10081508                Cy_EINK_WriteSPIBuffer
 .text.Cy_EINK_IsBusy
                0x1008158c       0x18 .\CortexM4\ARM_GCC_541\Debug\cy_eink_psoc_interface.o
                0x1008158c                Cy_EINK_IsBusy
 .text.GUI_X_Config
                0x100815a4       0x1c .\CortexM4\ARM_GCC_541\Debug\GUIConf.o
                0x100815a4                GUI_X_Config
 .text.GUI_X_Systick_Intr
                0x100815c0       0x10 .\CortexM4\ARM_GCC_541\Debug\GUI_X.o
                0x100815c0                GUI_X_Systick_Intr
 .text.GUI_X_Systick_Init
                0x100815d0       0x40 .\CortexM4\ARM_GCC_541\Debug\GUI_X.o
                0x100815d0                GUI_X_Systick_Init
 .text.GUI_X_Init
                0x10081610        0x8 .\CortexM4\ARM_GCC_541\Debug\GUI_X.o
                0x10081610                GUI_X_Init
 .text.LCD_X_Config
                0x10081618       0x70 .\CortexM4\ARM_GCC_541\Debug\LCDConf.o
                0x10081618                LCD_X_Config
 .text.LCD_X_DisplayDriver
                0x10081688       0x10 .\CortexM4\ARM_GCC_541\Debug\LCDConf.o
                0x10081688                LCD_X_DisplayDriver
 .text.LCD_GetDisplayBuffer
                0x10081698        0x8 .\CortexM4\ARM_GCC_541\Debug\LCDConf.o
                0x10081698                LCD_GetDisplayBuffer
 .text.CY_EINK_Timer_Start
                0x100816a0       0x30 .\CortexM4\ARM_GCC_541\Debug\CY_EINK_Timer.o
                0x100816a0                CY_EINK_Timer_Start
 .text.Cy_Flash_ProcessOpcode
                0x100816d0       0xac .\CortexM4\ARM_GCC_541\Debug\cy_flash.o
 .text.Cy_Flash_OperationStatus
                0x1008177c       0x5c .\CortexM4\ARM_GCC_541\Debug\cy_flash.o
 .text.Cy_Flash_InitExt
                0x100817d8       0x80 .\CortexM4\ARM_GCC_541\Debug\cy_flash.o
                0x100817d8                Cy_Flash_InitExt
 .text.Cy_Flash_Init
                0x10081858       0x10 .\CortexM4\ARM_GCC_541\Debug\cy_flash.o
                0x10081858                Cy_Flash_Init
 .text.Cy_IPC_Drv_LockRelease
                0x10081868       0x3c .\CortexM4\ARM_GCC_541\Debug\cy_ipc_drv.o
                0x10081868                Cy_IPC_Drv_LockRelease
 .text.Cy_IPC_Drv_SendMsgWord
                0x100818a4       0x3c .\CortexM4\ARM_GCC_541\Debug\cy_ipc_drv.o
                0x100818a4                Cy_IPC_Drv_SendMsgWord
 .text.Cy_IPC_Drv_ReadMsgWord
                0x100818e0       0x38 .\CortexM4\ARM_GCC_541\Debug\cy_ipc_drv.o
                0x100818e0                Cy_IPC_Drv_ReadMsgWord
 .text.Cy_IPC_Sema_InitExt
                0x10081918       0xac .\CortexM4\ARM_GCC_541\Debug\cy_ipc_sema.o
                0x10081918                Cy_IPC_Sema_InitExt
 .text.Cy_IPC_Sema_Init
                0x100819c4       0x64 .\CortexM4\ARM_GCC_541\Debug\cy_ipc_sema.o
                0x100819c4                Cy_IPC_Sema_Init
 .text.Cy_IPC_Sema_Clear
                0x10081a28       0x88 .\CortexM4\ARM_GCC_541\Debug\cy_ipc_sema.o
                0x10081a28                Cy_IPC_Sema_Clear
 .text.Cy_IPC_Sema_Status
                0x10081ab0       0x40 .\CortexM4\ARM_GCC_541\Debug\cy_ipc_sema.o
                0x10081ab0                Cy_IPC_Sema_Status
 .text.Cy_IPC_Pipe_Config
                0x10081af0       0x10 .\CortexM4\ARM_GCC_541\Debug\cy_ipc_pipe.o
                0x10081af0                Cy_IPC_Pipe_Config
 .text.Cy_IPC_Pipe_EndpointInit
                0x10081b00       0xd0 .\CortexM4\ARM_GCC_541\Debug\cy_ipc_pipe.o
                0x10081b00                Cy_IPC_Pipe_EndpointInit
 .text.Cy_IPC_Pipe_Init
                0x10081bd0       0xb4 .\CortexM4\ARM_GCC_541\Debug\cy_ipc_pipe.o
                0x10081bd0                Cy_IPC_Pipe_Init
 .text.Cy_IPC_Pipe_SendMessage
                0x10081c84       0xa4 .\CortexM4\ARM_GCC_541\Debug\cy_ipc_pipe.o
                0x10081c84                Cy_IPC_Pipe_SendMessage
 .text.Cy_IPC_Pipe_RegisterCallback
                0x10081d28       0x50 .\CortexM4\ARM_GCC_541\Debug\cy_ipc_pipe.o
                0x10081d28                Cy_IPC_Pipe_RegisterCallback
 .text.Cy_IPC_Pipe_ExecCallback
                0x10081d78       0xbc .\CortexM4\ARM_GCC_541\Debug\cy_ipc_pipe.o
                0x10081d78                Cy_IPC_Pipe_ExecCallback
 .text.Cy_IPC_Pipe_ExecuteCallback
                0x10081e34       0x2c .\CortexM4\ARM_GCC_541\Debug\cy_ipc_pipe.o
                0x10081e34                Cy_IPC_Pipe_ExecuteCallback
 .text.Cy_SCB_Write
                0x10081e60       0x28 .\CortexM4\ARM_GCC_541\Debug\cy_scb_common.o
                0x10081e60                Cy_SCB_Write
 .text.Cy_SCB_WriteArrayNoCheck
                0x10081e88       0x38 .\CortexM4\ARM_GCC_541\Debug\cy_scb_common.o
                0x10081e88                Cy_SCB_WriteArrayNoCheck
 .text.Cy_SCB_WriteArray
                0x10081ec0       0x2c .\CortexM4\ARM_GCC_541\Debug\cy_scb_common.o
                0x10081ec0                Cy_SCB_WriteArray
 .text.Cy_SCB_WriteArrayBlocking
                0x10081eec       0x30 .\CortexM4\ARM_GCC_541\Debug\cy_scb_common.o
                0x10081eec                Cy_SCB_WriteArrayBlocking
 .text.Cy_SCB_SPI_Init
                0x10081f1c      0x268 .\CortexM4\ARM_GCC_541\Debug\cy_scb_spi.o
                0x10081f1c                Cy_SCB_SPI_Init
 .text.Cy_SCB_SPI_Disable
                0x10082184       0x24 .\CortexM4\ARM_GCC_541\Debug\cy_scb_spi.o
                0x10082184                Cy_SCB_SPI_Disable
 .text.Cy_SysInt_SetVector
                0x100821a8       0x48 .\CortexM4\ARM_GCC_541\Debug\cy_sysint.o
                0x100821a8                Cy_SysInt_SetVector
 .text.Cy_SysInt_Init
                0x100821f0       0x74 .\CortexM4\ARM_GCC_541\Debug\cy_sysint.o
                0x100821f0                Cy_SysInt_Init
 .text.Cy_SysLib_Delay
                0x10082264       0x30 .\CortexM4\ARM_GCC_541\Debug\cy_syslib.o
                0x10082264                Cy_SysLib_Delay
 .text.Cy_SysLib_DelayUs
                0x10082294       0x14 .\CortexM4\ARM_GCC_541\Debug\cy_syslib.o
                0x10082294                Cy_SysLib_DelayUs
 .text.Cy_SysLib_Halt
                0x100822a8        0x4 .\CortexM4\ARM_GCC_541\Debug\cy_syslib.o
                0x100822a8                Cy_SysLib_Halt
 .text.Cy_SysLib_AssertFailed
                0x100822ac       0x1c .\CortexM4\ARM_GCC_541\Debug\cy_syslib.o
                0x100822ac                Cy_SysLib_AssertFailed
 .text.Cy_SysLib_ProcessingFault
                0x100822c8        0x4 .\CortexM4\ARM_GCC_541\Debug\cy_syslib.o
                0x100822c8                Cy_SysLib_ProcessingFault
 .text.Cy_SysLib_FaultHandler
                0x100822cc       0xa4 .\CortexM4\ARM_GCC_541\Debug\cy_syslib.o
                0x100822cc                Cy_SysLib_FaultHandler
 .text          0x10082370       0x20 .\CortexM4\ARM_GCC_541\Debug\cy_syslib_gcc.o
                0x10082370                Cy_SysLib_DelayCycles
                0x10082382                Cy_SysLib_EnterCriticalSection
                0x1008238a                Cy_SysLib_ExitCriticalSection
 .text.Cy_SysTick_ServiceCallbacks
                0x10082390       0x2c .\CortexM4\ARM_GCC_541\Debug\cy_systick.o
 .text.Cy_SysTick_Enable
                0x100823bc       0x18 .\CortexM4\ARM_GCC_541\Debug\cy_systick.o
                0x100823bc                Cy_SysTick_Enable
 .text.Cy_SysTick_SetClockSource
                0x100823d4       0x38 .\CortexM4\ARM_GCC_541\Debug\cy_systick.o
                0x100823d4                Cy_SysTick_SetClockSource
 .text.Cy_SysTick_Init
                0x1008240c       0x44 .\CortexM4\ARM_GCC_541\Debug\cy_systick.o
                0x1008240c                Cy_SysTick_Init
 .text.Cy_SysTick_SetCallback
                0x10082450       0x1c .\CortexM4\ARM_GCC_541\Debug\cy_systick.o
                0x10082450                Cy_SysTick_SetCallback
 .text.Cy_SysTick_GetCallback
                0x1008246c       0x14 .\CortexM4\ARM_GCC_541\Debug\cy_systick.o
                0x1008246c                Cy_SysTick_GetCallback
 .text.Cy_TCPWM_Counter_Init
                0x10082480      0x110 .\CortexM4\ARM_GCC_541\Debug\cy_tcpwm_counter.o
                0x10082480                Cy_TCPWM_Counter_Init
 .text.Cy_TCPWM_PWM_Init
                0x10082590      0x16c .\CortexM4\ARM_GCC_541\Debug\cy_tcpwm_pwm.o
                0x10082590                Cy_TCPWM_PWM_Init
 .text.Cy_PDL_Init
                0x100826fc        0xc .\CortexM4\ARM_GCC_541\Debug\cy_device.o
                0x100826fc                Cy_PDL_Init
 .text.Cy_SAR_Init
                0x10082708      0x200 .\CortexM4\ARM_GCC_541\Debug\cy_sar.o
                0x10082708                Cy_SAR_Init
 .text.Cy_SAR_DeInit
                0x10082908       0x70 .\CortexM4\ARM_GCC_541\Debug\cy_sar.o
                0x10082908                Cy_SAR_DeInit
 .text.Cy_SAR_Enable
                0x10082978       0x20 .\CortexM4\ARM_GCC_541\Debug\cy_sar.o
                0x10082978                Cy_SAR_Enable
 .text.Cy_SAR_StartConvert
                0x10082998       0x2c .\CortexM4\ARM_GCC_541\Debug\cy_sar.o
                0x10082998                Cy_SAR_StartConvert
 .text.Cy_SAR_IsChannelSingleEnded
                0x100829c4       0x34 .\CortexM4\ARM_GCC_541\Debug\cy_sar.o
                0x100829c4                Cy_SAR_IsChannelSingleEnded
 .text.Cy_SAR_IsChannelSigned
                0x100829f8       0x54 .\CortexM4\ARM_GCC_541\Debug\cy_sar.o
                0x100829f8                Cy_SAR_IsChannelSigned
 .text.Cy_SAR_GetResult16
                0x10082a4c       0x2c .\CortexM4\ARM_GCC_541\Debug\cy_sar.o
                0x10082a4c                Cy_SAR_GetResult16
 .text.Cy_SAR_RawCounts2Counts
                0x10082a78       0x80 .\CortexM4\ARM_GCC_541\Debug\cy_sar.o
                0x10082a78                Cy_SAR_RawCounts2Counts
 .text.Cy_SAR_CountsTo_mVolts
                0x10082af8       0x74 .\CortexM4\ARM_GCC_541\Debug\cy_sar.o
                0x10082af8                Cy_SAR_CountsTo_mVolts
 .text.ADC_InitConfig
                0x10082b6c       0x84 .\CortexM4\ARM_GCC_541\Debug\ADC.o
                0x10082b6c                ADC_InitConfig
 .text.ADC_StartConvert
                0x10082bf0       0x24 .\CortexM4\ARM_GCC_541\Debug\ADC.o
                0x10082bf0                ADC_StartConvert
 .text.ADC_Init
                0x10082c14       0x34 .\CortexM4\ARM_GCC_541\Debug\ADC.o
                0x10082c14                ADC_Init
 .text.ADC_Start
                0x10082c48       0x2c .\CortexM4\ARM_GCC_541\Debug\ADC.o
                0x10082c48                ADC_Start
 .text.ADC_ISR  0x10082c74       0x30 .\CortexM4\ARM_GCC_541\Debug\ADC_INT.o
                0x10082c74                ADC_ISR
 .text.PWM_Start
                0x10082ca4       0x30 .\CortexM4\ARM_GCC_541\Debug\PWM.o
                0x10082ca4                PWM_Start
 .text.GUI_DrawRect
                0x10082cd4       0x74 Generated_Source\PSoC6\pdl\middleware\emWin\libs\GCC\libemWin_nosnts_gcc.a(GUI_2DLib.o)
                0x10082cd4                GUI_DrawRect
 .text._PushFreeBlock
                0x10082d48       0x20 Generated_Source\PSoC6\pdl\middleware\emWin\libs\GCC\libemWin_nosnts_gcc.a(GUI_Alloc.o)
 .text._RemoveFreeBlock
                0x10082d68       0x44 Generated_Source\PSoC6\pdl\middleware\emWin\libs\GCC\libemWin_nosnts_gcc.a(GUI_Alloc.o)
 .text._AddFreeMemory
                0x10082dac       0xa8 Generated_Source\PSoC6\pdl\middleware\emWin\libs\GCC\libemWin_nosnts_gcc.a(GUI_Alloc.o)
 .text._RemoveHoles
                0x10082e54       0x94 Generated_Source\PSoC6\pdl\middleware\emWin\libs\GCC\libemWin_nosnts_gcc.a(GUI_Alloc.o)
 .text.GUI_ALLOC_FreeFixedBlock
                0x10082ee8       0x18 Generated_Source\PSoC6\pdl\middleware\emWin\libs\GCC\libemWin_nosnts_gcc.a(GUI_Alloc.o)
                0x10082ee8                GUI_ALLOC_FreeFixedBlock
 .text.GUI_ALLOC_h2p
                0x10082f00       0x14 Generated_Source\PSoC6\pdl\middleware\emWin\libs\GCC\libemWin_nosnts_gcc.a(GUI_Alloc.o)
                0x10082f00                GUI_ALLOC_h2p
 .text.GUI_ALLOC_LockH
                0x10082f14       0x20 Generated_Source\PSoC6\pdl\middleware\emWin\libs\GCC\libemWin_nosnts_gcc.a(GUI_Alloc.o)
                0x10082f14                GUI_ALLOC_LockH
 .text.GUI_ALLOC_UnlockH
                0x10082f34       0x30 Generated_Source\PSoC6\pdl\middleware\emWin\libs\GCC\libemWin_nosnts_gcc.a(GUI_Alloc.o)
                0x10082f34                GUI_ALLOC_UnlockH
 .text.GUI_ALLOC_AssignMemory
                0x10082f64       0x10 Generated_Source\PSoC6\pdl\middleware\emWin\libs\GCC\libemWin_nosnts_gcc.a(GUI_Alloc.o)
                0x10082f64                GUI_ALLOC_AssignMemory
 .text.GUI_ALLOC_Free
                0x10082f74       0x24 Generated_Source\PSoC6\pdl\middleware\emWin\libs\GCC\libemWin_nosnts_gcc.a(GUI_Alloc.o)
                0x10082f74                GUI_ALLOC_Free
 .text._EnlargeBlocks
                0x10082f98       0x98 Generated_Source\PSoC6\pdl\middleware\emWin\libs\GCC\libemWin_nosnts_gcc.a(GUI_Alloc.o)
 .text._InitOnce
                0x10083030       0x6c Generated_Source\PSoC6\pdl\middleware\emWin\libs\GCC\libemWin_nosnts_gcc.a(GUI_Alloc.o)
 .text.GUI_ALLOC_GetFixedBlock
                0x1008309c       0xb8 Generated_Source\PSoC6\pdl\middleware\emWin\libs\GCC\libemWin_nosnts_gcc.a(GUI_Alloc.o)
                0x1008309c                GUI_ALLOC_GetFixedBlock
 .text._Alloc   0x10083154      0x100 Generated_Source\PSoC6\pdl\middleware\emWin\libs\GCC\libemWin_nosnts_gcc.a(GUI_Alloc.o)
 .text.GUI_ALLOC_AllocNoInit
                0x10083254       0x12 Generated_Source\PSoC6\pdl\middleware\emWin\libs\GCC\libemWin_nosnts_gcc.a(GUI_Alloc.o)
                0x10083254                GUI_ALLOC_AllocNoInit
 *fill*         0x10083266        0x2 
 .text.GUI_ALLOC_AllocZero
                0x10083268       0x2c Generated_Source\PSoC6\pdl\middleware\emWin\libs\GCC\libemWin_nosnts_gcc.a(GUI_Alloc.o)
                0x10083268                GUI_ALLOC_AllocZero
 .text.GUIMONO_DispChar
                0x10083294      0x14c Generated_Source\PSoC6\pdl\middleware\emWin\libs\GCC\libemWin_nosnts_gcc.a(GUI_CharM.o)
                0x10083294                GUIMONO_DispChar
 .text.GUIMONO_GetCharDistX
                0x100833e0       0x18 Generated_Source\PSoC6\pdl\middleware\emWin\libs\GCC\libemWin_nosnts_gcc.a(GUI_CharM.o)
                0x100833e0                GUIMONO_GetCharDistX
 .text.GUIMONO_GetFontInfo
                0x100833f8        0x6 Generated_Source\PSoC6\pdl\middleware\emWin\libs\GCC\libemWin_nosnts_gcc.a(GUI_CharM.o)
                0x100833f8                GUIMONO_GetFontInfo
 .text.GUIMONO_IsInFont
                0x100833fe       0x36 Generated_Source\PSoC6\pdl\middleware\emWin\libs\GCC\libemWin_nosnts_gcc.a(GUI_CharM.o)
                0x100833fe                GUIMONO_IsInFont
 .text.GUIPROP__FindChar
                0x10083434       0x16 Generated_Source\PSoC6\pdl\middleware\emWin\libs\GCC\libemWin_nosnts_gcc.a(GUI_CharP.o)
                0x10083434                GUIPROP__FindChar
 *fill*         0x1008344a        0x2 
 .text.GUIPROP_DispChar
                0x1008344c       0xd4 Generated_Source\PSoC6\pdl\middleware\emWin\libs\GCC\libemWin_nosnts_gcc.a(GUI_CharP.o)
                0x1008344c                GUIPROP_DispChar
 .text.GUIPROP_GetCharDistX
                0x10083520       0x38 Generated_Source\PSoC6\pdl\middleware\emWin\libs\GCC\libemWin_nosnts_gcc.a(GUI_CharP.o)
                0x10083520                GUIPROP_GetCharDistX
 .text.GUIPROP_GetFontInfo
                0x10083558        0x6 Generated_Source\PSoC6\pdl\middleware\emWin\libs\GCC\libemWin_nosnts_gcc.a(GUI_CharP.o)
                0x10083558                GUIPROP_GetFontInfo
 .text.GUIPROP_IsInFont
                0x1008355e       0x10 Generated_Source\PSoC6\pdl\middleware\emWin\libs\GCC\libemWin_nosnts_gcc.a(GUI_CharP.o)
                0x1008355e                GUIPROP_IsInFont
 .text.GUI_CalcColorDist
                0x1008356e       0x54 Generated_Source\PSoC6\pdl\middleware\emWin\libs\GCC\libemWin_nosnts_gcc.a(GUI_Common.o)
                0x1008356e                GUI_CalcColorDist
 .text.GUI_GetBkColor
                0x100835c2        0xc Generated_Source\PSoC6\pdl\middleware\emWin\libs\GCC\libemWin_nosnts_gcc.a(GUI_Common.o)
                0x100835c2                GUI_GetBkColor
 .text.GUI_GetColor
                0x100835ce        0xc Generated_Source\PSoC6\pdl\middleware\emWin\libs\GCC\libemWin_nosnts_gcc.a(GUI_Common.o)
                0x100835ce                GUI_GetColor
 .text.GUI_MergeRect
                0x100835da       0x62 Generated_Source\PSoC6\pdl\middleware\emWin\libs\GCC\libemWin_nosnts_gcc.a(GUI_Common.o)
                0x100835da                GUI_MergeRect
 .text.GUI_MoveRect
                0x1008363c       0x22 Generated_Source\PSoC6\pdl\middleware\emWin\libs\GCC\libemWin_nosnts_gcc.a(GUI_Common.o)
                0x1008363c                GUI_MoveRect
 *fill*         0x1008365e        0x2 
 .text.GUI_GotoXY
                0x10083660       0x10 Generated_Source\PSoC6\pdl\middleware\emWin\libs\GCC\libemWin_nosnts_gcc.a(GUI_Common.o)
                0x10083660                GUI_GotoXY
 .text.GUI_SetPenSize
                0x10083670       0x10 Generated_Source\PSoC6\pdl\middleware\emWin\libs\GCC\libemWin_nosnts_gcc.a(GUI_Common.o)
                0x10083670                GUI_SetPenSize
 .text.GUI_RectsIntersect
                0x10083680       0x3c Generated_Source\PSoC6\pdl\middleware\emWin\libs\GCC\libemWin_nosnts_gcc.a(GUI_Common.o)
                0x10083680                GUI_RectsIntersect
 .text.GUI_SelectLCD
                0x100836bc       0x10 Generated_Source\PSoC6\pdl\middleware\emWin\libs\GCC\libemWin_nosnts_gcc.a(GUI_Common.o)
                0x100836bc                GUI_SelectLCD
 .text.GUI_SetBkColor
                0x100836cc        0x8 Generated_Source\PSoC6\pdl\middleware\emWin\libs\GCC\libemWin_nosnts_gcc.a(GUI_Common.o)
                0x100836cc                GUI_SetBkColor
 .text.GUI_SetColor
                0x100836d4        0x8 Generated_Source\PSoC6\pdl\middleware\emWin\libs\GCC\libemWin_nosnts_gcc.a(GUI_Common.o)
                0x100836d4                GUI_SetColor
 .text.GUI_SetFont
                0x100836dc       0x14 Generated_Source\PSoC6\pdl\middleware\emWin\libs\GCC\libemWin_nosnts_gcc.a(GUI_Common.o)
                0x100836dc                GUI_SetFont
 .text.GUI_SetOrg
                0x100836f0       0x34 Generated_Source\PSoC6\pdl\middleware\emWin\libs\GCC\libemWin_nosnts_gcc.a(GUI_Common.o)
                0x100836f0                GUI_SetOrg
 .text.GUI_SetTextAlign
                0x10083724       0x14 Generated_Source\PSoC6\pdl\middleware\emWin\libs\GCC\libemWin_nosnts_gcc.a(GUI_Common.o)
                0x10083724                GUI_SetTextAlign
 .text._OnExit  0x10083738       0x44 Generated_Source\PSoC6\pdl\middleware\emWin\libs\GCC\libemWin_nosnts_gcc.a(GUI_Core.o)
 .text.GUI_SetDefaultFont
                0x1008377c        0xc Generated_Source\PSoC6\pdl\middleware\emWin\libs\GCC\libemWin_nosnts_gcc.a(GUI_Core.o)
                0x1008377c                GUI_SetDefaultFont
 .text.GUI_ClearRect
                0x10083788       0x5c Generated_Source\PSoC6\pdl\middleware\emWin\libs\GCC\libemWin_nosnts_gcc.a(GUI_Core.o)
                0x10083788                GUI_ClearRect
 .text.GUI_Clear
                0x100837e4       0x20 Generated_Source\PSoC6\pdl\middleware\emWin\libs\GCC\libemWin_nosnts_gcc.a(GUI_Core.o)
                0x100837e4                GUI_Clear
 .text.GUI__RegisterExit
                0x10083804       0x10 Generated_Source\PSoC6\pdl\middleware\emWin\libs\GCC\libemWin_nosnts_gcc.a(GUI_Core.o)
                0x10083804                GUI__RegisterExit
 .text.GUI__Config
                0x10083814       0x30 Generated_Source\PSoC6\pdl\middleware\emWin\libs\GCC\libemWin_nosnts_gcc.a(GUI_Core.o)
                0x10083814                GUI__Config
 .text.GUI_Init
                0x10083844       0xf8 Generated_Source\PSoC6\pdl\middleware\emWin\libs\GCC\libemWin_nosnts_gcc.a(GUI_Core.o)
                0x10083844                GUI_Init
 .text.GUI_DEVICE__GetpDriver
                0x1008393c       0x24 Generated_Source\PSoC6\pdl\middleware\emWin\libs\GCC\libemWin_nosnts_gcc.a(GUI_Device.o)
                0x1008393c                GUI_DEVICE__GetpDriver
 .text.GUI_DEVICE_Delete
                0x10083960        0x8 Generated_Source\PSoC6\pdl\middleware\emWin\libs\GCC\libemWin_nosnts_gcc.a(GUI_Device.o)
                0x10083960                GUI_DEVICE_Delete
 .text.GUI_DEVICE_Create
                0x10083968       0x50 Generated_Source\PSoC6\pdl\middleware\emWin\libs\GCC\libemWin_nosnts_gcc.a(GUI_Device.o)
                0x10083968                GUI_DEVICE_Create
 .text.GUI_DEVICE_Unlink
                0x100839b8       0x38 Generated_Source\PSoC6\pdl\middleware\emWin\libs\GCC\libemWin_nosnts_gcc.a(GUI_Device.o)
                0x100839b8                GUI_DEVICE_Unlink
 .text.GUI_DEVICE_Link
                0x100839f0       0x8c Generated_Source\PSoC6\pdl\middleware\emWin\libs\GCC\libemWin_nosnts_gcc.a(GUI_Device.o)
                0x100839f0                GUI_DEVICE_Link
 .text.GUI_DEVICE_CreateAndLink
                0x10083a7c       0x2c Generated_Source\PSoC6\pdl\middleware\emWin\libs\GCC\libemWin_nosnts_gcc.a(GUI_Device.o)
                0x10083a7c                GUI_DEVICE_CreateAndLink
 .text.GUI_DispString
                0x10083aa8      0x110 Generated_Source\PSoC6\pdl\middleware\emWin\libs\GCC\libemWin_nosnts_gcc.a(GUI_DispString.o)
                0x10083aa8                GUI_DispString
 .text.GUI_DispStringAt
                0x10083bb8       0x14 Generated_Source\PSoC6\pdl\middleware\emWin\libs\GCC\libemWin_nosnts_gcc.a(GUI_DispString.o)
                0x10083bb8                GUI_DispStringAt
 .text.GUI_DispStringHCenterAt
                0x10083bcc       0x30 Generated_Source\PSoC6\pdl\middleware\emWin\libs\GCC\libemWin_nosnts_gcc.a(GUI_DispString.o)
                0x10083bcc                GUI_DispStringHCenterAt
 .text._SetLineColor
                0x10083bfc       0x8c Generated_Source\PSoC6\pdl\middleware\emWin\libs\GCC\libemWin_nosnts_gcc.a(GUI_DrawLine.o)
 .text.GUI_sin  0x10083c88       0x5c Generated_Source\PSoC6\pdl\middleware\emWin\libs\GCC\libemWin_nosnts_gcc.a(GUI_DrawLine.o)
                0x10083c88                GUI_sin
 .text.GUI_cos  0x10083ce4        0xe Generated_Source\PSoC6\pdl\middleware\emWin\libs\GCC\libemWin_nosnts_gcc.a(GUI_DrawLine.o)
                0x10083ce4                GUI_cos
 *fill*         0x10083cf2        0x2 
 .text.GL_DrawLine1Ex
                0x10083cf4      0x1a8 Generated_Source\PSoC6\pdl\middleware\emWin\libs\GCC\libemWin_nosnts_gcc.a(GUI_DrawLine.o)
                0x10083cf4                GL_DrawLine1Ex
 .text.GL_DrawLineEx
                0x10083e9c      0x19c Generated_Source\PSoC6\pdl\middleware\emWin\libs\GCC\libemWin_nosnts_gcc.a(GUI_DrawLine.o)
                0x10083e9c                GL_DrawLineEx
 .text.GL_DrawLine
                0x10084038       0x10 Generated_Source\PSoC6\pdl\middleware\emWin\libs\GCC\libemWin_nosnts_gcc.a(GUI_DrawLine.o)
                0x10084038                GL_DrawLine
 .text.GUI_DrawLine
                0x10084048       0x38 Generated_Source\PSoC6\pdl\middleware\emWin\libs\GCC\libemWin_nosnts_gcc.a(GUI_DrawLine.o)
                0x10084048                GUI_DrawLine
 .text._Add     0x10084080       0x4c Generated_Source\PSoC6\pdl\middleware\emWin\libs\GCC\libemWin_nosnts_gcc.a(GUI_FillPolygon.o)
 .text.GL_FillPolygon
                0x100840cc      0x1d4 Generated_Source\PSoC6\pdl\middleware\emWin\libs\GCC\libemWin_nosnts_gcc.a(GUI_FillPolygon.o)
                0x100840cc                GL_FillPolygon
 .text.GUI_StoreKey
                0x100842a0       0x18 Generated_Source\PSoC6\pdl\middleware\emWin\libs\GCC\libemWin_nosnts_gcc.a(GUI_OnKey.o)
                0x100842a0                GUI_StoreKey
 .text.GUI_UC__GetCharCodeInc
                0x100842b8       0x28 Generated_Source\PSoC6\pdl\middleware\emWin\libs\GCC\libemWin_nosnts_gcc.a(GUI_UC.o)
                0x100842b8                GUI_UC__GetCharCodeInc
 .text.GUI_UC__NumChars2NumBytes
                0x100842e0       0x28 Generated_Source\PSoC6\pdl\middleware\emWin\libs\GCC\libemWin_nosnts_gcc.a(GUI_UC.o)
                0x100842e0                GUI_UC__NumChars2NumBytes
 .text._GetCharCode
                0x10084308        0x4 Generated_Source\PSoC6\pdl\middleware\emWin\libs\GCC\libemWin_nosnts_gcc.a(GUI_UC_EncodeNone.o)
 .text._GetCharSize
                0x1008430c        0x4 Generated_Source\PSoC6\pdl\middleware\emWin\libs\GCC\libemWin_nosnts_gcc.a(GUI_UC_EncodeNone.o)
 .text._CalcSizeOfChar
                0x10084310        0x4 Generated_Source\PSoC6\pdl\middleware\emWin\libs\GCC\libemWin_nosnts_gcc.a(GUI_UC_EncodeNone.o)
 .text._Encode  0x10084314        0x6 Generated_Source\PSoC6\pdl\middleware\emWin\libs\GCC\libemWin_nosnts_gcc.a(GUI_UC_EncodeNone.o)
 *fill*         0x1008431a        0x2 
 .text.GUI_SignalEvent
                0x1008431c       0x14 Generated_Source\PSoC6\pdl\middleware\emWin\libs\GCC\libemWin_nosnts_gcc.a(GUI_WaitEvent.o)
                0x1008431c                GUI_SignalEvent
 .text.LCD_Color2Index_1
                0x10084330       0x28 Generated_Source\PSoC6\pdl\middleware\emWin\libs\GCC\libemWin_nosnts_gcc.a(GUICC_1.o)
 .text._Index2Color_1
                0x10084358        0xc Generated_Source\PSoC6\pdl\middleware\emWin\libs\GCC\libemWin_nosnts_gcc.a(GUICC_1.o)
 .text._GetIndexMask_1
                0x10084364        0x4 Generated_Source\PSoC6\pdl\middleware\emWin\libs\GCC\libemWin_nosnts_gcc.a(GUICC_1.o)
 .text._SetPixelIndex
                0x10084368       0x80 Generated_Source\PSoC6\pdl\middleware\emWin\libs\GCC\libemWin_nosnts_gcc.a(GUIDRV_BitPlains.o)
 .text._GetPixelIndex
                0x100843e8       0x5c Generated_Source\PSoC6\pdl\middleware\emWin\libs\GCC\libemWin_nosnts_gcc.a(GUIDRV_BitPlains.o)
 .text._XorPixel
                0x10084444       0x24 Generated_Source\PSoC6\pdl\middleware\emWin\libs\GCC\libemWin_nosnts_gcc.a(GUIDRV_BitPlains.o)
 .text._DrawHLine
                0x10084468      0x2b0 Generated_Source\PSoC6\pdl\middleware\emWin\libs\GCC\libemWin_nosnts_gcc.a(GUIDRV_BitPlains.o)
 .text._FillRect
                0x10084718       0x22 Generated_Source\PSoC6\pdl\middleware\emWin\libs\GCC\libemWin_nosnts_gcc.a(GUIDRV_BitPlains.o)
 .text._GetRect
                0x1008473a       0x16 Generated_Source\PSoC6\pdl\middleware\emWin\libs\GCC\libemWin_nosnts_gcc.a(GUIDRV_BitPlains.o)
 .text._GetDevProp
                0x10084750       0x46 Generated_Source\PSoC6\pdl\middleware\emWin\libs\GCC\libemWin_nosnts_gcc.a(GUIDRV_BitPlains.o)
 *fill*         0x10084796        0x2 
 .text._GetDevFunc
                0x10084798       0x14 Generated_Source\PSoC6\pdl\middleware\emWin\libs\GCC\libemWin_nosnts_gcc.a(GUIDRV_BitPlains.o)
 .text._GetDevData
                0x100847ac       0x38 Generated_Source\PSoC6\pdl\middleware\emWin\libs\GCC\libemWin_nosnts_gcc.a(GUIDRV_BitPlains.o)
 .text._Off     0x100847e4        0xe Generated_Source\PSoC6\pdl\middleware\emWin\libs\GCC\libemWin_nosnts_gcc.a(GUIDRV_BitPlains.o)
 .text._On      0x100847f2        0xe Generated_Source\PSoC6\pdl\middleware\emWin\libs\GCC\libemWin_nosnts_gcc.a(GUIDRV_BitPlains.o)
 .text._SetOrg  0x10084800       0x22 Generated_Source\PSoC6\pdl\middleware\emWin\libs\GCC\libemWin_nosnts_gcc.a(GUIDRV_BitPlains.o)
 *fill*         0x10084822        0x2 
 .text._DrawVLine
                0x10084824       0x48 Generated_Source\PSoC6\pdl\middleware\emWin\libs\GCC\libemWin_nosnts_gcc.a(GUIDRV_BitPlains.o)
 .text._DrawBitmap
                0x1008486c      0x8d8 Generated_Source\PSoC6\pdl\middleware\emWin\libs\GCC\libemWin_nosnts_gcc.a(GUIDRV_BitPlains.o)
 .text._InitOnce.isra.2
                0x10085144       0x2c Generated_Source\PSoC6\pdl\middleware\emWin\libs\GCC\libemWin_nosnts_gcc.a(GUIDRV_BitPlains.o)
 .text._Init    0x10085170       0x1a Generated_Source\PSoC6\pdl\middleware\emWin\libs\GCC\libemWin_nosnts_gcc.a(GUIDRV_BitPlains.o)
 .text._SetSize
                0x1008518a       0x3c Generated_Source\PSoC6\pdl\middleware\emWin\libs\GCC\libemWin_nosnts_gcc.a(GUIDRV_BitPlains.o)
 .text._SetVSize
                0x100851c6       0x1c Generated_Source\PSoC6\pdl\middleware\emWin\libs\GCC\libemWin_nosnts_gcc.a(GUIDRV_BitPlains.o)
 .text._SetVRAMAddr
                0x100851e2       0x40 Generated_Source\PSoC6\pdl\middleware\emWin\libs\GCC\libemWin_nosnts_gcc.a(GUIDRV_BitPlains.o)
 .text.GUIDRV_BitPlains_Config
                0x10085222       0x18 Generated_Source\PSoC6\pdl\middleware\emWin\libs\GCC\libemWin_nosnts_gcc.a(GUIDRV_BitPlains.o)
                0x10085222                GUIDRV_BitPlains_Config
 *fill*         0x1008523a        0x2 
 .text._SetDrawMode
                0x1008523c       0x28 Generated_Source\PSoC6\pdl\middleware\emWin\libs\GCC\libemWin_nosnts_gcc.a(LCD.o)
 .text.LCD_SetDrawMode
                0x10085264       0x10 Generated_Source\PSoC6\pdl\middleware\emWin\libs\GCC\libemWin_nosnts_gcc.a(LCD.o)
                0x10085264                LCD_SetDrawMode
 .text.LCD_DrawPixel
                0x10085274       0x5c Generated_Source\PSoC6\pdl\middleware\emWin\libs\GCC\libemWin_nosnts_gcc.a(LCD.o)
                0x10085274                LCD_DrawPixel
 .text.LCD_DrawHLine
                0x100852d0       0x4c Generated_Source\PSoC6\pdl\middleware\emWin\libs\GCC\libemWin_nosnts_gcc.a(LCD.o)
                0x100852d0                LCD_DrawHLine
 .text.LCD_DrawVLine
                0x1008531c       0x4c Generated_Source\PSoC6\pdl\middleware\emWin\libs\GCC\libemWin_nosnts_gcc.a(LCD.o)
                0x1008531c                LCD_DrawVLine
 .text.LCD_FillRect
                0x10085368       0x54 Generated_Source\PSoC6\pdl\middleware\emWin\libs\GCC\libemWin_nosnts_gcc.a(LCD.o)
                0x10085368                LCD_FillRect
 .text.LCD__DrawBitmap_1bpp
                0x100853bc      0x1cc Generated_Source\PSoC6\pdl\middleware\emWin\libs\GCC\libemWin_nosnts_gcc.a(LCD.o)
                0x100853bc                LCD__DrawBitmap_1bpp
 .text.LCD_DrawBitmap
                0x10085588      0x20c Generated_Source\PSoC6\pdl\middleware\emWin\libs\GCC\libemWin_nosnts_gcc.a(LCD.o)
                0x10085588                LCD_DrawBitmap
 .text.LCD_SetClipRectMax
                0x10085794       0x20 Generated_Source\PSoC6\pdl\middleware\emWin\libs\GCC\libemWin_nosnts_gcc.a(LCD.o)
                0x10085794                LCD_SetClipRectMax
 .text.LCD_Init
                0x100857b4       0x94 Generated_Source\PSoC6\pdl\middleware\emWin\libs\GCC\libemWin_nosnts_gcc.a(LCD.o)
                0x100857b4                LCD_Init
 .text.LCD_Color2Index
                0x10085848       0x20 Generated_Source\PSoC6\pdl\middleware\emWin\libs\GCC\libemWin_nosnts_gcc.a(LCD.o)
                0x10085848                LCD_Color2Index
 .text.LCD_Index2Color
                0x10085868       0x20 Generated_Source\PSoC6\pdl\middleware\emWin\libs\GCC\libemWin_nosnts_gcc.a(LCD.o)
                0x10085868                LCD_Index2Color
 .text.LCD_SetColorIndex
                0x10085888       0x18 Generated_Source\PSoC6\pdl\middleware\emWin\libs\GCC\libemWin_nosnts_gcc.a(LCD.o)
                0x10085888                LCD_SetColorIndex
 .text._SetColor
                0x100858a0       0x1c Generated_Source\PSoC6\pdl\middleware\emWin\libs\GCC\libemWin_nosnts_gcc.a(LCD.o)
 .text.LCD_SetBkColorIndex
                0x100858bc       0x18 Generated_Source\PSoC6\pdl\middleware\emWin\libs\GCC\libemWin_nosnts_gcc.a(LCD.o)
                0x100858bc                LCD_SetBkColorIndex
 .text._SetBkColor
                0x100858d4       0x1c Generated_Source\PSoC6\pdl\middleware\emWin\libs\GCC\libemWin_nosnts_gcc.a(LCD.o)
 .text.LCD_SetBkColor
                0x100858f0       0x10 Generated_Source\PSoC6\pdl\middleware\emWin\libs\GCC\libemWin_nosnts_gcc.a(LCD.o)
                0x100858f0                LCD_SetBkColor
 .text.LCD_SetColor
                0x10085900       0x10 Generated_Source\PSoC6\pdl\middleware\emWin\libs\GCC\libemWin_nosnts_gcc.a(LCD.o)
                0x10085900                LCD_SetColor
 .text._OnExit  0x10085910       0x1c Generated_Source\PSoC6\pdl\middleware\emWin\libs\GCC\libemWin_nosnts_gcc.a(LCD_Color.o)
 .text.LCD_InitColors
                0x1008592c       0x40 Generated_Source\PSoC6\pdl\middleware\emWin\libs\GCC\libemWin_nosnts_gcc.a(LCD_Color.o)
                0x1008592c                LCD_InitColors
 .text.LCD_GetpPalConvTableUncached
                0x1008596c       0x68 Generated_Source\PSoC6\pdl\middleware\emWin\libs\GCC\libemWin_nosnts_gcc.a(LCD_Color.o)
                0x1008596c                LCD_GetpPalConvTableUncached
 .text.LCD_GetpPalConvTableBM
                0x100859d4        0x8 Generated_Source\PSoC6\pdl\middleware\emWin\libs\GCC\libemWin_nosnts_gcc.a(LCD_Color.o)
                0x100859d4                LCD_GetpPalConvTableBM
 .text.LCD_InitLUT
                0x100859dc       0x7c Generated_Source\PSoC6\pdl\middleware\emWin\libs\GCC\libemWin_nosnts_gcc.a(LCD_Color.o)
                0x100859dc                LCD_InitLUT
 .text.LCD_GetBkColorIndex
                0x10085a58       0x10 Generated_Source\PSoC6\pdl\middleware\emWin\libs\GCC\libemWin_nosnts_gcc.a(LCD_GetColorIndex.o)
                0x10085a58                LCD_GetBkColorIndex
 .text.LCD_GetColorIndex
                0x10085a68       0x10 Generated_Source\PSoC6\pdl\middleware\emWin\libs\GCC\libemWin_nosnts_gcc.a(LCD_GetColorIndex.o)
                0x10085a68                LCD_GetColorIndex
 .text._GetDevProp.part.0
                0x10085a78       0x16 Generated_Source\PSoC6\pdl\middleware\emWin\libs\GCC\libemWin_nosnts_gcc.a(LCD_GetEx.o)
 .text._GetDevProp
                0x10085a8e       0x12 Generated_Source\PSoC6\pdl\middleware\emWin\libs\GCC\libemWin_nosnts_gcc.a(LCD_GetEx.o)
 .text._GetMaxValue
                0x10085aa0       0x12 Generated_Source\PSoC6\pdl\middleware\emWin\libs\GCC\libemWin_nosnts_gcc.a(LCD_GetEx.o)
 .text.LCD_GetBitsPerPixelEx
                0x10085ab2        0xa Generated_Source\PSoC6\pdl\middleware\emWin\libs\GCC\libemWin_nosnts_gcc.a(LCD_GetEx.o)
                0x10085ab2                LCD_GetBitsPerPixelEx
 .text.LCD_GetNumColorsEx
                0x10085abc        0xa Generated_Source\PSoC6\pdl\middleware\emWin\libs\GCC\libemWin_nosnts_gcc.a(LCD_GetEx.o)
                0x10085abc                LCD_GetNumColorsEx
 .text.LCD_GetSwapXYEx
                0x10085ac6        0xa Generated_Source\PSoC6\pdl\middleware\emWin\libs\GCC\libemWin_nosnts_gcc.a(LCD_GetEx.o)
                0x10085ac6                LCD_GetSwapXYEx
 .text.LCD_GetNumColors
                0x10085ad0       0x14 Generated_Source\PSoC6\pdl\middleware\emWin\libs\GCC\libemWin_nosnts_gcc.a(LCD_GetEx.o)
                0x10085ad0                LCD_GetNumColors
 .text.LCD_GetSwapXY
                0x10085ae4       0x14 Generated_Source\PSoC6\pdl\middleware\emWin\libs\GCC\libemWin_nosnts_gcc.a(LCD_GetEx.o)
                0x10085ae4                LCD_GetSwapXY
 .text.GUI_GetBitsPerPixelEx
                0x10085af8       0x18 Generated_Source\PSoC6\pdl\middleware\emWin\libs\GCC\libemWin_nosnts_gcc.a(LCD_GetEx.o)
                0x10085af8                GUI_GetBitsPerPixelEx
 .text.LCD_GetPaletteEx
                0x10085b10       0x14 Generated_Source\PSoC6\pdl\middleware\emWin\libs\GCC\libemWin_nosnts_gcc.a(LCD_GetEx.o)
                0x10085b10                LCD_GetPaletteEx
 .text.LCD_GetPalette
                0x10085b24       0x14 Generated_Source\PSoC6\pdl\middleware\emWin\libs\GCC\libemWin_nosnts_gcc.a(LCD_GetEx.o)
                0x10085b24                LCD_GetPalette
 .text.GUI_GetpfIndex2ColorEx
                0x10085b38       0x10 Generated_Source\PSoC6\pdl\middleware\emWin\libs\GCC\libemWin_nosnts_gcc.a(LCD_GetEx.o)
                0x10085b38                GUI_GetpfIndex2ColorEx
 .text.GUI_GetpfColor2IndexEx
                0x10085b48       0x10 Generated_Source\PSoC6\pdl\middleware\emWin\libs\GCC\libemWin_nosnts_gcc.a(LCD_GetEx.o)
                0x10085b48                GUI_GetpfColor2IndexEx
 .text.LCD_GetXSizeMax
                0x10085b58        0xa Generated_Source\PSoC6\pdl\middleware\emWin\libs\GCC\libemWin_nosnts_gcc.a(LCD_GetEx.o)
                0x10085b58                LCD_GetXSizeMax
 .text.LCD_GetYSizeMax
                0x10085b62        0xa Generated_Source\PSoC6\pdl\middleware\emWin\libs\GCC\libemWin_nosnts_gcc.a(LCD_GetEx.o)
                0x10085b62                LCD_GetYSizeMax
 .text.LCD_SetDisplaySize
                0x10085b6c        0xc Generated_Source\PSoC6\pdl\middleware\emWin\libs\GCC\libemWin_nosnts_gcc.a(LCD_GetEx.o)
                0x10085b6c                LCD_SetDisplaySize
 .text.LCD_GetXSizeDisplay
                0x10085b78        0xc Generated_Source\PSoC6\pdl\middleware\emWin\libs\GCC\libemWin_nosnts_gcc.a(LCD_GetEx.o)
                0x10085b78                LCD_GetXSizeDisplay
 .text.LCD_GetYSizeDisplay
                0x10085b84        0xc Generated_Source\PSoC6\pdl\middleware\emWin\libs\GCC\libemWin_nosnts_gcc.a(LCD_GetEx.o)
                0x10085b84                LCD_GetYSizeDisplay
 .text.LCD__GetBPP
                0x10085b90       0x72 Generated_Source\PSoC6\pdl\middleware\emWin\libs\GCC\libemWin_nosnts_gcc.a(LCD_GetEx.o)
                0x10085b90                LCD__GetBPP
 .text.LCD__GetBPPDevice
                0x10085c02       0x2a Generated_Source\PSoC6\pdl\middleware\emWin\libs\GCC\libemWin_nosnts_gcc.a(LCD_GetEx.o)
                0x10085c02                LCD__GetBPPDevice
 .text.LCD_GetNumLayers
                0x10085c2c        0xe Generated_Source\PSoC6\pdl\middleware\emWin\libs\GCC\libemWin_nosnts_gcc.a(LCD_GetNumDisplays.o)
                0x10085c2c                LCD_GetNumLayers
 *fill*         0x10085c3a        0x2 
 .text.LCD_SelectLCD
                0x10085c3c       0x44 Generated_Source\PSoC6\pdl\middleware\emWin\libs\GCC\libemWin_nosnts_gcc.a(LCD_SelectLCD.o)
                0x10085c3c                LCD_SelectLCD
 .text.LCD_SetLUTEntryEx
                0x10085c80       0x2e Generated_Source\PSoC6\pdl\middleware\emWin\libs\GCC\libemWin_nosnts_gcc.a(LCD_Set.o)
                0x10085c80                LCD_SetLUTEntryEx
 .text.LCD_SetSizeEx
                0x10085cae       0x2e Generated_Source\PSoC6\pdl\middleware\emWin\libs\GCC\libemWin_nosnts_gcc.a(LCD_Set.o)
                0x10085cae                LCD_SetSizeEx
 .text.LCD_SetVRAMAddrEx
                0x10085cdc       0x2a Generated_Source\PSoC6\pdl\middleware\emWin\libs\GCC\libemWin_nosnts_gcc.a(LCD_Set.o)
                0x10085cdc                LCD_SetVRAMAddrEx
 .text.LCD_SetVSizeEx
                0x10085d06       0x2e Generated_Source\PSoC6\pdl\middleware\emWin\libs\GCC\libemWin_nosnts_gcc.a(LCD_Set.o)
                0x10085d06                LCD_SetVSizeEx
 .text.LCD_UpdateColorIndices
                0x10085d34       0x24 Generated_Source\PSoC6\pdl\middleware\emWin\libs\GCC\libemWin_nosnts_gcc.a(LCD_UpdateColorIndices.o)
                0x10085d34                LCD_UpdateColorIndices
 .text._OnExit  0x10085d58       0x88 Generated_Source\PSoC6\pdl\middleware\emWin\libs\GCC\libemWin_nosnts_gcc.a(WM.o)
 .text._Findy1  0x10085de0       0xb4 Generated_Source\PSoC6\pdl\middleware\emWin\libs\GCC\libemWin_nosnts_gcc.a(WM.o)
 .text._Findx0  0x10085e94       0x8a Generated_Source\PSoC6\pdl\middleware\emWin\libs\GCC\libemWin_nosnts_gcc.a(WM.o)
 .text._Findx1  0x10085f1e       0x7c Generated_Source\PSoC6\pdl\middleware\emWin\libs\GCC\libemWin_nosnts_gcc.a(WM.o)
 *fill*         0x10085f9a        0x2 
 .text.WM__ClipAtParentBorders
                0x10085f9c       0x54 Generated_Source\PSoC6\pdl\middleware\emWin\libs\GCC\libemWin_nosnts_gcc.a(WM.o)
                0x10085f9c                WM__ClipAtParentBorders
 .text.WM__InsertWindowIntoList
                0x10085ff0       0xaa Generated_Source\PSoC6\pdl\middleware\emWin\libs\GCC\libemWin_nosnts_gcc.a(WM.o)
                0x10085ff0                WM__InsertWindowIntoList
 .text.WM__Client2Screen
                0x1008609a       0x14 Generated_Source\PSoC6\pdl\middleware\emWin\libs\GCC\libemWin_nosnts_gcc.a(WM.o)
                0x1008609a                WM__Client2Screen
 *fill*         0x100860ae        0x2 
 .text._SetClipRectUserIntersect
                0x100860b0       0x50 Generated_Source\PSoC6\pdl\middleware\emWin\libs\GCC\libemWin_nosnts_gcc.a(WM.o)
 .text.WM__ActivateClipRect
                0x10086100       0x50 Generated_Source\PSoC6\pdl\middleware\emWin\libs\GCC\libemWin_nosnts_gcc.a(WM.o)
                0x10086100                WM__ActivateClipRect
 .text.WM__InvalidateDrawAndDescs
                0x10086150       0x54 Generated_Source\PSoC6\pdl\middleware\emWin\libs\GCC\libemWin_nosnts_gcc.a(WM.o)
                0x10086150                WM__InvalidateDrawAndDescs
 .text.WM__RectIsNZ
                0x100861a4       0x22 Generated_Source\PSoC6\pdl\middleware\emWin\libs\GCC\libemWin_nosnts_gcc.a(WM.o)
                0x100861a4                WM__RectIsNZ
 *fill*         0x100861c6        0x2 
 .text._Invalidate1Abs
                0x100861c8       0x88 Generated_Source\PSoC6\pdl\middleware\emWin\libs\GCC\libemWin_nosnts_gcc.a(WM.o)
 .text.WM__Invalidate1Abs
                0x10086250        0xa Generated_Source\PSoC6\pdl\middleware\emWin\libs\GCC\libemWin_nosnts_gcc.a(WM.o)
                0x10086250                WM__Invalidate1Abs
 .text.WM_InvalidateWindowAndDescsEx
                0x1008625a       0x60 Generated_Source\PSoC6\pdl\middleware\emWin\libs\GCC\libemWin_nosnts_gcc.a(WM.o)
                0x1008625a                WM_InvalidateWindowAndDescsEx
 *fill*         0x100862ba        0x2 
 .text.WM__InvalidateRect
                0x100862bc       0x80 Generated_Source\PSoC6\pdl\middleware\emWin\libs\GCC\libemWin_nosnts_gcc.a(WM.o)
                0x100862bc                WM__InvalidateRect
 .text.WM__InvalidateRectEx
                0x1008633c        0xa Generated_Source\PSoC6\pdl\middleware\emWin\libs\GCC\libemWin_nosnts_gcc.a(WM.o)
                0x1008633c                WM__InvalidateRectEx
 .text.WM__SendMsgNoData
                0x10086346       0x10 Generated_Source\PSoC6\pdl\middleware\emWin\libs\GCC\libemWin_nosnts_gcc.a(WM.o)
                0x10086346                WM__SendMsgNoData
 .text.WM__GetClientRectWin
                0x10086356       0x18 Generated_Source\PSoC6\pdl\middleware\emWin\libs\GCC\libemWin_nosnts_gcc.a(WM.o)
                0x10086356                WM__GetClientRectWin
 *fill*         0x1008636e        0x2 
 .text.WM_InvalidateRect
                0x10086370       0x80 Generated_Source\PSoC6\pdl\middleware\emWin\libs\GCC\libemWin_nosnts_gcc.a(WM.o)
                0x10086370                WM_InvalidateRect
 .text.WM_InvalidateWindow
                0x100863f0        0xa Generated_Source\PSoC6\pdl\middleware\emWin\libs\GCC\libemWin_nosnts_gcc.a(WM.o)
                0x100863f0                WM_InvalidateWindow
 *fill*         0x100863fa        0x2 
 .text.WM_SelectWindow
                0x100863fc       0x38 Generated_Source\PSoC6\pdl\middleware\emWin\libs\GCC\libemWin_nosnts_gcc.a(WM.o)
                0x100863fc                WM_SelectWindow
 .text.WM_CreateWindowAsChild
                0x10086434      0x144 Generated_Source\PSoC6\pdl\middleware\emWin\libs\GCC\libemWin_nosnts_gcc.a(WM.o)
                0x10086434                WM_CreateWindowAsChild
 .text.WM_CreateWindow
                0x10086578       0x1a Generated_Source\PSoC6\pdl\middleware\emWin\libs\GCC\libemWin_nosnts_gcc.a(WM.o)
                0x10086578                WM_CreateWindow
 *fill*         0x10086592        0x2 
 .text.WM__GetNextIVR
                0x10086594      0x160 Generated_Source\PSoC6\pdl\middleware\emWin\libs\GCC\libemWin_nosnts_gcc.a(WM.o)
                0x10086594                WM__GetNextIVR
 .text.WM__InitIVRSearch
                0x100866f4      0x100 Generated_Source\PSoC6\pdl\middleware\emWin\libs\GCC\libemWin_nosnts_gcc.a(WM.o)
                0x100866f4                WM__InitIVRSearch
 .text.WM_Activate
                0x100867f4       0x10 Generated_Source\PSoC6\pdl\middleware\emWin\libs\GCC\libemWin_nosnts_gcc.a(WM.o)
                0x100867f4                WM_Activate
 .text.WM_DefaultProc
                0x10086804       0x48 Generated_Source\PSoC6\pdl\middleware\emWin\libs\GCC\libemWin_nosnts_gcc.a(WM.o)
                0x10086804                WM_DefaultProc
 .text._cbBackWin
                0x1008684c       0x44 Generated_Source\PSoC6\pdl\middleware\emWin\libs\GCC\libemWin_nosnts_gcc.a(WM.o)
 .text.WM_Init  0x10086890       0xa4 Generated_Source\PSoC6\pdl\middleware\emWin\libs\GCC\libemWin_nosnts_gcc.a(WM.o)
                0x10086890                WM_Init
 .text.WM__GetFirstSibling
                0x10086934       0x16 Generated_Source\PSoC6\pdl\middleware\emWin\libs\GCC\libemWin_nosnts_gcc.a(WM__Private.o)
                0x10086934                WM__GetFirstSibling
 .text.WM__GetPrevSibling
                0x1008694a       0x28 Generated_Source\PSoC6\pdl\middleware\emWin\libs\GCC\libemWin_nosnts_gcc.a(WM__Private.o)
                0x1008694a                WM__GetPrevSibling
 *fill*         0x10086972        0x2 
 .text.WM__SendMessage
                0x10086974       0x38 Generated_Source\PSoC6\pdl\middleware\emWin\libs\GCC\libemWin_nosnts_gcc.a(WM__Private.o)
                0x10086974                WM__SendMessage
 .text.WM__AddCriticalHandle
                0x100869ac       0x10 Generated_Source\PSoC6\pdl\middleware\emWin\libs\GCC\libemWin_nosnts_gcc.a(WM__Private.o)
                0x100869ac                WM__AddCriticalHandle
 .text.WM__GetClientRectEx
                0x100869bc       0x20 Generated_Source\PSoC6\pdl\middleware\emWin\libs\GCC\libemWin_nosnts_gcc.a(WM__Private.o)
                0x100869bc                WM__GetClientRectEx
 .text.WM_GetDesktopWindow
                0x100869dc        0xc Generated_Source\PSoC6\pdl\middleware\emWin\libs\GCC\libemWin_nosnts_gcc.a(WM_Lib.o)
                0x100869dc                WM_GetDesktopWindow
 .text.WM_GetFirstChild
                0x100869e8        0xe Generated_Source\PSoC6\pdl\middleware\emWin\libs\GCC\libemWin_nosnts_gcc.a(WM_Lib.o)
                0x100869e8                WM_GetFirstChild
 .text.WM_GetParent
                0x100869f6        0xe Generated_Source\PSoC6\pdl\middleware\emWin\libs\GCC\libemWin_nosnts_gcc.a(WM_Lib.o)
                0x100869f6                WM_GetParent
 .text.WM_BringToBottom
                0x10086a04       0x80 Generated_Source\PSoC6\pdl\middleware\emWin\libs\GCC\libemWin_nosnts_gcc.a(WM_Lib.o)
                0x10086a04                WM_BringToBottom
 .text.WM_SendToParent
                0x10086a84       0x1a Generated_Source\PSoC6\pdl\middleware\emWin\libs\GCC\libemWin_nosnts_gcc.a(WM_Lib.o)
                0x10086a84                WM_SendToParent
 *fill*         0x10086a9e        0x2 
 .text.GUI__ManageCacheEx
                0x10086aa0       0xe0 Generated_Source\PSoC6\pdl\middleware\emWin\libs\GCC\libemWin_nosnts_gcc.a(GUI__ManageCache.o)
                0x10086aa0                GUI__ManageCacheEx
 .text.GUI__ManageCache
                0x10086b80       0x14 Generated_Source\PSoC6\pdl\middleware\emWin\libs\GCC\libemWin_nosnts_gcc.a(GUI__ManageCache.o)
                0x10086b80                GUI__ManageCache
 .text.GUI__IntersectRect
                0x10086b94       0x3c Generated_Source\PSoC6\pdl\middleware\emWin\libs\GCC\libemWin_nosnts_gcc.a(GUI__Private.o)
                0x10086b94                GUI__IntersectRect
 .text.GUI__IntersectRects
                0x10086bd0       0x68 Generated_Source\PSoC6\pdl\middleware\emWin\libs\GCC\libemWin_nosnts_gcc.a(GUI__Private.o)
                0x10086bd0                GUI__IntersectRects
 .text.GUI_GetYAdjust
                0x10086c38       0x2c Generated_Source\PSoC6\pdl\middleware\emWin\libs\GCC\libemWin_nosnts_gcc.a(GUI_Char.o)
                0x10086c38                GUI_GetYAdjust
 .text.GUI_GetFontDistY
                0x10086c64       0x10 Generated_Source\PSoC6\pdl\middleware\emWin\libs\GCC\libemWin_nosnts_gcc.a(GUI_Char.o)
                0x10086c64                GUI_GetFontDistY
 .text.GUI_GetCharDistX
                0x10086c74       0x14 Generated_Source\PSoC6\pdl\middleware\emWin\libs\GCC\libemWin_nosnts_gcc.a(GUI_Char.o)
                0x10086c74                GUI_GetCharDistX
 .text.GUI_GetCharDistXEx
                0x10086c88       0x14 Generated_Source\PSoC6\pdl\middleware\emWin\libs\GCC\libemWin_nosnts_gcc.a(GUI_Char.o)
                0x10086c88                GUI_GetCharDistXEx
 .text._Log2VisBuffered
                0x10086c9c        0x2 Generated_Source\PSoC6\pdl\middleware\emWin\libs\GCC\libemWin_nosnts_gcc.a(GUI_CharLine.o)
 *fill*         0x10086c9e        0x2 
 .text._DispLine
                0x10086ca0       0x9c Generated_Source\PSoC6\pdl\middleware\emWin\libs\GCC\libemWin_nosnts_gcc.a(GUI_CharLine.o)
 .text.GUI__GetLineNumChars
                0x10086d3c       0x3c Generated_Source\PSoC6\pdl\middleware\emWin\libs\GCC\libemWin_nosnts_gcc.a(GUI_CharLine.o)
                0x10086d3c                GUI__GetLineNumChars
 .text.GUI__GetOverlap
                0x10086d78       0x18 Generated_Source\PSoC6\pdl\middleware\emWin\libs\GCC\libemWin_nosnts_gcc.a(GUI_CharLine.o)
                0x10086d78                GUI__GetOverlap
 .text.GUI__GetLineDistX
                0x10086d90       0x5c Generated_Source\PSoC6\pdl\middleware\emWin\libs\GCC\libemWin_nosnts_gcc.a(GUI_CharLine.o)
                0x10086d90                GUI__GetLineDistX
 .text.GUI__DispLine
                0x10086dec       0x9c Generated_Source\PSoC6\pdl\middleware\emWin\libs\GCC\libemWin_nosnts_gcc.a(GUI_CharLine.o)
                0x10086dec                GUI__DispLine
 .text.GL_DrawPoint
                0x10086e88       0x28 Generated_Source\PSoC6\pdl\middleware\emWin\libs\GCC\libemWin_nosnts_gcc.a(GUI_DrawLib.o)
                0x10086e88                GL_DrawPoint
 .text.GUI_SelectLayer
                0x10086eb0       0x28 Generated_Source\PSoC6\pdl\middleware\emWin\libs\GCC\libemWin_nosnts_gcc.a(GUI_SelectLayer.o)
                0x10086eb0                GUI_SelectLayer
 .text._GetIndexMask_0
                0x10086ed8       0x44 Generated_Source\PSoC6\pdl\middleware\emWin\libs\GCC\libemWin_nosnts_gcc.a(GUICC_0.o)
 .text._Index2Color_0
                0x10086f1c       0x20 Generated_Source\PSoC6\pdl\middleware\emWin\libs\GCC\libemWin_nosnts_gcc.a(GUICC_0.o)
 .text._Color2Index_0
                0x10086f3c       0x50 Generated_Source\PSoC6\pdl\middleware\emWin\libs\GCC\libemWin_nosnts_gcc.a(GUICC_0.o)
 .text.GUI_MEMDEV_GetBitsPerPixel
                0x10086f8c       0x26 Generated_Source\PSoC6\pdl\middleware\emWin\libs\GCC\libemWin_nosnts_gcc.a(GUIDEV.o)
                0x10086f8c                GUI_MEMDEV_GetBitsPerPixel
 *fill*         0x10086fb2        0x2 
 .text.GUI_MEMDEV_Delete
                0x10086fb4       0x40 Generated_Source\PSoC6\pdl\middleware\emWin\libs\GCC\libemWin_nosnts_gcc.a(GUIDEV.o)
                0x10086fb4                GUI_MEMDEV_Delete
 .text._GetDevData
                0x10086ff4       0x10 Generated_Source\PSoC6\pdl\middleware\emWin\libs\GCC\libemWin_nosnts_gcc.a(GUIDEV_1.o)
 .text._GetDevFunc
                0x10087004       0x10 Generated_Source\PSoC6\pdl\middleware\emWin\libs\GCC\libemWin_nosnts_gcc.a(GUIDEV_1.o)
 .text._SetOrg  0x10087014        0xc Generated_Source\PSoC6\pdl\middleware\emWin\libs\GCC\libemWin_nosnts_gcc.a(GUIDEV_1.o)
 .text._GetDevProp
                0x10087020        0xc Generated_Source\PSoC6\pdl\middleware\emWin\libs\GCC\libemWin_nosnts_gcc.a(GUIDEV_1.o)
 .text._GetRect
                0x1008702c       0x30 Generated_Source\PSoC6\pdl\middleware\emWin\libs\GCC\libemWin_nosnts_gcc.a(GUIDEV_1.o)
 .text._XY2PTR_BITOFFSET
                0x1008705c       0x44 Generated_Source\PSoC6\pdl\middleware\emWin\libs\GCC\libemWin_nosnts_gcc.a(GUIDEV_1.o)
 .text._GetPixelIndex
                0x100870a0       0x18 Generated_Source\PSoC6\pdl\middleware\emWin\libs\GCC\libemWin_nosnts_gcc.a(GUIDEV_1.o)
 .text._XorPixel
                0x100870b8       0x58 Generated_Source\PSoC6\pdl\middleware\emWin\libs\GCC\libemWin_nosnts_gcc.a(GUIDEV_1.o)
 .text._SetPixelIndex
                0x10087110       0x60 Generated_Source\PSoC6\pdl\middleware\emWin\libs\GCC\libemWin_nosnts_gcc.a(GUIDEV_1.o)
 .text._DrawVLine
                0x10087170       0xb8 Generated_Source\PSoC6\pdl\middleware\emWin\libs\GCC\libemWin_nosnts_gcc.a(GUIDEV_1.o)
 .text._FillRect
                0x10087228      0x158 Generated_Source\PSoC6\pdl\middleware\emWin\libs\GCC\libemWin_nosnts_gcc.a(GUIDEV_1.o)
 .text._DrawHLine
                0x10087380        0xa Generated_Source\PSoC6\pdl\middleware\emWin\libs\GCC\libemWin_nosnts_gcc.a(GUIDEV_1.o)
 *fill*         0x1008738a        0x2 
 .text._DrawBitmap
                0x1008738c      0x614 Generated_Source\PSoC6\pdl\middleware\emWin\libs\GCC\libemWin_nosnts_gcc.a(GUIDEV_1.o)
 .text._GetDevData
                0x100879a0       0x10 Generated_Source\PSoC6\pdl\middleware\emWin\libs\GCC\libemWin_nosnts_gcc.a(GUIDEV_8.o)
 .text._GetDevFunc
                0x100879b0       0x10 Generated_Source\PSoC6\pdl\middleware\emWin\libs\GCC\libemWin_nosnts_gcc.a(GUIDEV_8.o)
 .text._SetOrg  0x100879c0       0x10 Generated_Source\PSoC6\pdl\middleware\emWin\libs\GCC\libemWin_nosnts_gcc.a(GUIDEV_8.o)
 .text._GetRect
                0x100879d0       0x30 Generated_Source\PSoC6\pdl\middleware\emWin\libs\GCC\libemWin_nosnts_gcc.a(GUIDEV_8.o)
 .text._XY2PTR  0x10087a00       0x38 Generated_Source\PSoC6\pdl\middleware\emWin\libs\GCC\libemWin_nosnts_gcc.a(GUIDEV_8.o)
 .text._GetPixelIndex
                0x10087a38        0xe Generated_Source\PSoC6\pdl\middleware\emWin\libs\GCC\libemWin_nosnts_gcc.a(GUIDEV_8.o)
 *fill*         0x10087a46        0x2 
 .text._XorPixel
                0x10087a48       0x54 Generated_Source\PSoC6\pdl\middleware\emWin\libs\GCC\libemWin_nosnts_gcc.a(GUIDEV_8.o)
 .text._SetPixelIndex
                0x10087a9c       0x48 Generated_Source\PSoC6\pdl\middleware\emWin\libs\GCC\libemWin_nosnts_gcc.a(GUIDEV_8.o)
 .text._DrawVLine
                0x10087ae4       0xbc Generated_Source\PSoC6\pdl\middleware\emWin\libs\GCC\libemWin_nosnts_gcc.a(GUIDEV_8.o)
 .text._FillRect
                0x10087ba0       0xb0 Generated_Source\PSoC6\pdl\middleware\emWin\libs\GCC\libemWin_nosnts_gcc.a(GUIDEV_8.o)
 .text._DrawHLine
                0x10087c50        0xa Generated_Source\PSoC6\pdl\middleware\emWin\libs\GCC\libemWin_nosnts_gcc.a(GUIDEV_8.o)
 *fill*         0x10087c5a        0x2 
 .text._DrawBitmap
                0x10087c5c      0x688 Generated_Source\PSoC6\pdl\middleware\emWin\libs\GCC\libemWin_nosnts_gcc.a(GUIDEV_8.o)
 .text._GetDevProp
                0x100882e4       0x1e Generated_Source\PSoC6\pdl\middleware\emWin\libs\GCC\libemWin_nosnts_gcc.a(GUIDEV_8.o)
 .text.GUI_USAGE_DecUseCnt
                0x10088302       0x24 Generated_Source\PSoC6\pdl\middleware\emWin\libs\GCC\libemWin_nosnts_gcc.a(GUIDEV_Usage.o)
                0x10088302                GUI_USAGE_DecUseCnt
 .text.GUI_USAGE_AddRect
                0x10088326       0x26 Generated_Source\PSoC6\pdl\middleware\emWin\libs\GCC\libemWin_nosnts_gcc.a(GUIDEV_Usage.o)
                0x10088326                GUI_USAGE_AddRect
 .text._Convert16
                0x1008834c       0x34 Generated_Source\PSoC6\pdl\middleware\emWin\libs\GCC\libemWin_nosnts_gcc.a(GUIDEV_WriteToActiveOpaque.o)
 .text._Convert8
                0x10088380       0x34 Generated_Source\PSoC6\pdl\middleware\emWin\libs\GCC\libemWin_nosnts_gcc.a(GUIDEV_WriteToActiveOpaque.o)
 .text.GUI_MEMDEV__WriteToActiveOpaque
                0x100883b4      0x714 Generated_Source\PSoC6\pdl\middleware\emWin\libs\GCC\libemWin_nosnts_gcc.a(GUIDEV_WriteToActiveOpaque.o)
                0x100883b4                GUI_MEMDEV__WriteToActiveOpaque
 .text.LCD_SetClipRectEx
                0x10088ac8       0x30 Generated_Source\PSoC6\pdl\middleware\emWin\libs\GCC\libemWin_nosnts_gcc.a(LCD_SetClipRectEx.o)
                0x10088ac8                LCD_SetClipRectEx
 .text.GUI__CompactPixelIndices
                0x10088af8      0x14a Generated_Source\PSoC6\pdl\middleware\emWin\libs\GCC\libemWin_nosnts_gcc.a(GUI__CompactPixelIndices.o)
                0x10088af8                GUI__CompactPixelIndices
 *fill*         0x10088c42        0x2 
 .text.GL_FillCircle
                0x10088c44       0xcc Generated_Source\PSoC6\pdl\middleware\emWin\libs\GCC\libemWin_nosnts_gcc.a(GUI_Circ.o)
                0x10088c44                GL_FillCircle
 .text.GUI_MEMDEV_GetDataPtr
                0x10088d10       0x1c Generated_Source\PSoC6\pdl\middleware\emWin\libs\GCC\libemWin_nosnts_gcc.a(GUIDEV_GetDataPtr.o)
                0x10088d10                GUI_MEMDEV_GetDataPtr
 .text          0x10088d2c       0x14 c:/program files (x86)/cypress/psoc creator/4.4/psoc creator/import/gnu/arm/5.4.1/bin/../lib/gcc/arm-none-eabi/5.4.1/armv7e-m/softfp\libgcc.a(_thumb1_case_uqi.o)
                0x10088d2c                __gnu_thumb1_case_uqi
 .text          0x10088d40       0x14 c:/program files (x86)/cypress/psoc creator/4.4/psoc creator/import/gnu/arm/5.4.1/bin/../lib/gcc/arm-none-eabi/5.4.1/armv7e-m/softfp\libgcc.a(_thumb1_case_uhi.o)
                0x10088d40                __gnu_thumb1_case_uhi
 .text          0x10088d54       0x24 c:/program files (x86)/cypress/psoc creator/4.4/psoc creator/import/gnu/arm/5.4.1/bin/../lib/gcc/arm-none-eabi/5.4.1/armv7e-m/softfp\libgcc.a(_udivsi3.o)
                0x10088d54                __aeabi_uidiv
                0x10088d54                __udivsi3
                0x10088d68                __aeabi_uidivmod
 .text          0x10088d78       0x2c c:/program files (x86)/cypress/psoc creator/4.4/psoc creator/import/gnu/arm/5.4.1/bin/../lib/gcc/arm-none-eabi/5.4.1/armv7e-m/softfp\libgcc.a(_divsi3.o)
                0x10088d78                __divsi3
                0x10088d78                __aeabi_idiv
                0x10088d94                __aeabi_idivmod
 .text          0x10088da4        0x4 c:/program files (x86)/cypress/psoc creator/4.4/psoc creator/import/gnu/arm/5.4.1/bin/../lib/gcc/arm-none-eabi/5.4.1/armv7e-m/softfp\libgcc.a(_dvmd_tls.o)
                0x10088da4                __aeabi_idiv0
                0x10088da4                __aeabi_ldiv0
 .text          0x10088da8      0x370 c:/program files (x86)/cypress/psoc creator/4.4/psoc creator/import/gnu/arm/5.4.1/bin/../lib/gcc/arm-none-eabi/5.4.1/armv7e-m/softfp\libgcc.a(_arm_addsubdf3.o)
                0x10088da8                __aeabi_drsub
                0x10088db0                __aeabi_dsub
                0x10088db0                __subdf3
                0x10088db4                __aeabi_dadd
                0x10088db4                __adddf3
                0x1008902c                __floatunsidf
                0x1008902c                __aeabi_ui2d
                0x1008904c                __floatsidf
                0x1008904c                __aeabi_i2d
                0x10089070                __aeabi_f2d
                0x10089070                __extendsfdf2
                0x100890ac                __floatundidf
                0x100890ac                __aeabi_ul2d
                0x100890bc                __floatdidf
                0x100890bc                __aeabi_l2d
 .text          0x10089118      0x424 c:/program files (x86)/cypress/psoc creator/4.4/psoc creator/import/gnu/arm/5.4.1/bin/../lib/gcc/arm-none-eabi/5.4.1/armv7e-m/softfp\libgcc.a(_arm_muldivdf3.o)
                0x10089118                __aeabi_dmul
                0x10089118                __muldf3
                0x1008936c                __divdf3
                0x1008936c                __aeabi_ddiv
 .text          0x1008953c       0x50 c:/program files (x86)/cypress/psoc creator/4.4/psoc creator/import/gnu/arm/5.4.1/bin/../lib/gcc/arm-none-eabi/5.4.1/armv7e-m/softfp\libgcc.a(_arm_fixdfsi.o)
                0x1008953c                __aeabi_d2iz
                0x1008953c                __fixdfsi
 .text.memcpy   0x1008958c       0x16 c:/program files (x86)/cypress/psoc creator/4.4/psoc creator/import/gnu/arm/5.4.1/bin/../lib/gcc/arm-none-eabi/5.4.1/../../../../arm-none-eabi/lib/armv7e-m/softfp\libg_nano.a(lib_a-memcpy-stub.o)
                0x1008958c                memcpy
 .text.memmove  0x100895a2       0x36 c:/program files (x86)/cypress/psoc creator/4.4/psoc creator/import/gnu/arm/5.4.1/bin/../lib/gcc/arm-none-eabi/5.4.1/../../../../arm-none-eabi/lib/armv7e-m/softfp\libg_nano.a(lib_a-memmove.o)
                0x100895a2                memmove
 .text.memset   0x100895d8       0x10 c:/program files (x86)/cypress/psoc creator/4.4/psoc creator/import/gnu/arm/5.4.1/bin/../lib/gcc/arm-none-eabi/5.4.1/../../../../arm-none-eabi/lib/armv7e-m/softfp\libg_nano.a(lib_a-memset.o)
                0x100895d8                memset
 .text.sprintf  0x100895e8       0x48 c:/program files (x86)/cypress/psoc creator/4.4/psoc creator/import/gnu/arm/5.4.1/bin/../lib/gcc/arm-none-eabi/5.4.1/../../../../arm-none-eabi/lib/armv7e-m/softfp\libg_nano.a(lib_a-sprintf.o)
                0x100895e8                siprintf
                0x100895e8                sprintf
 .text.strncpy  0x10089630       0x26 c:/program files (x86)/cypress/psoc creator/4.4/psoc creator/import/gnu/arm/5.4.1/bin/../lib/gcc/arm-none-eabi/5.4.1/../../../../arm-none-eabi/lib/armv7e-m/softfp\libg_nano.a(lib_a-strncpy.o)
                0x10089630                strncpy
 .text.__ssputs_r
                0x10089656       0xb2 c:/program files (x86)/cypress/psoc creator/4.4/psoc creator/import/gnu/arm/5.4.1/bin/../lib/gcc/arm-none-eabi/5.4.1/../../../../arm-none-eabi/lib/armv7e-m/softfp\libg_nano.a(lib_a-nano-svfprintf.o)
                0x10089656                __ssputs_r
 .text._svfprintf_r
                0x10089708      0x1e8 c:/program files (x86)/cypress/psoc creator/4.4/psoc creator/import/gnu/arm/5.4.1/bin/../lib/gcc/arm-none-eabi/5.4.1/../../../../arm-none-eabi/lib/armv7e-m/softfp\libg_nano.a(lib_a-nano-svfprintf.o)
                0x10089708                _svfiprintf_r
                0x10089708                _svfprintf_r
 .text._printf_common
                0x100898f0       0xec c:/program files (x86)/cypress/psoc creator/4.4/psoc creator/import/gnu/arm/5.4.1/bin/../lib/gcc/arm-none-eabi/5.4.1/../../../../arm-none-eabi/lib/armv7e-m/softfp\libg_nano.a(lib_a-nano-vfprintf_i.o)
                0x100898f0                _printf_common
 .text._printf_i
                0x100899dc      0x24c c:/program files (x86)/cypress/psoc creator/4.4/psoc creator/import/gnu/arm/5.4.1/bin/../lib/gcc/arm-none-eabi/5.4.1/../../../../arm-none-eabi/lib/armv7e-m/softfp\libg_nano.a(lib_a-nano-vfprintf_i.o)
                0x100899dc                _printf_i
 *fill*         0x10089c28        0x8 
 .text          0x10089c30       0xa0 c:/program files (x86)/cypress/psoc creator/4.4/psoc creator/import/gnu/arm/5.4.1/bin/../lib/gcc/arm-none-eabi/5.4.1/../../../../arm-none-eabi/lib/armv7e-m/softfp\libg_nano.a(lib_a-memchr.o)
                0x10089c30                memchr
 .text._free_r  0x10089cd0       0x9c c:/program files (x86)/cypress/psoc creator/4.4/psoc creator/import/gnu/arm/5.4.1/bin/../lib/gcc/arm-none-eabi/5.4.1/../../../../arm-none-eabi/lib/armv7e-m/softfp\libg_nano.a(lib_a-nano-freer.o)
                0x10089cd0                _free_r
 .text._malloc_r
                0x10089d6c       0xbc c:/program files (x86)/cypress/psoc creator/4.4/psoc creator/import/gnu/arm/5.4.1/bin/../lib/gcc/arm-none-eabi/5.4.1/../../../../arm-none-eabi/lib/armv7e-m/softfp\libg_nano.a(lib_a-nano-mallocr.o)
                0x10089d6c                _malloc_r
 .text._realloc_r
                0x10089e28       0x4c c:/program files (x86)/cypress/psoc creator/4.4/psoc creator/import/gnu/arm/5.4.1/bin/../lib/gcc/arm-none-eabi/5.4.1/../../../../arm-none-eabi/lib/armv7e-m/softfp\libg_nano.a(lib_a-nano-reallocr.o)
                0x10089e28                _realloc_r
 .text._sbrk_r  0x10089e74       0x20 c:/program files (x86)/cypress/psoc creator/4.4/psoc creator/import/gnu/arm/5.4.1/bin/../lib/gcc/arm-none-eabi/5.4.1/../../../../arm-none-eabi/lib/armv7e-m/softfp\libg_nano.a(lib_a-sbrkr.o)
                0x10089e74                _sbrk_r
 .text.__malloc_lock
                0x10089e94        0x2 c:/program files (x86)/cypress/psoc creator/4.4/psoc creator/import/gnu/arm/5.4.1/bin/../lib/gcc/arm-none-eabi/5.4.1/../../../../arm-none-eabi/lib/armv7e-m/softfp\libg_nano.a(lib_a-mlock.o)
                0x10089e94                __malloc_lock
 .text.__malloc_unlock
                0x10089e96        0x2 c:/program files (x86)/cypress/psoc creator/4.4/psoc creator/import/gnu/arm/5.4.1/bin/../lib/gcc/arm-none-eabi/5.4.1/../../../../arm-none-eabi/lib/armv7e-m/softfp\libg_nano.a(lib_a-mlock.o)
                0x10089e96                __malloc_unlock
 .text._malloc_usable_size_r
                0x10089e98       0x14 c:/program files (x86)/cypress/psoc creator/4.4/psoc creator/import/gnu/arm/5.4.1/bin/../lib/gcc/arm-none-eabi/5.4.1/../../../../arm-none-eabi/lib/armv7e-m/softfp\libg_nano.a(lib_a-nano-msizer.o)
                0x10089e98                _malloc_usable_size_r
 .text._sbrk    0x10089eac       0x1c c:/program files (x86)/cypress/psoc creator/4.4/psoc creator/import/gnu/arm/5.4.1/bin/../lib/gcc/arm-none-eabi/5.4.1/../../../../arm-none-eabi/lib/armv7e-m/softfp\libnosys.a(sbrk.o)
                0x10089eac                _sbrk
 .text.round    0x10089ec8       0x9c c:/program files (x86)/cypress/psoc creator/4.4/psoc creator/import/gnu/arm/5.4.1/bin/../lib/gcc/arm-none-eabi/5.4.1/../../../../arm-none-eabi/lib/armv7e-m/softfp\libm.a(lib_a-s_round.o)
                0x10089ec8                round
 *(.init)
 .init          0x10089f64        0x4 c:/program files (x86)/cypress/psoc creator/4.4/psoc creator/import/gnu/arm/5.4.1/bin/../lib/gcc/arm-none-eabi/5.4.1/armv7e-m/softfp/crti.o
                0x10089f64                _init
 .init          0x10089f68        0x8 c:/program files (x86)/cypress/psoc creator/4.4/psoc creator/import/gnu/arm/5.4.1/bin/../lib/gcc/arm-none-eabi/5.4.1/armv7e-m/softfp/crtn.o
 *(.fini)
 .fini          0x10089f70        0x4 c:/program files (x86)/cypress/psoc creator/4.4/psoc creator/import/gnu/arm/5.4.1/bin/../lib/gcc/arm-none-eabi/5.4.1/armv7e-m/softfp/crti.o
                0x10089f70                _fini
 .fini          0x10089f74        0x8 c:/program files (x86)/cypress/psoc creator/4.4/psoc creator/import/gnu/arm/5.4.1/bin/../lib/gcc/arm-none-eabi/5.4.1/armv7e-m/softfp/crtn.o
 *crtbegin.o(.ctors)
 *crtbegin?.o(.ctors)
 *(EXCLUDE_FILE(*crtend.o *crtend?.o) .ctors)
 *(SORT(.ctors.*))
 *(.ctors)
 *crtbegin.o(.dtors)
 *crtbegin?.o(.dtors)
 *(EXCLUDE_FILE(*crtend.o *crtend?.o) .dtors)
 *(SORT(.dtors.*))
 *(.dtors)
 *(.rodata .rodata.* .constdata .constdata.* .conststring .conststring.*)
 .rodata.str1.4
                0x10089f7c       0x5e .\CortexM4\ARM_GCC_541\Debug\main_cm4.o
 *fill*         0x10089fda        0x2 
 .rodata        0x10089fdc       0x34 .\CortexM4\ARM_GCC_541\Debug\system_psoc6_cm4.o
 .rodata        0x1008a010        0xc .\CortexM4\ARM_GCC_541\Debug\pervasive_eink_hardware_driver.o
                0x1008a010                channelSelect
                0x1008a018                scanTable
 .rodata.str1.4
                0x1008a01c       0x3f .\CortexM4\ARM_GCC_541\Debug\cy_eink_psoc_interface.o
 *fill*         0x1008a05b        0x1 
 .rodata.str1.4
                0x1008a05c        0x8 .\CortexM4\ARM_GCC_541\Debug\GUI_X.o
 .rodata        0x1008a064       0x18 .\CortexM4\ARM_GCC_541\Debug\cyfitter_sysint_cfg.o
                0x1008a064                ADC_IRQ_cfg
                0x1008a06c                adc_int_cfg
                0x1008a074                CY_EINK_SPIM_SCB_IRQ_cfg
 .rodata        0x1008a07c       0x34 .\CortexM4\ARM_GCC_541\Debug\CY_EINK_SPIM.o
                0x1008a07c                CY_EINK_SPIM_config
 .rodata        0x1008a0b0       0x4c .\CortexM4\ARM_GCC_541\Debug\CY_EINK_Timer.o
                0x1008a0b0                CY_EINK_Timer_config
 .rodata.str1.4
                0x1008a0fc       0x3f .\CortexM4\ARM_GCC_541\Debug\cy_flash.o
 *fill*         0x1008a13b        0x1 
 .rodata.str1.4
                0x1008a13c       0x7f .\CortexM4\ARM_GCC_541\Debug\cy_ipc_drv.o
 .rodata.str1.4
                0x1008a1bb       0x3f .\CortexM4\ARM_GCC_541\Debug\cy_ipc_sema.o
 *fill*         0x1008a1bb        0x1 
 .rodata.str1.4
                0x1008a1bc       0x40 .\CortexM4\ARM_GCC_541\Debug\cy_ipc_pipe.o
                                 0x7f (size before relaxing)
 .rodata.str1.4
                0x1008a1fc       0x83 .\CortexM4\ARM_GCC_541\Debug\cy_scb_spi.o
 *fill*         0x1008a27f        0x1 
 .rodata.str1.4
                0x1008a280       0x41 .\CortexM4\ARM_GCC_541\Debug\cy_sysint.o
 *fill*         0x1008a2c1        0x3 
 .rodata        0x1008a2c4      0x170 .\CortexM4\ARM_GCC_541\Debug\cy_device.o
                0x1008a2c4                cy_deviceIpBlockCfgPSoC6_02
                0x1008a37c                cy_deviceIpBlockCfgPSoC6_01
 .rodata.str1.4
                0x1008a434       0x3b .\CortexM4\ARM_GCC_541\Debug\cy_sar.o
 *fill*         0x1008a46f        0x1 
 .rodata.str1.4
                0x1008a470       0x3c .\CortexM4\ARM_GCC_541\Debug\ADC_INT.o
                                 0x3b (size before relaxing)
 .rodata        0x1008a4ac       0x8c .\CortexM4\ARM_GCC_541\Debug\ADC_INIT.o
                0x1008a4ac                ADC_allConfigs
 .rodata        0x1008a538       0x64 .\CortexM4\ARM_GCC_541\Debug\PWM.o
                0x1008a538                PWM_config
 .rodata        0x1008a59c      0xb40 Generated_Source\PSoC6\pdl\middleware\emWin\libs\GCC\libemWin_nosnts_gcc.a(F16_1.o)
                0x1008a59c                GUI_Font16_1