Archive member included to satisfy reference by file (symbol)

c:/program files (x86)/cypress/psoc creator/4.4/psoc creator/import/gnu/arm/5.4.1/bin/../lib/gcc/arm-none-eabi/5.4.1/../../../../arm-none-eabi/lib/armv7e-m/softfp\libm.a(lib_a-s_floor.o)
                              .\CortexM4\ARM_GCC_541\Debug\cy_sysclk.o (floor)
c:/program files (x86)/cypress/psoc creator/4.4/psoc creator/import/gnu/arm/5.4.1/bin/../lib/gcc/arm-none-eabi/5.4.1/../../../../arm-none-eabi/lib/armv7e-m/softfp\libm.a(lib_a-sf_ceil.o)
                              .\CortexM4\ARM_GCC_541\Debug\cy_sysclk.o (ceilf)
c:/program files (x86)/cypress/psoc creator/4.4/psoc creator/import/gnu/arm/5.4.1/bin/../lib/gcc/arm-none-eabi/5.4.1/../../../../arm-none-eabi/lib/armv7e-m/softfp\libm.a(lib_a-w_log.o)
                              .\CortexM4\ARM_GCC_541\Debug\cy_sysclk.o (log)
c:/program files (x86)/cypress/psoc creator/4.4/psoc creator/import/gnu/arm/5.4.1/bin/../lib/gcc/arm-none-eabi/5.4.1/../../../../arm-none-eabi/lib/armv7e-m/softfp\libm.a(lib_a-e_log.o)
                              c:/program files (x86)/cypress/psoc creator/4.4/psoc creator/import/gnu/arm/5.4.1/bin/../lib/gcc/arm-none-eabi/5.4.1/../../../../arm-none-eabi/lib/armv7e-m/softfp\libm.a(lib_a-w_log.o) (__ieee754_log)
c:/program files (x86)/cypress/psoc creator/4.4/psoc creator/import/gnu/arm/5.4.1/bin/../lib/gcc/arm-none-eabi/5.4.1/../../../../arm-none-eabi/lib/armv7e-m/softfp\libm.a(lib_a-s_lib_ver.o)
                              c:/program files (x86)/cypress/psoc creator/4.4/psoc creator/import/gnu/arm/5.4.1/bin/../lib/gcc/arm-none-eabi/5.4.1/../../../../arm-none-eabi/lib/armv7e-m/softfp\libm.a(lib_a-w_log.o) (__fdlib_version)
c:/program files (x86)/cypress/psoc creator/4.4/psoc creator/import/gnu/arm/5.4.1/bin/../lib/gcc/arm-none-eabi/5.4.1/../../../../arm-none-eabi/lib/armv7e-m/softfp\libm.a(lib_a-s_matherr.o)
                              c:/program files (x86)/cypress/psoc creator/4.4/psoc creator/import/gnu/arm/5.4.1/bin/../lib/gcc/arm-none-eabi/5.4.1/../../../../arm-none-eabi/lib/armv7e-m/softfp\libm.a(lib_a-w_log.o) (matherr)
c:/program files (x86)/cypress/psoc creator/4.4/psoc creator/import/gnu/arm/5.4.1/bin/../lib/gcc/arm-none-eabi/5.4.1/../../../../arm-none-eabi/lib/armv7e-m/softfp\libm.a(lib_a-s_nan.o)
                              c:/program files (x86)/cypress/psoc creator/4.4/psoc creator/import/gnu/arm/5.4.1/bin/../lib/gcc/arm-none-eabi/5.4.1/../../../../arm-none-eabi/lib/armv7e-m/softfp\libm.a(lib_a-w_log.o) (nan)
Generated_Source\PSoC6\pdl\middleware\emWin\libs\GCC\libemWin_osnts_gcc.a(F16_1.o)
                              .\CortexM4\ARM_GCC_541\Debug\main_cm4.o (GUI_Font16_1)
Generated_Source\PSoC6\pdl\middleware\emWin\libs\GCC\libemWin_osnts_gcc.a(F16_ASCII.o)
                              Generated_Source\PSoC6\pdl\middleware\emWin\libs\GCC\libemWin_osnts_gcc.a(F16_1.o) (GUI_Font16ASCIIProp1)
Generated_Source\PSoC6\pdl\middleware\emWin\libs\GCC\libemWin_osnts_gcc.a(F32B_1.o)
                              .\CortexM4\ARM_GCC_541\Debug\main_cm4.o (GUI_Font32B_1)
Generated_Source\PSoC6\pdl\middleware\emWin\libs\GCC\libemWin_osnts_gcc.a(F32B_ASCII.o)
                              Generated_Source\PSoC6\pdl\middleware\emWin\libs\GCC\libemWin_osnts_gcc.a(F32B_1.o) (GUI_Font32B_ASCII_Prop1)
Generated_Source\PSoC6\pdl\middleware\emWin\libs\GCC\libemWin_osnts_gcc.a(F6x8.o)
                              .\CortexM4\ARM_GCC_541\Debug\GUIConf.o (GUI_Font6x8)
Generated_Source\PSoC6\pdl\middleware\emWin\libs\GCC\libemWin_osnts_gcc.a(GUI_2DLib.o)
                              .\CortexM4\ARM_GCC_541\Debug\main_cm4.o (GUI_DrawRect)
Generated_Source\PSoC6\pdl\middleware\emWin\libs\GCC\libemWin_osnts_gcc.a(GUI_Alloc.o)
                              .\CortexM4\ARM_GCC_541\Debug\GUIConf.o (GUI_ALLOC_AssignMemory)
Generated_Source\PSoC6\pdl\middleware\emWin\libs\GCC\libemWin_osnts_gcc.a(GUI_CharM.o)
                              Generated_Source\PSoC6\pdl\middleware\emWin\libs\GCC\libemWin_osnts_gcc.a(F6x8.o) (GUIMONO_DispChar)
Generated_Source\PSoC6\pdl\middleware\emWin\libs\GCC\libemWin_osnts_gcc.a(GUI_CharP.o)
                              Generated_Source\PSoC6\pdl\middleware\emWin\libs\GCC\libemWin_osnts_gcc.a(F16_1.o) (GUIPROP_DispChar)
Generated_Source\PSoC6\pdl\middleware\emWin\libs\GCC\libemWin_osnts_gcc.a(GUI_Common.o)
                              Generated_Source\PSoC6\pdl\middleware\emWin\libs\GCC\libemWin_osnts_gcc.a(GUI_CharP.o) (GUI_GetBkColor)
Generated_Source\PSoC6\pdl\middleware\emWin\libs\GCC\libemWin_osnts_gcc.a(GUI_Core.o)
                              Generated_Source\PSoC6\pdl\middleware\emWin\libs\GCC\libemWin_osnts_gcc.a(GUI_Common.o) (GUI__apDevice)
Generated_Source\PSoC6\pdl\middleware\emWin\libs\GCC\libemWin_osnts_gcc.a(GUI_Device.o)
                              .\CortexM4\ARM_GCC_541\Debug\LCDConf.o (GUI_DEVICE_CreateAndLink)
Generated_Source\PSoC6\pdl\middleware\emWin\libs\GCC\libemWin_osnts_gcc.a(GUI_DispString.o)
[...]
Memory Configuration

Name             Origin             Length             Attributes
ram              0x08024000         0x00023800         xrw
flash            0x10080000         0x00080000         xr
em_eeprom        0x14000000         0x00008000         xr
sflash_user_data 0x16000800         0x00000800         xr
sflash_nar       0x16001a00         0x00000200         xr
sflash_public_key 0x16005a00         0x00000c00         xr
sflash_toc_2     0x16007c00         0x00000200         xr
sflash_rtoc_2    0x16007e00         0x00000200         xr
xip              0x18000000         0x08000000         xr
efuse            0x90700000         0x00100000         r
*default*        0x00000000         0xffffffff

Linker script and memory map

LOAD c:/program files (x86)/cypress/psoc creator/4.4/psoc creator/import/gnu/arm/5.4.1/bin/../lib/gcc/arm-none-eabi/5.4.1/armv7e-m/softfp/crti.o
LOAD c:/program files (x86)/cypress/psoc creator/4.4/psoc creator/import/gnu/arm/5.4.1/bin/../lib/gcc/arm-none-eabi/5.4.1/armv7e-m/softfp/crtbegin.o
LOAD c:/program files (x86)/cypress/psoc creator/4.4/psoc creator/import/gnu/arm/5.4.1/bin/../lib/gcc/arm-none-eabi/5.4.1/../../../../arm-none-eabi/lib/armv7e-m/softfp/crt0.o
START GROUP
LOAD Generated_Source\PSoC6\pdl\middleware\emWin\libs\GCC\libemWin_osnts_gcc.a
LOAD .\CortexM4\ARM_GCC_541\Debug\startup_psoc6_01_cm4.o
LOAD .\CortexM4\ARM_GCC_541\Debug\main_cm4.o
LOAD .\CortexM4\ARM_GCC_541\Debug\system_psoc6_cm4.o
LOAD .\CortexM4\ARM_GCC_541\Debug\traitement.o
LOAD .\CortexM4\ARM_GCC_541\Debug\communication.o
LOAD .\CortexM4\ARM_GCC_541\Debug\pervasive_eink_hardware_driver.o
LOAD .\CortexM4\ARM_GCC_541\Debug\cy_eink_library.o
LOAD .\CortexM4\ARM_GCC_541\Debug\cy_eink_psoc_interface.o
LOAD .\CortexM4\ARM_GCC_541\Debug\Cypress Logo Full Color_PNG_1bpp.o
LOAD .\CortexM4\ARM_GCC_541\Debug\LCDConf.o
LOAD .\CortexM4\ARM_GCC_541\Debug\GUI_X_RTOS.o
LOAD .\CortexM4\ARM_GCC_541\Debug\GUIConf.o
LOAD .\CortexM4\ARM_GCC_541\Debug\stdio_user.o
LOAD .\CortexM4\ARM_GCC_541\Debug\cyfitter_sysint_cfg.o
LOAD .\CortexM4\ARM_GCC_541\Debug\cymetadata.o
LOAD .\CortexM4\ARM_GCC_541\Debug\CY_EINK_SPIM.o
LOAD .\CortexM4\ARM_GCC_541\Debug\CY_EINK_Timer.o
LOAD .\CortexM4\ARM_GCC_541\Debug\Status_SW2.o
LOAD .\CortexM4\ARM_GCC_541\Debug\cy_efuse.o
LOAD .\CortexM4\ARM_GCC_541\Debug\cy_flash.o
LOAD .\CortexM4\ARM_GCC_541\Debug\cy_gpio.o
LOAD .\CortexM4\ARM_GCC_541\Debug\cy_ipc_drv.o
LOAD .\CortexM4\ARM_GCC_541\Debug\cy_ipc_sema.o
LOAD .\CortexM4\ARM_GCC_541\Debug\cy_ipc_pipe.o
LOAD .\CortexM4\ARM_GCC_541\Debug\cy_lvd.o
LOAD .\CortexM4\ARM_GCC_541\Debug\cy_profile.o
LOAD .\CortexM4\ARM_GCC_541\Debug\cy_prot.o
LOAD .\CortexM4\ARM_GCC_541\Debug\cy_scb_common.o
LOAD .\CortexM4\ARM_GCC_541\Debug\cy_scb_i2c.o
LOAD .\CortexM4\ARM_GCC_541\Debug\cy_scb_ezi2c.o
LOAD .\CortexM4\ARM_GCC_541\Debug\cy_scb_spi.o
LOAD .\CortexM4\ARM_GCC_541\Debug\cy_scb_uart.o
LOAD .\CortexM4\ARM_GCC_541\Debug\cy_sysanalog.o
LOAD .\CortexM4\ARM_GCC_541\Debug\cy_sysclk.o
LOAD .\CortexM4\ARM_GCC_541\Debug\cy_sysint.o
LOAD .\CortexM4\ARM_GCC_541\Debug\cy_syslib.o
LOAD .\CortexM4\ARM_GCC_541\Debug\cy_syslib_gcc.o
LOAD .\CortexM4\ARM_GCC_541\Debug\cy_syspm.o
LOAD .\CortexM4\ARM_GCC_541\Debug\cy_systick.o
LOAD .\CortexM4\ARM_GCC_541\Debug\cy_tcpwm_counter.o
LOAD .\CortexM4\ARM_GCC_541\Debug\cy_tcpwm_pwm.o
LOAD .\CortexM4\ARM_GCC_541\Debug\cy_tcpwm_quaddec.o
LOAD .\CortexM4\ARM_GCC_541\Debug\cy_trigmux.o
LOAD .\CortexM4\ARM_GCC_541\Debug\cy_wdt.o
LOAD .\CortexM4\ARM_GCC_541\Debug\cy_device.o
LOAD .\CortexM4\ARM_GCC_541\Debug\cy_ble_clk.o
LOAD .\CortexM4\ARM_GCC_541\Debug\croutine.o
LOAD .\CortexM4\ARM_GCC_541\Debug\event_groups.o
LOAD .\CortexM4\ARM_GCC_541\Debug\list.o
LOAD .\CortexM4\ARM_GCC_541\Debug\queue.o
LOAD .\CortexM4\ARM_GCC_541\Debug\tasks.o
LOAD .\CortexM4\ARM_GCC_541\Debug\timers.o
LOAD .\CortexM4\ARM_GCC_541\Debug\stream_buffer.o
LOAD .\CortexM4\ARM_GCC_541\Debug\port.o
LOAD .\CortexM4\ARM_GCC_541\Debug\heap_1.o
LOAD .\CortexM4\ARM_GCC_541\Debug\retarget.o
LOAD c:/program files (x86)/cypress/psoc creator/4.4/psoc creator/import/gnu/arm/5.4.1/bin/../lib/gcc/arm-none-eabi/5.4.1/../../../../arm-none-eabi/lib/armv7e-m/softfp\libm.a
LOAD .\CMSIS\Lib\GCC\libarm_cortexM4l_math.a
END GROUP
START GROUP
LOAD c:/program files (x86)/cypress/psoc creator/4.4/psoc creator/import/gnu/arm/5.4.1/bin/../lib/gcc/arm-none-eabi/5.4.1/armv7e-m/softfp\libgcc.a
LOAD c:/program files (x86)/cypress/psoc creator/4.4/psoc creator/import/gnu/arm/5.4.1/bin/../lib/gcc/arm-none-eabi/5.4.1/../../../../arm-none-eabi/lib/armv7e-m/softfp\libg_nano.a
LOAD c:/program files (x86)/cypress/psoc creator/4.4/psoc creator/import/gnu/arm/5.4.1/bin/../lib/gcc/arm-none-eabi/5.4.1/../../../../arm-none-eabi/lib/armv7e-m/softfp\libc_nano.a
END GROUP
START GROUP
LOAD c:/program files (x86)/cypress/psoc creator/4.4/psoc creator/import/gnu/arm/5.4.1/bin/../lib/gcc/arm-none-eabi/5.4.1/armv7e-m/softfp\libgcc.a
LOAD c:/program files (x86)/cypress/psoc creator/4.4/psoc creator/import/gnu/arm/5.4.1/bin/../lib/gcc/arm-none-eabi/5.4.1/../../../../arm-none-eabi/lib/armv7e-m/softfp\libc_nano.a
END GROUP
LOAD c:/program files (x86)/cypress/psoc creator/4.4/psoc creator/import/gnu/arm/5.4.1/bin/../lib/gcc/arm-none-eabi/5.4.1/armv7e-m/softfp/crtend.o
LOAD c:/program files (x86)/cypress/psoc creator/4.4/psoc creator/import/gnu/arm/5.4.1/bin/../lib/gcc/arm-none-eabi/5.4.1/armv7e-m/softfp/crtn.o
START GROUP
LOAD c:/program files (x86)/cypress/psoc creator/4.4/psoc creator/import/gnu/arm/5.4.1/bin/../lib/gcc/arm-none-eabi/5.4.1/armv7e-m/softfp\libgcc.a
LOAD c:/program files (x86)/cypress/psoc creator/4.4/psoc creator/import/gnu/arm/5.4.1/bin/../lib/gcc/arm-none-eabi/5.4.1/../../../../arm-none-eabi/lib/armv7e-m/softfp\libc.a
LOAD c:/program files (x86)/cypress/psoc creator/4.4/psoc creator/import/gnu/arm/5.4.1/bin/../lib/gcc/arm-none-eabi/5.4.1/../../../../arm-none-eabi/lib/armv7e-m/softfp\libnosys.a
END GROUP
START GROUP
LOAD c:/program files (x86)/cypress/psoc creator/4.4/psoc creator/import/gnu/arm/5.4.1/bin/../lib/gcc/arm-none-eabi/5.4.1/armv7e-m/softfp\libgcc.a
LOAD c:/program files (x86)/cypress/psoc creator/4.4/psoc creator/import/gnu/arm/5.4.1/bin/../lib/gcc/arm-none-eabi/5.4.1/../../../../arm-none-eabi/lib/armv7e-m/softfp\libc.a
LOAD c:/program files (x86)/cypress/psoc creator/4.4/psoc creator/import/gnu/arm/5.4.1/bin/../lib/gcc/arm-none-eabi/5.4.1/../../../../arm-none-eabi/lib/armv7e-m/softfp\libm.a
LOAD c:/program files (x86)/cypress/psoc creator/4.4/psoc creator/import/gnu/arm/5.4.1/bin/../lib/gcc/arm-none-eabi/5.4.1/../../../../arm-none-eabi/lib/armv7e-m/softfp\libnosys.a
END GROUP

.text           0x10080000     0xf77c
                0x10080000                . = ALIGN (0x4)
                0x10080000                __Vectors = .
 *(.vectors)
 .vectors       0x10080000      0x28c .\CortexM4\ARM_GCC_541\Debug\startup_psoc6_01_cm4.o
                0x1008028c                . = ALIGN (0x4)
                0x1008028c                __Vectors_End = .
                0x0000028c                __Vectors_Size = (__Vectors_End - __Vectors)
                0x1008028c                __end__ = .
                0x1008028c                . = ALIGN (0x4)
 *(.text*)
 .text          0x1008028c       0x5c c:/program files (x86)/cypress/psoc creator/4.4/psoc creator/import/gnu/arm/5.4.1/bin/../lib/gcc/arm-none-eabi/5.4.1/armv7e-m/softfp/crtbegin.o
 .text          0x100802e8       0x84 .\CortexM4\ARM_GCC_541\Debug\startup_psoc6_01_cm4.o
                0x100802e8                Cy_OnResetUser
                0x100802ea                Reset_Handler
                0x1008034c                cpuss_interrupts_ipc_6_IRQHandler
                0x1008034c                DebugMon_Handler
                0x1008034c                tcpwm_1_interrupts_11_IRQHandler
                0x1008034c                cpuss_interrupts_ipc_0_IRQHandler
                0x1008034c                tcpwm_1_interrupts_15_IRQHandler
                0x1008034c                ioss_interrupts_gpio_13_IRQHandler
                0x1008034c                tcpwm_1_interrupts_13_IRQHandler
                0x1008034c                cpuss_interrupts_dw1_8_IRQHandler
                0x1008034c                tcpwm_0_interrupts_0_IRQHandler
                0x1008034c                cpuss_interrupt_fm_IRQHandler
                0x1008034c                cpuss_interrupts_ipc_7_IRQHandler
                0x1008034c                tcpwm_1_interrupts_14_IRQHandler
                0x1008034c                cpuss_interrupts_dw0_5_IRQHandler
                0x1008034c                tcpwm_1_interrupts_9_IRQHandler
                0x1008034c                cpuss_interrupts_cm0_cti_1_IRQHandler
                0x1008034c                tcpwm_1_interrupts_22_IRQHandler
                0x1008034c                cpuss_interrupts_dw0_4_IRQHandler
                0x1008034c                NMI_Handler
                0x1008034c                cpuss_interrupts_dw1_12_IRQHandler
                0x1008034c                tcpwm_1_interrupts_12_IRQHandler
                0x1008034c                smif_interrupt_IRQHandler
                0x1008034c                tcpwm_1_interrupts_2_IRQHandler
                0x1008034c                cpuss_interrupts_ipc_13_IRQHandler
                0x1008034c                udb_interrupts_11_IRQHandler
                0x1008034c                tcpwm_1_interrupts_18_IRQHandler
                0x1008034c                cpuss_interrupts_dw0_11_IRQHandler
                0x1008034c                tcpwm_0_interrupts_2_IRQHandler
                0x1008034c                cpuss_interrupts_dw0_13_IRQHandler
                0x1008034c                udb_interrupts_2_IRQHandler
                0x1008034c                cpuss_interrupts_dw1_7_IRQHandler
                0x1008034c                ioss_interrupts_gpio_1_IRQHandler
                0x1008034c                ioss_interrupts_gpio_7_IRQHandler
                0x1008034c                scb_5_interrupt_IRQHandler
                0x1008034c                udb_interrupts_6_IRQHandler
                0x1008034c                cpuss_interrupts_fault_1_IRQHandler
                0x1008034c                cpuss_interrupts_ipc_4_IRQHandler
                0x1008034c                cpuss_interrupts_ipc_5_IRQHandler
                0x1008034c                cpuss_interrupts_dw1_10_IRQHandler
                0x1008034c                udb_interrupts_0_IRQHandler
                0x1008034c                tcpwm_1_interrupts_6_IRQHandler
                0x1008034c                scb_4_interrupt_IRQHandler
                0x1008034c                pass_interrupt_dacs_IRQHandler
                0x1008034c                ioss_interrupts_gpio_2_IRQHandler
                0x1008034c                cpuss_interrupts_dw1_9_IRQHandler
                0x1008034c                cpuss_interrupts_dw1_13_IRQHandler
                0x1008034c                scb_2_interrupt_IRQHandler
                0x1008034c                cpuss_interrupts_cm0_cti_0_IRQHandler
                0x1008034c                udb_interrupts_5_IRQHandler
                0x1008034c                srss_interrupt_IRQHandler
                0x1008034c                udb_interrupts_12_IRQHandler
                0x1008034c                scb_0_interrupt_IRQHandler
                0x1008034c                csd_interrupt_IRQHandler
                0x1008034c                udb_interrupts_1_IRQHandler
                0x1008034c                profile_interrupt_IRQHandler
                0x1008034c                tcpwm_1_interrupts_1_IRQHandler
                0x1008034c                cpuss_interrupts_ipc_12_IRQHandler
                0x1008034c                tcpwm_1_interrupts_3_IRQHandler
                0x1008034c                tcpwm_0_interrupts_7_IRQHandler
                0x1008034c                cpuss_interrupts_dw1_1_IRQHandler
                0x1008034c                cpuss_interrupts_dw1_0_IRQHandler
                0x1008034c                cpuss_interrupts_dw0_9_IRQHandler
                0x1008034c                lpcomp_interrupt_IRQHandler
                0x1008034c                tcpwm_1_interrupts_23_IRQHandler
                0x1008034c                udb_interrupts_4_IRQHandler
                0x1008034c                tcpwm_1_interrupts_20_IRQHandler
                0x1008034c                ioss_interrupt_gpio_IRQHandler
                0x1008034c                tcpwm_0_interrupts_1_IRQHandler
                0x1008034c                ioss_interrupts_gpio_8_IRQHandler
                0x1008034c                tcpwm_0_interrupts_6_IRQHandler
                0x1008034c                scb_7_interrupt_IRQHandler
                0x1008034c                tcpwm_1_interrupts_7_IRQHandler
                0x1008034c                cpuss_interrupts_ipc_11_IRQHandler
                0x1008034c                udb_interrupts_13_IRQHandler
                0x1008034c                cpuss_interrupts_dw0_15_IRQHandler
                0x1008034c                udb_interrupts_7_IRQHandler
                0x1008034c                cpuss_interrupts_dw1_6_IRQHandler
                0x1008034c                cpuss_interrupt_crypto_IRQHandler
                0x1008034c                scb_1_interrupt_IRQHandler
                0x1008034c                Default_Handler
                0x1008034c                usb_interrupt_hi_IRQHandler
                0x1008034c                tcpwm_1_interrupts_0_IRQHandler
                0x1008034c                udb_interrupts_9_IRQHandler
                0x1008034c                audioss_interrupt_pdm_IRQHandler
                0x1008034c                srss_interrupt_mcwdt_0_IRQHandler
                0x1008034c                scb_3_interrupt_IRQHandler
                0x1008034c                pass_interrupt_ctbs_IRQHandler
                0x1008034c                udb_interrupts_8_IRQHandler
                0x1008034c                ioss_interrupts_gpio_3_IRQHandler
                0x1008034c                scb_6_interrupt_IRQHandler
                0x1008034c                cpuss_interrupts_cm4_cti_0_IRQHandler
                0x1008034c                cpuss_interrupts_dw1_3_IRQHandler
                0x1008034c                pass_interrupt_sar_IRQHandler
                0x1008034c                ioss_interrupts_gpio_0_IRQHandler
                0x1008034c                ioss_interrupts_gpio_14_IRQHandler
                0x1008034c                tcpwm_0_interrupts_4_IRQHandler
                0x1008034c                udb_interrupts_3_IRQHandler
                0x1008034c                tcpwm_0_interrupts_5_IRQHandler
                0x1008034c                cpuss_interrupts_ipc_15_IRQHandler
                0x1008034c                cpuss_interrupts_cm4_cti_1_IRQHandler
                0x1008034c                scb_8_interrupt_IRQHandler
                0x1008034c                srss_interrupt_mcwdt_1_IRQHandler
                0x1008034c                cpuss_interrupts_dw1_2_IRQHandler
                0x1008034c                cpuss_interrupts_dw1_5_IRQHandler
                0x1008034c                cpuss_interrupts_ipc_1_IRQHandler
                0x1008034c                cpuss_interrupts_dw0_0_IRQHandler
                0x1008034c                ioss_interrupts_gpio_12_IRQHandler
                0x1008034c                cpuss_interrupts_ipc_3_IRQHandler
                0x1008034c                tcpwm_1_interrupts_17_IRQHandler
                0x1008034c                srss_interrupt_backup_IRQHandler
                0x1008034c                bless_interrupt_IRQHandler
                0x1008034c                cpuss_interrupts_ipc_10_IRQHandler
                0x1008034c                cpuss_interrupts_ipc_9_IRQHandler
                0x1008034c                cpuss_interrupts_dw0_14_IRQHandler
                0x1008034c                tcpwm_1_interrupts_4_IRQHandler
                0x1008034c                tcpwm_0_interrupts_3_IRQHandler
                0x1008034c                cpuss_interrupts_dw1_15_IRQHandler
                0x1008034c                ioss_interrupts_gpio_10_IRQHandler
                0x1008034c                udb_interrupts_10_IRQHandler
                0x1008034c                cpuss_interrupts_dw0_8_IRQHandler
                0x1008034c                ioss_interrupts_gpio_11_IRQHandler
                0x1008034c                cpuss_interrupts_ipc_14_IRQHandler
                0x1008034c                ioss_interrupts_gpio_5_IRQHandler
                0x1008034c                ioss_interrupts_gpio_4_IRQHandler
                0x1008034c                tcpwm_1_interrupts_8_IRQHandler
                0x1008034c                cpuss_interrupts_dw1_14_IRQHandler
                0x1008034c                usb_interrupt_med_IRQHandler
                0x1008034c                cpuss_interrupts_dw0_2_IRQHandler
                0x1008034c                tcpwm_1_interrupts_10_IRQHandler
                0x1008034c                cpuss_interrupts_fault_0_IRQHandler
                0x1008034c                cpuss_interrupts_dw0_12_IRQHandler
                0x1008034c                ioss_interrupts_gpio_6_IRQHandler
                0x1008034c                tcpwm_1_interrupts_21_IRQHandler
                0x1008034c                tcpwm_1_interrupts_16_IRQHandler
                0x1008034c                cpuss_interrupts_dw1_4_IRQHandler
                0x1008034c                udb_interrupts_15_IRQHandler
                0x1008034c                cpuss_interrupts_dw1_11_IRQHandler
                0x1008034c                cpuss_interrupts_dw0_6_IRQHandler
                0x1008034c                ioss_interrupt_vdd_IRQHandler
                0x1008034c                cpuss_interrupts_dw0_7_IRQHandler
                0x1008034c                audioss_interrupt_i2s_IRQHandler
                0x1008034c                tcpwm_1_interrupts_5_IRQHandler
                0x1008034c                cpuss_interrupts_ipc_2_IRQHandler
                0x1008034c                cpuss_interrupts_dw0_10_IRQHandler
                0x1008034c                tcpwm_1_interrupts_19_IRQHandler
                0x1008034c                cpuss_interrupts_dw0_1_IRQHandler
                0x1008034c                ioss_interrupts_gpio_9_IRQHandler
                0x1008034c                usb_interrupt_lo_IRQHandler
                0x1008034c                cpuss_interrupts_ipc_8_IRQHandler
                0x1008034c                udb_interrupts_14_IRQHandler
                0x1008034c                cpuss_interrupts_dw0_3_IRQHandler
                0x10080350                UsageFault_Handler
                0x10080350                HardFault_Handler
                0x10080350                MemManage_Handler
                0x10080350                BusFault_Handler
 .text.UpdateDisplay
                0x1008036c       0x2c .\CortexM4\ARM_GCC_541\Debug\main_cm4.o
                0x1008036c                UpdateDisplay
 .text.main     0x10080398       0x9c .\CortexM4\ARM_GCC_541\Debug\main_cm4.o
                0x10080398                main
 .text.Cy_SysIpcPipeIsrCm4
                0x10080434        0xc .\CortexM4\ARM_GCC_541\Debug\system_psoc6_cm4.o
                0x10080434                Cy_SysIpcPipeIsrCm4
 .text.Cy_SystemInit
                0x10080440        0x4 .\CortexM4\ARM_GCC_541\Debug\system_psoc6_cm4.o
                0x10080440                Cy_SystemInit
 .text.SystemCoreClockUpdate
                0x10080444      0x190 .\CortexM4\ARM_GCC_541\Debug\system_psoc6_cm4.o
                0x10080444                SystemCoreClockUpdate
 .text.SystemInit
                0x100805d4       0x48 .\CortexM4\ARM_GCC_541\Debug\system_psoc6_cm4.o
                0x100805d4                SystemInit
 .text.Cy_SystemInitFpuEnable
                0x1008061c       0x28 .\CortexM4\ARM_GCC_541\Debug\system_psoc6_cm4.o
                0x1008061c                Cy_SystemInitFpuEnable
 .text.Pv_EINK_SendData
                0x10080644       0x38 .\CortexM4\ARM_GCC_541\Debug\pervasive_eink_hardware_driver.o
                0x10080644                Pv_EINK_SendData
 .text.Pv_EINK_SendByte
                0x1008067c       0x18 .\CortexM4\ARM_GCC_541\Debug\pervasive_eink_hardware_driver.o
                0x1008067c                Pv_EINK_SendByte
 .text.Pv_EINK_ReadByte
                0x10080694       0x30 .\CortexM4\ARM_GCC_541\Debug\pervasive_eink_hardware_driver.o
                0x10080694                Pv_EINK_ReadByte
 .text.Pv_EINK_Init
                0x100806c4       0x34 .\CortexM4\ARM_GCC_541\Debug\pervasive_eink_hardware_driver.o
                0x100806c4                Pv_EINK_Init
 .text.Pv_EINK_InitDriver
                0x100806f8      0x118 .\CortexM4\ARM_GCC_541\Debug\pervasive_eink_hardware_driver.o
                0x100806f8                Pv_EINK_InitDriver
 .text.Pv_EINK_SetTempFactor
                0x10080810       0x58 .\CortexM4\ARM_GCC_541\Debug\pervasive_eink_hardware_driver.o
                0x10080810                Pv_EINK_SetTempFactor
 .text.Pv_EINK_FullStageHandler
                0x10080868      0x424 .\CortexM4\ARM_GCC_541\Debug\pervasive_eink_hardware_driver.o
                0x10080868                Pv_EINK_FullStageHandler
 .text.Pv_EINK_PartialStageHandler
                0x10080c8c      0x228 .\CortexM4\ARM_GCC_541\Debug\pervasive_eink_hardware_driver.o
                0x10080c8c                Pv_EINK_PartialStageHandler
 .text.Pv_EINK_NothingFrame
                0x10080eb4       0x5c .\CortexM4\ARM_GCC_541\Debug\pervasive_eink_hardware_driver.o
                0x10080eb4                Pv_EINK_NothingFrame
 .text.Pv_EINK_DummyLine
                0x10080f10       0x34 .\CortexM4\ARM_GCC_541\Debug\pervasive_eink_hardware_driver.o
                0x10080f10                Pv_EINK_DummyLine
 .text.Pv_EINK_HardwarePowerOn
                0x10080f44       0x44 .\CortexM4\ARM_GCC_541\Debug\pervasive_eink_hardware_driver.o
                0x10080f44                Pv_EINK_HardwarePowerOn
 .text.Pv_EINK_HardwarePowerOff
                0x10080f88       0xa8 .\CortexM4\ARM_GCC_541\Debug\pervasive_eink_hardware_driver.o
                0x10080f88                Pv_EINK_HardwarePowerOff
 .text.Cy_EINK_Start
                0x10081030       0x10 .\CortexM4\ARM_GCC_541\Debug\cy_eink_library.o
                0x10081030                Cy_EINK_Start
 .text.Cy_EINK_Power
                0x10081040       0x18 .\CortexM4\ARM_GCC_541\Debug\cy_eink_library.o
                0x10081040                Cy_EINK_Power
 .text.Cy_EINK_ShowFrame
                0x10081058       0x54 .\CortexM4\ARM_GCC_541\Debug\cy_eink_library.o
                0x10081058                Cy_EINK_ShowFrame
 .text.Cy_EINK_TimerInit
                0x100810ac       0x14 .\CortexM4\ARM_GCC_541\Debug\cy_eink_psoc_interface.o
                0x100810ac                Cy_EINK_TimerInit
 .text.Cy_EINK_GetTimeTick
                0x100810c0        0xc .\CortexM4\ARM_GCC_541\Debug\cy_eink_psoc_interface.o
                0x100810c0                Cy_EINK_GetTimeTick
 .text.Cy_EINK_TimerStop
                0x100810cc        0xc .\CortexM4\ARM_GCC_541\Debug\cy_eink_psoc_interface.o
                0x100810cc                Cy_EINK_TimerStop
 .text.Cy_EINK_InitSPI
                0x100810d8       0x30 .\CortexM4\ARM_GCC_541\Debug\cy_eink_psoc_interface.o
                0x100810d8                Cy_EINK_InitSPI
 .text.Cy_EINK_AttachSPI
                0x10081108       0x1c .\CortexM4\ARM_GCC_541\Debug\cy_eink_psoc_interface.o
                0x10081108                Cy_EINK_AttachSPI
 .text.Cy_EINK_DetachSPI
                0x10081124       0x14 .\CortexM4\ARM_GCC_541\Debug\cy_eink_psoc_interface.o
                0x10081124                Cy_EINK_DetachSPI
 .text.Cy_EINK_WriteSPI
                0x10081138       0x60 .\CortexM4\ARM_GCC_541\Debug\cy_eink_psoc_interface.o
                0x10081138                Cy_EINK_WriteSPI
 .text.Cy_EINK_ReadSPI
                0x10081198       0x68 .\CortexM4\ARM_GCC_541\Debug\cy_eink_psoc_interface.o
                0x10081198                Cy_EINK_ReadSPI
 .text.Cy_EINK_WriteSPIBuffer
                0x10081200       0x84 .\CortexM4\ARM_GCC_541\Debug\cy_eink_psoc_interface.o
                0x10081200                Cy_EINK_WriteSPIBuffer
 .text.Cy_EINK_IsBusy
                0x10081284       0x18 .\CortexM4\ARM_GCC_541\Debug\cy_eink_psoc_interface.o
                0x10081284                Cy_EINK_IsBusy
 .text.LCD_X_Config
                0x1008129c       0x70 .\CortexM4\ARM_GCC_541\Debug\LCDConf.o
                0x1008129c                LCD_X_Config
 .text.LCD_X_DisplayDriver
                0x1008130c       0x10 .\CortexM4\ARM_GCC_541\Debug\LCDConf.o
                0x1008130c                LCD_X_DisplayDriver
 .text.LCD_GetDisplayBuffer
                0x1008131c        0x8 .\CortexM4\ARM_GCC_541\Debug\LCDConf.o
                0x1008131c                LCD_GetDisplayBuffer
 .text.GUI_X_InitOS
                0x10081324       0x14 .\CortexM4\ARM_GCC_541\Debug\GUI_X_RTOS.o
                0x10081324                GUI_X_InitOS
 .text.GUI_X_Unlock
                0x10081338       0x18 .\CortexM4\ARM_GCC_541\Debug\GUI_X_RTOS.o
                0x10081338                GUI_X_Unlock
 .text.GUI_X_Lock
                0x10081350       0x14 .\CortexM4\ARM_GCC_541\Debug\GUI_X_RTOS.o
                0x10081350                GUI_X_Lock
 .text.GUI_X_GetTaskId
                0x10081364        0x8 .\CortexM4\ARM_GCC_541\Debug\GUI_X_RTOS.o
                0x10081364                GUI_X_GetTaskId
 .text.GUI_X_Init
                0x1008136c        0x4 .\CortexM4\ARM_GCC_541\Debug\GUI_X_RTOS.o
                0x1008136c                GUI_X_Init
 .text.GUI_X_Config
                0x10081370       0x1c .\CortexM4\ARM_GCC_541\Debug\GUIConf.o
                0x10081370                GUI_X_Config
 .text.CY_EINK_Timer_Start
                0x1008138c       0x30 .\CortexM4\ARM_GCC_541\Debug\CY_EINK_Timer.o
                0x1008138c                CY_EINK_Timer_Start
 .text.Cy_Flash_ProcessOpcode
                0x100813bc       0xac .\CortexM4\ARM_GCC_541\Debug\cy_flash.o
 .text.Cy_Flash_OperationStatus
                0x10081468       0x5c .\CortexM4\ARM_GCC_541\Debug\cy_flash.o
 .text.Cy_Flash_InitExt
                0x100814c4       0x80 .\CortexM4\ARM_GCC_541\Debug\cy_flash.o
                0x100814c4                Cy_Flash_InitExt
 .text.Cy_Flash_Init
                0x10081544       0x10 .\CortexM4\ARM_GCC_541\Debug\cy_flash.o
                0x10081544                Cy_Flash_Init
 .text.Cy_IPC_Drv_LockRelease
                0x10081554       0x3c .\CortexM4\ARM_GCC_541\Debug\cy_ipc_drv.o
                0x10081554                Cy_IPC_Drv_LockRelease
 .text.Cy_IPC_Drv_SendMsgWord
                0x10081590       0x3c .\CortexM4\ARM_GCC_541\Debug\cy_ipc_drv.o
                0x10081590                Cy_IPC_Drv_SendMsgWord
 .text.Cy_IPC_Drv_ReadMsgWord
                0x100815cc       0x38 .\CortexM4\ARM_GCC_541\Debug\cy_ipc_drv.o
                0x100815cc                Cy_IPC_Drv_ReadMsgWord
 .text.Cy_IPC_Sema_InitExt
                0x10081604       0xac .\CortexM4\ARM_GCC_541\Debug\cy_ipc_sema.o
                0x10081604                Cy_IPC_Sema_InitExt
 .text.Cy_IPC_Sema_Init
                0x100816b0       0x64 .\CortexM4\ARM_GCC_541\Debug\cy_ipc_sema.o
                0x100816b0                Cy_IPC_Sema_Init
 .text.Cy_IPC_Sema_Clear
                0x10081714       0x88 .\CortexM4\ARM_GCC_541\Debug\cy_ipc_sema.o
                0x10081714                Cy_IPC_Sema_Clear
 .text.Cy_IPC_Sema_Status
                0x1008179c       0x40 .\CortexM4\ARM_GCC_541\Debug\cy_ipc_sema.o
                0x1008179c                Cy_IPC_Sema_Status
 .text.Cy_IPC_Pipe_Config
                0x100817dc       0x10 .\CortexM4\ARM_GCC_541\Debug\cy_ipc_pipe.o
                0x100817dc                Cy_IPC_Pipe_Config
 .text.Cy_IPC_Pipe_EndpointInit
                0x100817ec       0xd0 .\CortexM4\ARM_GCC_541\Debug\cy_ipc_pipe.o
                0x100817ec                Cy_IPC_Pipe_EndpointInit
 .text.Cy_IPC_Pipe_Init
                0x100818bc       0xb4 .\CortexM4\ARM_GCC_541\Debug\cy_ipc_pipe.o
                0x100818bc                Cy_IPC_Pipe_Init
 .text.Cy_IPC_Pipe_SendMessage
                0x10081970       0xa4 .\CortexM4\ARM_GCC_541\Debug\cy_ipc_pipe.o
                0x10081970                Cy_IPC_Pipe_SendMessage
 .text.Cy_IPC_Pipe_RegisterCallback
                0x10081a14       0x50 .\CortexM4\ARM_GCC_541\Debug\cy_ipc_pipe.o
                0x10081a14                Cy_IPC_Pipe_RegisterCallback
 .text.Cy_IPC_Pipe_ExecCallback
                0x10081a64       0xbc .\CortexM4\ARM_GCC_541\Debug\cy_ipc_pipe.o
                0x10081a64                Cy_IPC_Pipe_ExecCallback
 .text.Cy_IPC_Pipe_ExecuteCallback
                0x10081b20       0x2c .\CortexM4\ARM_GCC_541\Debug\cy_ipc_pipe.o
                0x10081b20                Cy_IPC_Pipe_ExecuteCallback
 .text.Cy_SCB_Write
                0x10081b4c       0x28 .\CortexM4\ARM_GCC_541\Debug\cy_scb_common.o
                0x10081b4c                Cy_SCB_Write
 .text.Cy_SCB_WriteArrayNoCheck
                0x10081b74       0x38 .\CortexM4\ARM_GCC_541\Debug\cy_scb_common.o
                0x10081b74                Cy_SCB_WriteArrayNoCheck
 .text.Cy_SCB_WriteArray
                0x10081bac       0x2c .\CortexM4\ARM_GCC_541\Debug\cy_scb_common.o
                0x10081bac                Cy_SCB_WriteArray
 .text.Cy_SCB_WriteArrayBlocking
                0x10081bd8       0x30 .\CortexM4\ARM_GCC_541\Debug\cy_scb_common.o
                0x10081bd8                Cy_SCB_WriteArrayBlocking
 .text.Cy_SCB_SPI_Init
                0x10081c08      0x268 .\CortexM4\ARM_GCC_541\Debug\cy_scb_spi.o
                0x10081c08                Cy_SCB_SPI_Init
 .text.Cy_SCB_SPI_Disable
                0x10081e70       0x24 .\CortexM4\ARM_GCC_541\Debug\cy_scb_spi.o
                0x10081e70                Cy_SCB_SPI_Disable
 .text.Cy_SysInt_SetVector
                0x10081e94       0x48 .\CortexM4\ARM_GCC_541\Debug\cy_sysint.o
                0x10081e94                Cy_SysInt_SetVector
 .text.Cy_SysInt_Init
                0x10081edc       0x74 .\CortexM4\ARM_GCC_541\Debug\cy_sysint.o
                0x10081edc                Cy_SysInt_Init
 .text.Cy_SysLib_Delay
                0x10081f50       0x30 .\CortexM4\ARM_GCC_541\Debug\cy_syslib.o
                0x10081f50                Cy_SysLib_Delay
 .text.Cy_SysLib_Halt
                0x10081f80        0x4 .\CortexM4\ARM_GCC_541\Debug\cy_syslib.o
                0x10081f80                Cy_SysLib_Halt
 .text.Cy_SysLib_AssertFailed
                0x10081f84       0x1c .\CortexM4\ARM_GCC_541\Debug\cy_syslib.o
                0x10081f84                Cy_SysLib_AssertFailed
 .text.Cy_SysLib_ProcessingFault
                0x10081fa0        0x4 .\CortexM4\ARM_GCC_541\Debug\cy_syslib.o
                0x10081fa0                Cy_SysLib_ProcessingFault
 .text.Cy_SysLib_FaultHandler
                0x10081fa4       0xa4 .\CortexM4\ARM_GCC_541\Debug\cy_syslib.o
                0x10081fa4                Cy_SysLib_FaultHandler
 .text          0x10082048       0x20 .\CortexM4\ARM_GCC_541\Debug\cy_syslib_gcc.o
                0x10082048                Cy_SysLib_DelayCycles
                0x1008205a                Cy_SysLib_EnterCriticalSection
                0x10082062                Cy_SysLib_ExitCriticalSection
 .text.Cy_TCPWM_Counter_Init
                0x10082068      0x110 .\CortexM4\ARM_GCC_541\Debug\cy_tcpwm_counter.o
                0x10082068                Cy_TCPWM_Counter_Init
 .text.Cy_PDL_Init
                0x10082178        0xc .\CortexM4\ARM_GCC_541\Debug\cy_device.o
                0x10082178                Cy_PDL_Init
 .text.vListInitialise
                0x10082184       0x18 .\CortexM4\ARM_GCC_541\Debug\list.o
                0x10082184                vListInitialise
 .text.vListInsertEnd
                0x1008219c       0x18 .\CortexM4\ARM_GCC_541\Debug\list.o
                0x1008219c                vListInsertEnd
 .text.vListInsert
                0x100821b4       0x34 .\CortexM4\ARM_GCC_541\Debug\list.o
                0x100821b4                vListInsert
 .text.uxListRemove
                0x100821e8       0x28 .\CortexM4\ARM_GCC_541\Debug\list.o
                0x100821e8                uxListRemove
 .text.prvGetDisinheritPriorityAfterTimeout
                0x10082210       0x14 .\CortexM4\ARM_GCC_541\Debug\queue.o
 .text.prvIsQueueFull
                0x10082224       0x20 .\CortexM4\ARM_GCC_541\Debug\queue.o
 .text.prvIsQueueEmpty
                0x10082244       0x1c .\CortexM4\ARM_GCC_541\Debug\queue.o
 .text.prvCopyDataToQueue
                0x10082260       0x78 .\CortexM4\ARM_GCC_541\Debug\queue.o
 .text.prvUnlockQueue
                0x100822d8       0x68 .\CortexM4\ARM_GCC_541\Debug\queue.o
 .text.xQueueGenericReset
                0x10082340       0x80 .\CortexM4\ARM_GCC_541\Debug\queue.o
                0x10082340                xQueueGenericReset
 .text.prvInitialiseNewQueue
                0x100823c0       0x1c .\CortexM4\ARM_GCC_541\Debug\queue.o
 .text.xQueueGenericCreate
                0x100823dc       0x4c .\CortexM4\ARM_GCC_541\Debug\queue.o
                0x100823dc                xQueueGenericCreate
 .text.xQueueGenericSend
                0x10082428      0x190 .\CortexM4\ARM_GCC_541\Debug\queue.o
                0x10082428                xQueueGenericSend
 .text.prvInitialiseMutex
                0x100825b8       0x18 .\CortexM4\ARM_GCC_541\Debug\queue.o
 .text.xQueueCreateMutex
                0x100825d0       0x18 .\CortexM4\ARM_GCC_541\Debug\queue.o
                0x100825d0                xQueueCreateMutex
 .text.xQueueSemaphoreTake
                0x100825e8      0x190 .\CortexM4\ARM_GCC_541\Debug\queue.o
                0x100825e8                xQueueSemaphoreTake
 .text.prvResetNextTaskUnblockTime
                0x10082778       0x2c .\CortexM4\ARM_GCC_541\Debug\tasks.o
 .text.prvAddCurrentTaskToDelayedList
                0x100827a4       0x68 .\CortexM4\ARM_GCC_541\Debug\tasks.o
 .text.vTaskSuspendAll
                0x1008280c       0x14 .\CortexM4\ARM_GCC_541\Debug\tasks.o
                0x1008280c                vTaskSuspendAll
 .text.xTaskIncrementTick
                0x10082820       0xfc .\CortexM4\ARM_GCC_541\Debug\tasks.o
                0x10082820                xTaskIncrementTick
 .text.xTaskResumeAll
                0x1008291c       0xf0 .\CortexM4\ARM_GCC_541\Debug\tasks.o
                0x1008291c                xTaskResumeAll
 .text.vTaskSwitchContext
                0x10082a0c       0xc8 .\CortexM4\ARM_GCC_541\Debug\tasks.o
                0x10082a0c                vTaskSwitchContext
 .text.vTaskPlaceOnEventList
                0x10082ad4       0x34 .\CortexM4\ARM_GCC_541\Debug\tasks.o
                0x10082ad4                vTaskPlaceOnEventList
 .text.xTaskRemoveFromEventList
                0x10082b08       0x88 .\CortexM4\ARM_GCC_541\Debug\tasks.o
                0x10082b08                xTaskRemoveFromEventList
 .text.vTaskInternalSetTimeOutState
                0x10082b90       0x14 .\CortexM4\ARM_GCC_541\Debug\tasks.o
                0x10082b90                vTaskInternalSetTimeOutState
 .text.xTaskCheckForTimeOut
                0x10082ba4       0x80 .\CortexM4\ARM_GCC_541\Debug\tasks.o
                0x10082ba4                xTaskCheckForTimeOut
 .text.vTaskMissedYield
                0x10082c24       0x10 .\CortexM4\ARM_GCC_541\Debug\tasks.o
                0x10082c24                vTaskMissedYield
 .text.xTaskGetCurrentTaskHandle
                0x10082c34        0xc .\CortexM4\ARM_GCC_541\Debug\tasks.o
                0x10082c34                xTaskGetCurrentTaskHandle
 .text.xTaskGetSchedulerState
                0x10082c40       0x20 .\CortexM4\ARM_GCC_541\Debug\tasks.o
                0x10082c40                xTaskGetSchedulerState
 .text.xTaskPriorityInherit
                0x10082c60       0xa8 .\CortexM4\ARM_GCC_541\Debug\tasks.o
                0x10082c60                xTaskPriorityInherit
 .text.xTaskPriorityDisinherit
                0x10082d08       0x94 .\CortexM4\ARM_GCC_541\Debug\tasks.o
                0x10082d08                xTaskPriorityDisinherit
 .text.vTaskPriorityDisinheritAfterTimeout
                0x10082d9c       0xac .\CortexM4\ARM_GCC_541\Debug\tasks.o
                0x10082d9c                vTaskPriorityDisinheritAfterTimeout
 .text.pvTaskIncrementMutexHeldCount
                0x10082e48       0x20 .\CortexM4\ARM_GCC_541\Debug\tasks.o
                0x10082e48                pvTaskIncrementMutexHeldCount
 *fill*         0x10082e68        0x8 
 .text.SVC_Handler
                0x10082e70       0x24 .\CortexM4\ARM_GCC_541\Debug\port.o
                0x10082e70                SVC_Handler
 .text.vPortEnterCritical
                0x10082e94       0x44 .\CortexM4\ARM_GCC_541\Debug\port.o
                0x10082e94                vPortEnterCritical
 .text.vPortExitCritical
                0x10082ed8       0x2c .\CortexM4\ARM_GCC_541\Debug\port.o
                0x10082ed8                vPortExitCritical
 *fill*         0x10082f04        0xc 
 .text.PendSV_Handler
                0x10082f10       0x64 .\CortexM4\ARM_GCC_541\Debug\port.o
                0x10082f10                PendSV_Handler
 .text.SysTick_Handler
                0x10082f74       0x2c .\CortexM4\ARM_GCC_541\Debug\port.o
                0x10082f74                SysTick_Handler
 .text.vApplicationStackOverflowHook
                0x10082fa0       0x24 .\CortexM4\ARM_GCC_541\Debug\port.o
                0x10082fa0                vApplicationStackOverflowHook
 .text.pvPortMalloc
                0x10082fc4       0x60 .\CortexM4\ARM_GCC_541\Debug\heap_1.o
                0x10082fc4                pvPortMalloc
 .text.GUI_DrawRect
                0x10083024       0x84 Generated_Source\PSoC6\pdl\middleware\emWin\libs\GCC\libemWin_osnts_gcc.a(GUI_2DLib.o)
                0x10083024                GUI_DrawRect
 .text._PushFreeBlock
                0x100830a8       0x20 Generated_Source\PSoC6\pdl\middleware\emWin\libs\GCC\libemWin_osnts_gcc.a(GUI_Alloc.o)
 .text._RemoveFreeBlock
                0x100830c8       0x44 Generated_Source\PSoC6\pdl\middleware\emWin\libs\GCC\libemWin_osnts_gcc.a(GUI_Alloc.o)
 .text._AddFreeMemory
                0x1008310c       0xa8 Generated_Source\PSoC6\pdl\middleware\emWin\libs\GCC\libemWin_osnts_gcc.a(GUI_Alloc.o)
 .text._RemoveHoles
                0x100831b4       0x94 Generated_Source\PSoC6\pdl\middleware\emWin\libs\GCC\libemWin_osnts_gcc.a(GUI_Alloc.o)
 .text.GUI_ALLOC_FreeFixedBlock
                0x10083248       0x18 Generated_Source\PSoC6\pdl\middleware\emWin\libs\GCC\libemWin_osnts_gcc.a(GUI_Alloc.o)
                0x10083248                GUI_ALLOC_FreeFixedBlock
 .text.GUI_ALLOC_h2p
                0x10083260       0x14 Generated_Source\PSoC6\pdl\middleware\emWin\libs\GCC\libemWin_osnts_gcc.a(GUI_Alloc.o)
                0x10083260                GUI_ALLOC_h2p
 .text.GUI_ALLOC_LockH
                0x10083274       0x20 Generated_Source\PSoC6\pdl\middleware\emWin\libs\GCC\libemWin_osnts_gcc.a(GUI_Alloc.o)
                0x10083274                GUI_ALLOC_LockH
 .text.GUI_ALLOC_UnlockH
                0x10083294       0x30 Generated_Source\PSoC6\pdl\middleware\emWin\libs\GCC\libemWin_osnts_gcc.a(GUI_Alloc.o)
                0x10083294                GUI_ALLOC_UnlockH
 .text.GUI_ALLOC_AssignMemory
                0x100832c4       0x10 Generated_Source\PSoC6\pdl\middleware\emWin\libs\GCC\libemWin_osnts_gcc.a(GUI_Alloc.o)
                0x100832c4                GUI_ALLOC_AssignMemory
 .text.GUI_ALLOC_Free
                0x100832d4       0x2c Generated_Source\PSoC6\pdl\middleware\emWin\libs\GCC\libemWin_osnts_gcc.a(GUI_Alloc.o)
                0x100832d4                GUI_ALLOC_Free
 .text._EnlargeBlocks
                0x10083300       0x98 Generated_Source\PSoC6\pdl\middleware\emWin\libs\GCC\libemWin_osnts_gcc.a(GUI_Alloc.o)
 .text._InitOnce
                0x10083398       0x6c Generated_Source\PSoC6\pdl\middleware\emWin\libs\GCC\libemWin_osnts_gcc.a(GUI_Alloc.o)
 .text.GUI_ALLOC_GetFixedBlock
                0x10083404       0xb8 Generated_Source\PSoC6\pdl\middleware\emWin\libs\GCC\libemWin_osnts_gcc.a(GUI_Alloc.o)
                0x10083404                GUI_ALLOC_GetFixedBlock
 .text._Alloc   0x100834bc      0x100 Generated_Source\PSoC6\pdl\middleware\emWin\libs\GCC\libemWin_osnts_gcc.a(GUI_Alloc.o)
 .text.GUI_ALLOC_AllocNoInit
                0x100835bc       0x1e Generated_Source\PSoC6\pdl\middleware\emWin\libs\GCC\libemWin_osnts_gcc.a(GUI_Alloc.o)
                0x100835bc                GUI_ALLOC_AllocNoInit
 *fill*         0x100835da        0x2 
 .text.GUI_ALLOC_AllocZero
                0x100835dc       0x34 Generated_Source\PSoC6\pdl\middleware\emWin\libs\GCC\libemWin_osnts_gcc.a(GUI_Alloc.o)
                0x100835dc                GUI_ALLOC_AllocZero
 .text.GUIMONO_DispChar
                0x10083610      0x14c Generated_Source\PSoC6\pdl\middleware\emWin\libs\GCC\libemWin_osnts_gcc.a(GUI_CharM.o)
                0x10083610                GUIMONO_DispChar
 .text.GUIMONO_GetCharDistX
                0x1008375c       0x18 Generated_Source\PSoC6\pdl\middleware\emWin\libs\GCC\libemWin_osnts_gcc.a(GUI_CharM.o)
                0x1008375c                GUIMONO_GetCharDistX
 .text.GUIMONO_GetFontInfo
                0x10083774        0x6 Generated_Source\PSoC6\pdl\middleware\emWin\libs\GCC\libemWin_osnts_gcc.a(GUI_CharM.o)
                0x10083774                GUIMONO_GetFontInfo
 .text.GUIMONO_IsInFont
                0x1008377a       0x36 Generated_Source\PSoC6\pdl\middleware\emWin\libs\GCC\libemWin_osnts_gcc.a(GUI_CharM.o)
                0x1008377a                GUIMONO_IsInFont
 .text.GUIPROP__FindChar
                0x100837b0       0x16 Generated_Source\PSoC6\pdl\middleware\emWin\libs\GCC\libemWin_osnts_gcc.a(GUI_CharP.o)
                0x100837b0                GUIPROP__FindChar
 *fill*         0x100837c6        0x2 
 .text.GUIPROP_DispChar
                0x100837c8       0xd4 Generated_Source\PSoC6\pdl\middleware\emWin\libs\GCC\libemWin_osnts_gcc.a(GUI_CharP.o)
                0x100837c8                GUIPROP_DispChar
 .text.GUIPROP_GetCharDistX
                0x1008389c       0x38 Generated_Source\PSoC6\pdl\middleware\emWin\libs\GCC\libemWin_osnts_gcc.a(GUI_CharP.o)
                0x1008389c                GUIPROP_GetCharDistX
 .text.GUIPROP_GetFontInfo
                0x100838d4        0x6 Generated_Source\PSoC6\pdl\middleware\emWin\libs\GCC\libemWin_osnts_gcc.a(GUI_CharP.o)
                0x100838d4                GUIPROP_GetFontInfo
 .text.GUIPROP_IsInFont
                0x100838da       0x10 Generated_Source\PSoC6\pdl\middleware\emWin\libs\GCC\libemWin_osnts_gcc.a(GUI_CharP.o)
                0x100838da                GUIPROP_IsInFont
 .text.GUI_CalcColorDist
                0x100838ea       0x54 Generated_Source\PSoC6\pdl\middleware\emWin\libs\GCC\libemWin_osnts_gcc.a(GUI_Common.o)
                0x100838ea                GUI_CalcColorDist
 .text.GUI_GetBkColor
                0x1008393e       0x18 Generated_Source\PSoC6\pdl\middleware\emWin\libs\GCC\libemWin_osnts_gcc.a(GUI_Common.o)
                0x1008393e                GUI_GetBkColor
 .text.GUI_GetColor
                0x10083956       0x18 Generated_Source\PSoC6\pdl\middleware\emWin\libs\GCC\libemWin_osnts_gcc.a(GUI_Common.o)
                0x10083956                GUI_GetColor
 .text.GUI_MergeRect
                0x1008396e       0x62 Generated_Source\PSoC6\pdl\middleware\emWin\libs\GCC\libemWin_osnts_gcc.a(GUI_Common.o)
                0x1008396e                GUI_MergeRect
 .text.GUI_MoveRect
                0x100839d0       0x22 Generated_Source\PSoC6\pdl\middleware\emWin\libs\GCC\libemWin_osnts_gcc.a(GUI_Common.o)
                0x100839d0                GUI_MoveRect
 *fill*         0x100839f2        0x2 
 .text.GUI_GotoXY
                0x100839f4       0x20 Generated_Source\PSoC6\pdl\middleware\emWin\libs\GCC\libemWin_osnts_gcc.a(GUI_Common.o)
                0x100839f4                GUI_GotoXY
 .text.GUI_SetPenSize
                0x10083a14       0x1c Generated_Source\PSoC6\pdl\middleware\emWin\libs\GCC\libemWin_osnts_gcc.a(GUI_Common.o)
                0x10083a14                GUI_SetPenSize
 .text.GUI_RectsIntersect
                0x10083a30       0x3c Generated_Source\PSoC6\pdl\middleware\emWin\libs\GCC\libemWin_osnts_gcc.a(GUI_Common.o)
                0x10083a30                GUI_RectsIntersect
 .text.GUI_SelectLCD
                0x10083a6c       0x18 Generated_Source\PSoC6\pdl\middleware\emWin\libs\GCC\libemWin_osnts_gcc.a(GUI_Common.o)
                0x10083a6c                GUI_SelectLCD
 .text.GUI_SetBkColor
                0x10083a84       0x14 Generated_Source\PSoC6\pdl\middleware\emWin\libs\GCC\libemWin_osnts_gcc.a(GUI_Common.o)
                0x10083a84                GUI_SetBkColor
 .text.GUI_SetColor
                0x10083a98       0x14 Generated_Source\PSoC6\pdl\middleware\emWin\libs\GCC\libemWin_osnts_gcc.a(GUI_Common.o)
                0x10083a98                GUI_SetColor
 .text.GUI_SetFont
                0x10083aac       0x20 Generated_Source\PSoC6\pdl\middleware\emWin\libs\GCC\libemWin_osnts_gcc.a(GUI_Common.o)
                0x10083aac                GUI_SetFont
 .text.GUI_SetOrg
                0x10083acc       0x40 Generated_Source\PSoC6\pdl\middleware\emWin\libs\GCC\libemWin_osnts_gcc.a(GUI_Common.o)
                0x10083acc                GUI_SetOrg
 .text.GUI_SetTextAlign
                0x10083b0c       0x20 Generated_Source\PSoC6\pdl\middleware\emWin\libs\GCC\libemWin_osnts_gcc.a(GUI_Common.o)
                0x10083b0c                GUI_SetTextAlign
 .text._OnExit  0x10083b2c       0x44 Generated_Source\PSoC6\pdl\middleware\emWin\libs\GCC\libemWin_osnts_gcc.a(GUI_Core.o)
 .text.GUI_SetDefaultFont
                0x10083b70        0xc Generated_Source\PSoC6\pdl\middleware\emWin\libs\GCC\libemWin_osnts_gcc.a(GUI_Core.o)
                0x10083b70                GUI_SetDefaultFont
 .text.GUI_ClearRect
                0x10083b7c       0x64 Generated_Source\PSoC6\pdl\middleware\emWin\libs\GCC\libemWin_osnts_gcc.a(GUI_Core.o)
                0x10083b7c                GUI_ClearRect
 .text.GUI_Clear
                0x10083be0       0x20 Generated_Source\PSoC6\pdl\middleware\emWin\libs\GCC\libemWin_osnts_gcc.a(GUI_Core.o)
                0x10083be0                GUI_Clear
 .text.GUI__RegisterExit
                0x10083c00       0x10 Generated_Source\PSoC6\pdl\middleware\emWin\libs\GCC\libemWin_osnts_gcc.a(GUI_Core.o)
                0x10083c00                GUI__RegisterExit
 .text.GUI__Config
                0x10083c10       0x34 Generated_Source\PSoC6\pdl\middleware\emWin\libs\GCC\libemWin_osnts_gcc.a(GUI_Core.o)
                0x10083c10                GUI__Config
 .text.GUI_Init
                0x10083c44       0xfc Generated_Source\PSoC6\pdl\middleware\emWin\libs\GCC\libemWin_osnts_gcc.a(GUI_Core.o)
                0x10083c44                GUI_Init
 .text.GUI_DEVICE__GetpDriver
                0x10083d40       0x24 Generated_Source\PSoC6\pdl\middleware\emWin\libs\GCC\libemWin_osnts_gcc.a(GUI_Device.o)
                0x10083d40                GUI_DEVICE__GetpDriver
 .text.GUI_DEVICE_Delete
                0x10083d64        0x8 Generated_Source\PSoC6\pdl\middleware\emWin\libs\GCC\libemWin_osnts_gcc.a(GUI_Device.o)
                0x10083d64                GUI_DEVICE_Delete
 .text.GUI_DEVICE_Create
                0x10083d6c       0x50 Generated_Source\PSoC6\pdl\middleware\emWin\libs\GCC\libemWin_osnts_gcc.a(GUI_Device.o)
                0x10083d6c                GUI_DEVICE_Create
 .text.GUI_DEVICE_Unlink
                0x10083dbc       0x38 Generated_Source\PSoC6\pdl\middleware\emWin\libs\GCC\libemWin_osnts_gcc.a(GUI_Device.o)
                0x10083dbc                GUI_DEVICE_Unlink
 .text.GUI_DEVICE_Link
                0x10083df4       0x8c Generated_Source\PSoC6\pdl\middleware\emWin\libs\GCC\libemWin_osnts_gcc.a(GUI_Device.o)
                0x10083df4                GUI_DEVICE_Link
 .text.GUI_DEVICE_CreateAndLink
                0x10083e80       0x2c Generated_Source\PSoC6\pdl\middleware\emWin\libs\GCC\libemWin_osnts_gcc.a(GUI_Device.o)
                0x10083e80                GUI_DEVICE_CreateAndLink
 .text.GUI_DEVICE_UnlinkTaskDevices
                0x10083eac        0x4 Generated_Source\PSoC6\pdl\middleware\emWin\libs\GCC\libemWin_osnts_gcc.a(GUI_Device.o)
                0x10083eac                GUI_DEVICE_UnlinkTaskDevices
 .text.GUI_DEVICE_LinkDevices
                0x10083eb0       0x12 Generated_Source\PSoC6\pdl\middleware\emWin\libs\GCC\libemWin_osnts_gcc.a(GUI_Device.o)
                0x10083eb0                GUI_DEVICE_LinkDevices
 *fill*         0x10083ec2        0x2 
 .text.GUI_DispString
                0x10083ec4      0x118 Generated_Source\PSoC6\pdl\middleware\emWin\libs\GCC\libemWin_osnts_gcc.a(GUI_DispString.o)
                0x10083ec4                GUI_DispString
 .text.GUI_DispStringAt
                0x10083fdc       0x24 Generated_Source\PSoC6\pdl\middleware\emWin\libs\GCC\libemWin_osnts_gcc.a(GUI_DispString.o)
                0x10083fdc                GUI_DispStringAt
 .text._SetLineColor
                0x10084000       0x8c Generated_Source\PSoC6\pdl\middleware\emWin\libs\GCC\libemWin_osnts_gcc.a(GUI_DrawLine.o)
 .text.GUI_sin  0x1008408c       0x5c Generated_Source\PSoC6\pdl\middleware\emWin\libs\GCC\libemWin_osnts_gcc.a(GUI_DrawLine.o)
                0x1008408c                GUI_sin
 .text.GUI_cos  0x100840e8        0xe Generated_Source\PSoC6\pdl\middleware\emWin\libs\GCC\libemWin_osnts_gcc.a(GUI_DrawLine.o)
                0x100840e8                GUI_cos
 *fill*         0x100840f6        0x2 
 .text.GL_DrawLine1Ex
                0x100840f8      0x1a8 Generated_Source\PSoC6\pdl\middleware\emWin\libs\GCC\libemWin_osnts_gcc.a(GUI_DrawLine.o)
                0x100840f8                GL_DrawLine1Ex
 .text.GL_DrawLineEx
                0x100842a0      0x19c Generated_Source\PSoC6\pdl\middleware\emWin\libs\GCC\libemWin_osnts_gcc.a(GUI_DrawLine.o)
                0x100842a0                GL_DrawLineEx
 .text.GL_DrawLine
                0x1008443c       0x10 Generated_Source\PSoC6\pdl\middleware\emWin\libs\GCC\libemWin_osnts_gcc.a(GUI_DrawLine.o)
                0x1008443c                GL_DrawLine
 .text.GUI_DrawLine
                0x1008444c       0x40 Generated_Source\PSoC6\pdl\middleware\emWin\libs\GCC\libemWin_osnts_gcc.a(GUI_DrawLine.o)
                0x1008444c                GUI_DrawLine
 .text._Add     0x1008448c       0x4c Generated_Source\PSoC6\pdl\middleware\emWin\libs\GCC\libemWin_osnts_gcc.a(GUI_FillPolygon.o)
 .text.GL_FillPolygon
                0x100844d8      0x1d4 Generated_Source\PSoC6\pdl\middleware\emWin\libs\GCC\libemWin_osnts_gcc.a(GUI_FillPolygon.o)
                0x100844d8                GL_FillPolygon
 .text.GUI_StoreKey
                0x100846ac       0x18 Generated_Source\PSoC6\pdl\middleware\emWin\libs\GCC\libemWin_osnts_gcc.a(GUI_OnKey.o)
                0x100846ac                GUI_StoreKey
 .text._GetTaskNo
                0x100846c4       0x40 Generated_Source\PSoC6\pdl\middleware\emWin\libs\GCC\libemWin_osnts_gcc.a(GUI_Task.o)
 .text._OnExit  0x10084704       0x14 Generated_Source\PSoC6\pdl\middleware\emWin\libs\GCC\libemWin_osnts_gcc.a(GUI_Task.o)
 .text.GUI_Unlock
                0x10084718       0x18 Generated_Source\PSoC6\pdl\middleware\emWin\libs\GCC\libemWin_osnts_gcc.a(GUI_Task.o)
                0x10084718                GUI_Unlock
 .text.GUI_Lock
                0x10084730       0x70 Generated_Source\PSoC6\pdl\middleware\emWin\libs\GCC\libemWin_osnts_gcc.a(GUI_Task.o)
                0x10084730                GUI_Lock
 .text.GUITASK_Init
                0x100847a0       0x4c Generated_Source\PSoC6\pdl\middleware\emWin\libs\GCC\libemWin_osnts_gcc.a(GUI_Task.o)
                0x100847a0                GUITASK_Init
 .text.GUITASK_CopyContext
                0x100847ec       0x5c Generated_Source\PSoC6\pdl\middleware\emWin\libs\GCC\libemWin_osnts_gcc.a(GUI_Task.o)
                0x100847ec                GUITASK_CopyContext
 .text.GUI_UC__GetCharCodeInc
                0x10084848       0x28 Generated_Source\PSoC6\pdl\middleware\emWin\libs\GCC\libemWin_osnts_gcc.a(GUI_UC.o)
                0x10084848                GUI_UC__GetCharCodeInc
 .text.GUI_UC__NumChars2NumBytes
                0x10084870       0x28 Generated_Source\PSoC6\pdl\middleware\emWin\libs\GCC\libemWin_osnts_gcc.a(GUI_UC.o)
                0x10084870                GUI_UC__NumChars2NumBytes
 .text._GetCharCode
                0x10084898        0x4 Generated_Source\PSoC6\pdl\middleware\emWin\libs\GCC\libemWin_osnts_gcc.a(GUI_UC_EncodeNone.o)
 .text._GetCharSize
                0x1008489c        0x4 Generated_Source\PSoC6\pdl\middleware\emWin\libs\GCC\libemWin_osnts_gcc.a(GUI_UC_EncodeNone.o)
 .text._CalcSizeOfChar
                0x100848a0        0x4 Generated_Source\PSoC6\pdl\middleware\emWin\libs\GCC\libemWin_osnts_gcc.a(GUI_UC_EncodeNone.o)
 .text._Encode  0x100848a4        0x6 Generated_Source\PSoC6\pdl\middleware\emWin\libs\GCC\libemWin_osnts_gcc.a(GUI_UC_EncodeNone.o)
 *fill*         0x100848aa        0x2 
 .text.GUI_SignalEvent
                0x100848ac       0x14 Generated_Source\PSoC6\pdl\middleware\emWin\libs\GCC\libemWin_osnts_gcc.a(GUI_WaitEvent.o)
                0x100848ac                GUI_SignalEvent
 .text.LCD_Color2Index_1
                0x100848c0       0x28 Generated_Source\PSoC6\pdl\middleware\emWin\libs\GCC\libemWin_osnts_gcc.a(GUICC_1.o)
 .text._Index2Color_1
                0x100848e8        0xc Generated_Source\PSoC6\pdl\middleware\emWin\libs\GCC\libemWin_osnts_gcc.a(GUICC_1.o)
 .text._GetIndexMask_1
                0x100848f4        0x4 Generated_Source\PSoC6\pdl\middleware\emWin\libs\GCC\libemWin_osnts_gcc.a(GUICC_1.o)
 .text._SetPixelIndex
                0x100848f8       0x80 Generated_Source\PSoC6\pdl\middleware\emWin\libs\GCC\libemWin_osnts_gcc.a(GUIDRV_BitPlains.o)
 .text._GetPixelIndex
                0x10084978       0x5c Generated_Source\PSoC6\pdl\middleware\emWin\libs\GCC\libemWin_osnts_gcc.a(GUIDRV_BitPlains.o)
 .text._XorPixel
                0x100849d4       0x24 Generated_Source\PSoC6\pdl\middleware\emWin\libs\GCC\libemWin_osnts_gcc.a(GUIDRV_BitPlains.o)
 .text._DrawHLine
                0x100849f8      0x2b0 Generated_Source\PSoC6\pdl\middleware\emWin\libs\GCC\libemWin_osnts_gcc.a(GUIDRV_BitPlains.o)
 .text._FillRect
                0x10084ca8       0x22 Generated_Source\PSoC6\pdl\middleware\emWin\libs\GCC\libemWin_osnts_gcc.a(GUIDRV_BitPlains.o)
 .text._GetRect
                0x10084cca       0x16 Generated_Source\PSoC6\pdl\middleware\emWin\libs\GCC\libemWin_osnts_gcc.a(GUIDRV_BitPlains.o)
 .text._GetDevProp
                0x10084ce0       0x46 Generated_Source\PSoC6\pdl\middleware\emWin\libs\GCC\libemWin_osnts_gcc.a(GUIDRV_BitPlains.o)
 *fill*         0x10084d26        0x2 
 .text._GetDevFunc
                0x10084d28       0x14 Generated_Source\PSoC6\pdl\middleware\emWin\libs\GCC\libemWin_osnts_gcc.a(GUIDRV_BitPlains.o)
 .text._GetDevData
                0x10084d3c       0x38 Generated_Source\PSoC6\pdl\middleware\emWin\libs\GCC\libemWin_osnts_gcc.a(GUIDRV_BitPlains.o)
 .text._Off     0x10084d74        0xe Generated_Source\PSoC6\pdl\middleware\emWin\libs\GCC\libemWin_osnts_gcc.a(GUIDRV_BitPlains.o)
 .text._On      0x10084d82        0xe Generated_Source\PSoC6\pdl\middleware\emWin\libs\GCC\libemWin_osnts_gcc.a(GUIDRV_BitPlains.o)
 .text._SetOrg  0x10084d90       0x22 Generated_Source\PSoC6\pdl\middleware\emWin\libs\GCC\libemWin_osnts_gcc.a(GUIDRV_BitPlains.o)
 *fill*         0x10084db2        0x2 
 .text._DrawVLine
                0x10084db4       0x48 Generated_Source\PSoC6\pdl\middleware\emWin\libs\GCC\libemWin_osnts_gcc.a(GUIDRV_BitPlains.o)
 .text._DrawBitmap
                0x10084dfc      0x8d8 Generated_Source\PSoC6\pdl\middleware\emWin\libs\GCC\libemWin_osnts_gcc.a(GUIDRV_BitPlains.o)
 .text._InitOnce.isra.2
                0x100856d4       0x2c Generated_Source\PSoC6\pdl\middleware\emWin\libs\GCC\libemWin_osnts_gcc.a(GUIDRV_BitPlains.o)
 .text._Init    0x10085700       0x1a Generated_Source\PSoC6\pdl\middleware\emWin\libs\GCC\libemWin_osnts_gcc.a(GUIDRV_BitPlains.o)
 .text._SetSize
                0x1008571a       0x3c Generated_Source\PSoC6\pdl\middleware\emWin\libs\GCC\libemWin_osnts_gcc.a(GUIDRV_BitPlains.o)
 .text._SetVSize
                0x10085756       0x1c Generated_Source\PSoC6\pdl\middleware\emWin\libs\GCC\libemWin_osnts_gcc.a(GUIDRV_BitPlains.o)
 .text._SetVRAMAddr
                0x10085772       0x40 Generated_Source\PSoC6\pdl\middleware\emWin\libs\GCC\libemWin_osnts_gcc.a(GUIDRV_BitPlains.o)
 .text.GUIDRV_BitPlains_Config
                0x100857b2       0x18 Generated_Source\PSoC6\pdl\middleware\emWin\libs\GCC\libemWin_osnts_gcc.a(GUIDRV_BitPlains.o)
                0x100857b2                GUIDRV_BitPlains_Config
 *fill*         0x100857ca        0x2 
 .text._SetDrawMode
                0x100857cc       0x28 Generated_Source\PSoC6\pdl\middleware\emWin\libs\GCC\libemWin_osnts_gcc.a(LCD.o)
 .text.LCD_SetDrawMode
                0x100857f4       0x10 Generated_Source\PSoC6\pdl\middleware\emWin\libs\GCC\libemWin_osnts_gcc.a(LCD.o)
                0x100857f4                LCD_SetDrawMode
 .text.LCD_DrawPixel
                0x10085804       0x5c Generated_Source\PSoC6\pdl\middleware\emWin\libs\GCC\libemWin_osnts_gcc.a(LCD.o)
                0x10085804                LCD_DrawPixel
 .text.LCD_DrawHLine
                0x10085860       0x4c Generated_Source\PSoC6\pdl\middleware\emWin\libs\GCC\libemWin_osnts_gcc.a(LCD.o)
                0x10085860                LCD_DrawHLine
 .text.LCD_DrawVLine
                0x100858ac       0x4c Generated_Source\PSoC6\pdl\middleware\emWin\libs\GCC\libemWin_osnts_gcc.a(LCD.o)
                0x100858ac                LCD_DrawVLine
 .text.LCD_FillRect
                0x100858f8       0x54 Generated_Source\PSoC6\pdl\middleware\emWin\libs\GCC\libemWin_osnts_gcc.a(LCD.o)
                0x100858f8                LCD_FillRect
 .text.LCD__DrawBitmap_1bpp
                0x1008594c      0x1cc Generated_Source\PSoC6\pdl\middleware\emWin\libs\GCC\libemWin_osnts_gcc.a(LCD.o)
                0x1008594c                LCD__DrawBitmap_1bpp
 .text.LCD_DrawBitmap
                0x10085b18      0x20c Generated_Source\PSoC6\pdl\middleware\emWin\libs\GCC\libemWin_osnts_gcc.a(LCD.o)
                0x10085b18                LCD_DrawBitmap
 .text.LCD_SetClipRectMax
                0x10085d24       0x20 Generated_Source\PSoC6\pdl\middleware\emWin\libs\GCC\libemWin_osnts_gcc.a(LCD.o)
                0x10085d24                LCD_SetClipRectMax
 .text.LCD_Init
                0x10085d44       0x94 Generated_Source\PSoC6\pdl\middleware\emWin\libs\GCC\libemWin_osnts_gcc.a(LCD.o)
                0x10085d44                LCD_Init
 .text.LCD_Color2Index
                0x10085dd8       0x20 Generated_Source\PSoC6\pdl\middleware\emWin\libs\GCC\libemWin_osnts_gcc.a(LCD.o)
                0x10085dd8                LCD_Color2Index
 .text.LCD_Index2Color
                0x10085df8       0x20 Generated_Source\PSoC6\pdl\middleware\emWin\libs\GCC\libemWin_osnts_gcc.a(LCD.o)
                0x10085df8                LCD_Index2Color
 .text.LCD_SetColorIndex
                0x10085e18       0x18 Generated_Source\PSoC6\pdl\middleware\emWin\libs\GCC\libemWin_osnts_gcc.a(LCD.o)
                0x10085e18                LCD_SetColorIndex
 .text._SetColor
                0x10085e30       0x1c Generated_Source\PSoC6\pdl\middleware\emWin\libs\GCC\libemWin_osnts_gcc.a(LCD.o)
 .text.LCD_SetBkColorIndex
                0x10085e4c       0x18 Generated_Source\PSoC6\pdl\middleware\emWin\libs\GCC\libemWin_osnts_gcc.a(LCD.o)
                0x10085e4c                LCD_SetBkColorIndex
 .text._SetBkColor
                0x10085e64       0x1c Generated_Source\PSoC6\pdl\middleware\emWin\libs\GCC\libemWin_osnts_gcc.a(LCD.o)
 .text.LCD_SetBkColor
                0x10085e80       0x10 Generated_Source\PSoC6\pdl\middleware\emWin\libs\GCC\libemWin_osnts_gcc.a(LCD.o)
                0x10085e80                LCD_SetBkColor
 .text.LCD_SetColor
                0x10085e90       0x10 Generated_Source\PSoC6\pdl\middleware\emWin\libs\GCC\libemWin_osnts_gcc.a(LCD.o)
                0x10085e90                LCD_SetColor
 .text._OnExit  0x10085ea0       0x1c Generated_Source\PSoC6\pdl\middleware\emWin\libs\GCC\libemWin_osnts_gcc.a(LCD_Color.o)
 .text.LCD_InitColors
                0x10085ebc       0x40 Generated_Source\PSoC6\pdl\middleware\emWin\libs\GCC\libemWin_osnts_gcc.a(LCD_Color.o)
                0x10085ebc                LCD_InitColors
 .text.LCD_GetpPalConvTableUncached
                0x10085efc       0x68 Generated_Source\PSoC6\pdl\middleware\emWin\libs\GCC\libemWin_osnts_gcc.a(LCD_Color.o)
                0x10085efc                LCD_GetpPalConvTableUncached
 .text.LCD_GetpPalConvTableBM
                0x10085f64        0x8 Generated_Source\PSoC6\pdl\middleware\emWin\libs\GCC\libemWin_osnts_gcc.a(LCD_Color.o)
                0x10085f64                LCD_GetpPalConvTableBM
 .text.LCD_InitLUT
                0x10085f6c       0x7c Generated_Source\PSoC6\pdl\middleware\emWin\libs\GCC\libemWin_osnts_gcc.a(LCD_Color.o)
                0x10085f6c                LCD_InitLUT
 .text.LCD_GetBkColorIndex
                0x10085fe8       0x10 Generated_Source\PSoC6\pdl\middleware\emWin\libs\GCC\libemWin_osnts_gcc.a(LCD_GetColorIndex.o)
                0x10085fe8                LCD_GetBkColorIndex
 .text.LCD_GetColorIndex
                0x10085ff8       0x10 Generated_Source\PSoC6\pdl\middleware\emWin\libs\GCC\libemWin_osnts_gcc.a(LCD_GetColorIndex.o)
                0x10085ff8                LCD_GetColorIndex
 .text._GetDevProp.part.0
                0x10086008       0x16 Generated_Source\PSoC6\pdl\middleware\emWin\libs\GCC\libemWin_osnts_gcc.a(LCD_GetEx.o)
 .text._GetDevProp
                0x1008601e       0x12 Generated_Source\PSoC6\pdl\middleware\emWin\libs\GCC\libemWin_osnts_gcc.a(LCD_GetEx.o)
 .text._GetMaxValue
                0x10086030       0x12 Generated_Source\PSoC6\pdl\middleware\emWin\libs\GCC\libemWin_osnts_gcc.a(LCD_GetEx.o)
 .text.LCD_GetBitsPerPixelEx
                0x10086042        0xa Generated_Source\PSoC6\pdl\middleware\emWin\libs\GCC\libemWin_osnts_gcc.a(LCD_GetEx.o)
                0x10086042                LCD_GetBitsPerPixelEx
 .text.LCD_GetNumColorsEx
                0x1008604c        0xa Generated_Source\PSoC6\pdl\middleware\emWin\libs\GCC\libemWin_osnts_gcc.a(LCD_GetEx.o)
                0x1008604c                LCD_GetNumColorsEx
 .text.LCD_GetSwapXYEx
                0x10086056        0xa Generated_Source\PSoC6\pdl\middleware\emWin\libs\GCC\libemWin_osnts_gcc.a(LCD_GetEx.o)
                0x10086056                LCD_GetSwapXYEx
 .text.LCD_GetNumColors
                0x10086060       0x14 Generated_Source\PSoC6\pdl\middleware\emWin\libs\GCC\libemWin_osnts_gcc.a(LCD_GetEx.o)
                0x10086060                LCD_GetNumColors
 .text.LCD_GetSwapXY
                0x10086074       0x14 Generated_Source\PSoC6\pdl\middleware\emWin\libs\GCC\libemWin_osnts_gcc.a(LCD_GetEx.o)
                0x10086074                LCD_GetSwapXY
 .text.GUI_GetBitsPerPixelEx
                0x10086088       0x18 Generated_Source\PSoC6\pdl\middleware\emWin\libs\GCC\libemWin_osnts_gcc.a(LCD_GetEx.o)
                0x10086088                GUI_GetBitsPerPixelEx
 .text.LCD_GetPaletteEx
                0x100860a0       0x14 Generated_Source\PSoC6\pdl\middleware\emWin\libs\GCC\libemWin_osnts_gcc.a(LCD_GetEx.o)
                0x100860a0                LCD_GetPaletteEx
 .text.LCD_GetPalette
                0x100860b4       0x14 Generated_Source\PSoC6\pdl\middleware\emWin\libs\GCC\libemWin_osnts_gcc.a(LCD_GetEx.o)
                0x100860b4                LCD_GetPalette
 .text.GUI_GetpfIndex2ColorEx
                0x100860c8       0x10 Generated_Source\PSoC6\pdl\middleware\emWin\libs\GCC\libemWin_osnts_gcc.a(LCD_GetEx.o)
                0x100860c8                GUI_GetpfIndex2ColorEx
 .text.GUI_GetpfColor2IndexEx
                0x100860d8       0x10 Generated_Source\PSoC6\pdl\middleware\emWin\libs\GCC\libemWin_osnts_gcc.a(LCD_GetEx.o)
                0x100860d8                GUI_GetpfColor2IndexEx
 .text.LCD_GetXSizeMax
                0x100860e8        0xa Generated_Source\PSoC6\pdl\middleware\emWin\libs\GCC\libemWin_osnts_gcc.a(LCD_GetEx.o)
                0x100860e8                LCD_GetXSizeMax
 .text.LCD_GetYSizeMax
                0x100860f2        0xa Generated_Source\PSoC6\pdl\middleware\emWin\libs\GCC\libemWin_osnts_gcc.a(LCD_GetEx.o)
                0x100860f2                LCD_GetYSizeMax
 .text.LCD_SetDisplaySize
                0x100860fc        0xc Generated_Source\PSoC6\pdl\middleware\emWin\libs\GCC\libemWin_osnts_gcc.a(LCD_GetEx.o)
                0x100860fc                LCD_SetDisplaySize
 .text.LCD_GetXSizeDisplay
                0x10086108        0xc Generated_Source\PSoC6\pdl\middleware\emWin\libs\GCC\libemWin_osnts_gcc.a(LCD_GetEx.o)
                0x10086108                LCD_GetXSizeDisplay
 .text.LCD_GetYSizeDisplay
                0x10086114        0xc Generated_Source\PSoC6\pdl\middleware\emWin\libs\GCC\libemWin_osnts_gcc.a(LCD_GetEx.o)
                0x10086114                LCD_GetYSizeDisplay
 .text.LCD__GetBPP
                0x10086120       0x72 Generated_Source\PSoC6\pdl\middleware\emWin\libs\GCC\libemWin_osnts_gcc.a(LCD_GetEx.o)
                0x10086120                LCD__GetBPP
 .text.LCD__GetBPPDevice
                0x10086192       0x2a Generated_Source\PSoC6\pdl\middleware\emWin\libs\GCC\libemWin_osnts_gcc.a(LCD_GetEx.o)
                0x10086192                LCD__GetBPPDevice
 .text.LCD_GetNumLayers
                0x100861bc        0xe Generated_Source\PSoC6\pdl\middleware\emWin\libs\GCC\libemWin_osnts_gcc.a(LCD_GetNumDisplays.o)
                0x100861bc                LCD_GetNumLayers
 *fill*         0x100861ca        0x2 
 .text.LCD_SelectLCD
                0x100861cc       0x44 Generated_Source\PSoC6\pdl\middleware\emWin\libs\GCC\libemWin_osnts_gcc.a(LCD_SelectLCD.o)
                0x100861cc                LCD_SelectLCD
 .text.LCD_SetLUTEntryEx
                0x10086210       0x2e Generated_Source\PSoC6\pdl\middleware\emWin\libs\GCC\libemWin_osnts_gcc.a(LCD_Set.o)
                0x10086210                LCD_SetLUTEntryEx
 .text.LCD_SetSizeEx
                0x1008623e       0x2e Generated_Source\PSoC6\pdl\middleware\emWin\libs\GCC\libemWin_osnts_gcc.a(LCD_Set.o)
                0x1008623e                LCD_SetSizeEx
 .text.LCD_SetVRAMAddrEx
                0x1008626c       0x2a Generated_Source\PSoC6\pdl\middleware\emWin\libs\GCC\libemWin_osnts_gcc.a(LCD_Set.o)
                0x1008626c                LCD_SetVRAMAddrEx
 .text.LCD_SetVSizeEx
                0x10086296       0x2e Generated_Source\PSoC6\pdl\middleware\emWin\libs\GCC\libemWin_osnts_gcc.a(LCD_Set.o)
                0x10086296                LCD_SetVSizeEx
 .text.LCD_UpdateColorIndices
                0x100862c4       0x24 Generated_Source\PSoC6\pdl\middleware\emWin\libs\GCC\libemWin_osnts_gcc.a(LCD_UpdateColorIndices.o)
                0x100862c4                LCD_UpdateColorIndices
 .text._OnExit  0x100862e8       0x88 Generated_Source\PSoC6\pdl\middleware\emWin\libs\GCC\libemWin_osnts_gcc.a(WM.o)
 .text._Findy1  0x10086370       0xb4 Generated_Source\PSoC6\pdl\middleware\emWin\libs\GCC\libemWin_osnts_gcc.a(WM.o)
 .text._Findx0  0x10086424       0x8a Generated_Source\PSoC6\pdl\middleware\emWin\libs\GCC\libemWin_osnts_gcc.a(WM.o)
 .text._Findx1  0x100864ae       0x7c Generated_Source\PSoC6\pdl\middleware\emWin\libs\GCC\libemWin_osnts_gcc.a(WM.o)
 *fill*         0x1008652a        0x2 
 .text.WM__ClipAtParentBorders
                0x1008652c       0x54 Generated_Source\PSoC6\pdl\middleware\emWin\libs\GCC\libemWin_osnts_gcc.a(WM.o)
                0x1008652c                WM__ClipAtParentBorders
 .text.WM__InsertWindowIntoList
                0x10086580       0xaa Generated_Source\PSoC6\pdl\middleware\emWin\libs\GCC\libemWin_osnts_gcc.a(WM.o)
                0x10086580                WM__InsertWindowIntoList
 .text.WM__Client2Screen
                0x1008662a       0x14 Generated_Source\PSoC6\pdl\middleware\emWin\libs\GCC\libemWin_osnts_gcc.a(WM.o)
                0x1008662a                WM__Client2Screen
 *fill*         0x1008663e        0x2 
 .text._SetClipRectUserIntersect
                0x10086640       0x50 Generated_Source\PSoC6\pdl\middleware\emWin\libs\GCC\libemWin_osnts_gcc.a(WM.o)
 .text.WM__ActivateClipRect
                0x10086690       0x50 Generated_Source\PSoC6\pdl\middleware\emWin\libs\GCC\libemWin_osnts_gcc.a(WM.o)
                0x10086690                WM__ActivateClipRect
 .text.WM__InvalidateDrawAndDescs
                0x100866e0       0x54 Generated_Source\PSoC6\pdl\middleware\emWin\libs\GCC\libemWin_osnts_gcc.a(WM.o)
                0x100866e0                WM__InvalidateDrawAndDescs
 .text.WM__RectIsNZ
                0x10086734       0x22 Generated_Source\PSoC6\pdl\middleware\emWin\libs\GCC\libemWin_osnts_gcc.a(WM.o)
                0x10086734                WM__RectIsNZ
 *fill*         0x10086756        0x2 
 .text._Invalidate1Abs
                0x10086758       0x88 Generated_Source\PSoC6\pdl\middleware\emWin\libs\GCC\libemWin_osnts_gcc.a(WM.o)
 .text.WM__Invalidate1Abs
                0x100867e0        0xa Generated_Source\PSoC6\pdl\middleware\emWin\libs\GCC\libemWin_osnts_gcc.a(WM.o)
                0x100867e0                WM__Invalidate1Abs
 .text.WM_InvalidateWindowAndDescsEx
                0x100867ea       0x60 Generated_Source\PSoC6\pdl\middleware\emWin\libs\GCC\libemWin_osnts_gcc.a(WM.o)
                0x100867ea                WM_InvalidateWindowAndDescsEx
 *fill*         0x1008684a        0x2 
 .text.WM__InvalidateRect
                0x1008684c       0x80 Generated_Source\PSoC6\pdl\middleware\emWin\libs\GCC\libemWin_osnts_gcc.a(WM.o)
                0x1008684c                WM__InvalidateRect
 .text.WM__InvalidateRectEx
                0x100868cc        0xa Generated_Source\PSoC6\pdl\middleware\emWin\libs\GCC\libemWin_osnts_gcc.a(WM.o)
                0x100868cc                WM__InvalidateRectEx
 .text.WM__SendMsgNoData
                0x100868d6       0x10 Generated_Source\PSoC6\pdl\middleware\emWin\libs\GCC\libemWin_osnts_gcc.a(WM.o)
                0x100868d6                WM__SendMsgNoData
 .text.WM__GetClientRectWin
                0x100868e6       0x18 Generated_Source\PSoC6\pdl\middleware\emWin\libs\GCC\libemWin_osnts_gcc.a(WM.o)
                0x100868e6                WM__GetClientRectWin
 *fill*         0x100868fe        0x2 
 .text.WM_InvalidateRect
                0x10086900       0x8c Generated_Source\PSoC6\pdl\middleware\emWin\libs\GCC\libemWin_osnts_gcc.a(WM.o)
                0x10086900                WM_InvalidateRect
 .text.WM_InvalidateWindow
                0x1008698c        0xa Generated_Source\PSoC6\pdl\middleware\emWin\libs\GCC\libemWin_osnts_gcc.a(WM.o)
                0x1008698c                WM_InvalidateWindow
 *fill*         0x10086996        0x2 
 .text.WM_SelectWindow
                0x10086998       0x40 Generated_Source\PSoC6\pdl\middleware\emWin\libs\GCC\libemWin_osnts_gcc.a(WM.o)
                0x10086998                WM_SelectWindow
 .text.WM_CreateWindowAsChild
                0x100869d8      0x14c Generated_Source\PSoC6\pdl\middleware\emWin\libs\GCC\libemWin_osnts_gcc.a(WM.o)
                0x100869d8                WM_CreateWindowAsChild
 .text.WM_CreateWindow
                0x10086b24       0x1a Generated_Source\PSoC6\pdl\middleware\emWin\libs\GCC\libemWin_osnts_gcc.a(WM.o)
                0x10086b24                WM_CreateWindow
 *fill*         0x10086b3e        0x2 
 .text.WM__GetNextIVR
                0x10086b40      0x160 Generated_Source\PSoC6\pdl\middleware\emWin\libs\GCC\libemWin_osnts_gcc.a(WM.o)
                0x10086b40                WM__GetNextIVR
 .text.WM__InitIVRSearch
                0x10086ca0      0x100 Generated_Source\PSoC6\pdl\middleware\emWin\libs\GCC\libemWin_osnts_gcc.a(WM.o)
                0x10086ca0                WM__InitIVRSearch
 .text.WM_Activate
                0x10086da0       0x10 Generated_Source\PSoC6\pdl\middleware\emWin\libs\GCC\libemWin_osnts_gcc.a(WM.o)
                0x10086da0                WM_Activate
 .text.WM_DefaultProc
                0x10086db0       0x48 Generated_Source\PSoC6\pdl\middleware\emWin\libs\GCC\libemWin_osnts_gcc.a(WM.o)
                0x10086db0                WM_DefaultProc
 .text._cbBackWin
                0x10086df8       0x44 Generated_Source\PSoC6\pdl\middleware\emWin\libs\GCC\libemWin_osnts_gcc.a(WM.o)
 .text.WM_Init  0x10086e3c       0xa4 Generated_Source\PSoC6\pdl\middleware\emWin\libs\GCC\libemWin_osnts_gcc.a(WM.o)
                0x10086e3c                WM_Init
 .text.WM__GetFirstSibling
                0x10086ee0       0x16 Generated_Source\PSoC6\pdl\middleware\emWin\libs\GCC\libemWin_osnts_gcc.a(WM__Private.o)
                0x10086ee0                WM__GetFirstSibling
 .text.WM__GetPrevSibling
                0x10086ef6       0x28 Generated_Source\PSoC6\pdl\middleware\emWin\libs\GCC\libemWin_osnts_gcc.a(WM__Private.o)
                0x10086ef6                WM__GetPrevSibling
 *fill*         0x10086f1e        0x2 
 .text.WM__SendMessage
                0x10086f20       0x38 Generated_Source\PSoC6\pdl\middleware\emWin\libs\GCC\libemWin_osnts_gcc.a(WM__Private.o)
                0x10086f20                WM__SendMessage
 .text.WM__AddCriticalHandle
                0x10086f58       0x10 Generated_Source\PSoC6\pdl\middleware\emWin\libs\GCC\libemWin_osnts_gcc.a(WM__Private.o)
                0x10086f58                WM__AddCriticalHandle
 .text.WM__GetClientRectEx
                0x10086f68       0x20 Generated_Source\PSoC6\pdl\middleware\emWin\libs\GCC\libemWin_osnts_gcc.a(WM__Private.o)
                0x10086f68                WM__GetClientRectEx
 .text.WM_GetDesktopWindow
                0x10086f88        0xc Generated_Source\PSoC6\pdl\middleware\emWin\libs\GCC\libemWin_osnts_gcc.a(WM_Lib.o)
                0x10086f88                WM_GetDesktopWindow
 .text.WM_GetFirstChild
                0x10086f94       0x1a Generated_Source\PSoC6\pdl\middleware\emWin\libs\GCC\libemWin_osnts_gcc.a(WM_Lib.o)
                0x10086f94                WM_GetFirstChild
 .text.WM_GetParent
                0x10086fae       0x1a Generated_Source\PSoC6\pdl\middleware\emWin\libs\GCC\libemWin_osnts_gcc.a(WM_Lib.o)
                0x10086fae                WM_GetParent
 .text.WM_BringToBottom
                0x10086fc8       0x8a Generated_Source\PSoC6\pdl\middleware\emWin\libs\GCC\libemWin_osnts_gcc.a(WM_Lib.o)
                0x10086fc8                WM_BringToBottom
 .text.WM_SendToParent
                0x10087052       0x24 Generated_Source\PSoC6\pdl\middleware\emWin\libs\GCC\libemWin_osnts_gcc.a(WM_Lib.o)
                0x10087052                WM_SendToParent
 *fill*         0x10087076        0x2 
 .text.GUI__ManageCacheEx
                0x10087078       0xe0 Generated_Source\PSoC6\pdl\middleware\emWin\libs\GCC\libemWin_osnts_gcc.a(GUI__ManageCache.o)
                0x10087078                GUI__ManageCacheEx
 .text.GUI__ManageCache
                0x10087158       0x14 Generated_Source\PSoC6\pdl\middleware\emWin\libs\GCC\libemWin_osnts_gcc.a(GUI__ManageCache.o)
                0x10087158                GUI__ManageCache
 .text.GUI__IntersectRect
                0x1008716c       0x3c Generated_Source\PSoC6\pdl\middleware\emWin\libs\GCC\libemWin_osnts_gcc.a(GUI__Private.o)
                0x1008716c                GUI__IntersectRect
 .text.GUI__IntersectRects
                0x100871a8       0x68 Generated_Source\PSoC6\pdl\middleware\emWin\libs\GCC\libemWin_osnts_gcc.a(GUI__Private.o)
                0x100871a8                GUI__IntersectRects
 .text.GUI_GetYAdjust
                0x10087210       0x38 Generated_Source\PSoC6\pdl\middleware\emWin\libs\GCC\libemWin_osnts_gcc.a(GUI_Char.o)
                0x10087210                GUI_GetYAdjust
 .text.GUI_GetFontDistY
                0x10087248       0x1c Generated_Source\PSoC6\pdl\middleware\emWin\libs\GCC\libemWin_osnts_gcc.a(GUI_Char.o)
                0x10087248                GUI_GetFontDistY
 .text.GUI_GetCharDistX
                0x10087264       0x24 Generated_Source\PSoC6\pdl\middleware\emWin\libs\GCC\libemWin_osnts_gcc.a(GUI_Char.o)
                0x10087264                GUI_GetCharDistX
 .text.GUI_GetCharDistXEx
                0x10087288       0x28 Generated_Source\PSoC6\pdl\middleware\emWin\libs\GCC\libemWin_osnts_gcc.a(GUI_Char.o)
                0x10087288                GUI_GetCharDistXEx
 .text._Log2VisBuffered
                0x100872b0        0x2 Generated_Source\PSoC6\pdl\middleware\emWin\libs\GCC\libemWin_osnts_gcc.a(GUI_CharLine.o)
 *fill*         0x100872b2        0x2 
 .text._DispLine
                0x100872b4       0x9c Generated_Source\PSoC6\pdl\middleware\emWin\libs\GCC\libemWin_osnts_gcc.a(GUI_CharLine.o)
 .text.GUI__GetLineNumChars
                0x10087350       0x3c Generated_Source\PSoC6\pdl\middleware\emWin\libs\GCC\libemWin_osnts_gcc.a(GUI_CharLine.o)
                0x10087350                GUI__GetLineNumChars
 .text.GUI__GetOverlap
                0x1008738c       0x18 Generated_Source\PSoC6\pdl\middleware\emWin\libs\GCC\libemWin_osnts_gcc.a(GUI_CharLine.o)
                0x1008738c                GUI__GetOverlap
 .text.GUI__GetLineDistX
                0x100873a4       0x5c Generated_Source\PSoC6\pdl\middleware\emWin\libs\GCC\libemWin_osnts_gcc.a(GUI_CharLine.o)
                0x100873a4                GUI__GetLineDistX
 .text.GUI__DispLine
                0x10087400       0x9c Generated_Source\PSoC6\pdl\middleware\emWin\libs\GCC\libemWin_osnts_gcc.a(GUI_CharLine.o)
                0x10087400                GUI__DispLine
 .text.GL_DrawPoint
                0x1008749c       0x28 Generated_Source\PSoC6\pdl\middleware\emWin\libs\GCC\libemWin_osnts_gcc.a(GUI_DrawLib.o)
                0x1008749c                GL_DrawPoint
 .text.GUI_SelectLayer
                0x100874c4       0x30 Generated_Source\PSoC6\pdl\middleware\emWin\libs\GCC\libemWin_osnts_gcc.a(GUI_SelectLayer.o)
                0x100874c4                GUI_SelectLayer
 .text._GetIndexMask_0
                0x100874f4       0x44 Generated_Source\PSoC6\pdl\middleware\emWin\libs\GCC\libemWin_osnts_gcc.a(GUICC_0.o)
 .text._Index2Color_0
                0x10087538       0x20 Generated_Source\PSoC6\pdl\middleware\emWin\libs\GCC\libemWin_osnts_gcc.a(GUICC_0.o)
 .text._Color2Index_0
                0x10087558       0x50 Generated_Source\PSoC6\pdl\middleware\emWin\libs\GCC\libemWin_osnts_gcc.a(GUICC_0.o)
 .text.GUI_MEMDEV_GetBitsPerPixel
                0x100875a8       0x32 Generated_Source\PSoC6\pdl\middleware\emWin\libs\GCC\libemWin_osnts_gcc.a(GUIDEV.o)
                0x100875a8                GUI_MEMDEV_GetBitsPerPixel
 *fill*         0x100875da        0x2 
 .text.GUI_MEMDEV_Delete
                0x100875dc       0x48 Generated_Source\PSoC6\pdl\middleware\emWin\libs\GCC\libemWin_osnts_gcc.a(GUIDEV.o)
                0x100875dc                GUI_MEMDEV_Delete
 .text._GetDevData
                0x10087624       0x10 Generated_Source\PSoC6\pdl\middleware\emWin\libs\GCC\libemWin_osnts_gcc.a(GUIDEV_1.o)
 .text._GetDevFunc
                0x10087634       0x10 Generated_Source\PSoC6\pdl\middleware\emWin\libs\GCC\libemWin_osnts_gcc.a(GUIDEV_1.o)
 .text._SetOrg  0x10087644        0xc Generated_Source\PSoC6\pdl\middleware\emWin\libs\GCC\libemWin_osnts_gcc.a(GUIDEV_1.o)
 .text._GetDevProp
                0x10087650        0xc Generated_Source\PSoC6\pdl\middleware\emWin\libs\GCC\libemWin_osnts_gcc.a(GUIDEV_1.o)
 .text._GetRect
                0x1008765c       0x30 Generated_Source\PSoC6\pdl\middleware\emWin\libs\GCC\libemWin_osnts_gcc.a(GUIDEV_1.o)
 .text._XY2PTR_BITOFFSET
                0x1008768c       0x44 Generated_Source\PSoC6\pdl\middleware\emWin\libs\GCC\libemWin_osnts_gcc.a(GUIDEV_1.o)
 .text._GetPixelIndex
                0x100876d0       0x18 Generated_Source\PSoC6\pdl\middleware\emWin\libs\GCC\libemWin_osnts_gcc.a(GUIDEV_1.o)
 .text._XorPixel
                0x100876e8       0x58 Generated_Source\PSoC6\pdl\middleware\emWin\libs\GCC\libemWin_osnts_gcc.a(GUIDEV_1.o)
 .text._SetPixelIndex
                0x10087740       0x60 Generated_Source\PSoC6\pdl\middleware\emWin\libs\GCC\libemWin_osnts_gcc.a(GUIDEV_1.o)
 .text._DrawVLine
                0x100877a0       0xb8 Generated_Source\PSoC6\pdl\middleware\emWin\libs\GCC\libemWin_osnts_gcc.a(GUIDEV_1.o)
 .text._FillRect
                0x10087858      0x158 Generated_Source\PSoC6\pdl\middleware\emWin\libs\GCC\libemWin_osnts_gcc.a(GUIDEV_1.o)
 .text._DrawHLine
                0x100879b0        0xa Generated_Source\PSoC6\pdl\middleware\emWin\libs\GCC\libemWin_osnts_gcc.a(GUIDEV_1.o)
 *fill*         0x100879ba        0x2 
 .text._DrawBitmap
                0x100879bc      0x614 Generated_Source\PSoC6\pdl\middleware\emWin\libs\GCC\libemWin_osnts_gcc.a(GUIDEV_1.o)
 .text._GetDevData
                0x10087fd0       0x10 Generated_Source\PSoC6\pdl\middleware\emWin\libs\GCC\libemWin_osnts_gcc.a(GUIDEV_8.o)
 .text._GetDevFunc
                0x10087fe0       0x10 Generated_Source\PSoC6\pdl\middleware\emWin\libs\GCC\libemWin_osnts_gcc.a(GUIDEV_8.o)
 .text._SetOrg  0x10087ff0       0x10 Generated_Source\PSoC6\pdl\middleware\emWin\libs\GCC\libemWin_osnts_gcc.a(GUIDEV_8.o)
 .text._GetRect
                0x10088000       0x30 Generated_Source\PSoC6\pdl\middleware\emWin\libs\GCC\libemWin_osnts_gcc.a(GUIDEV_8.o)
 .text._XY2PTR  0x10088030       0x38 Generated_Source\PSoC6\pdl\middleware\emWin\libs\GCC\libemWin_osnts_gcc.a(GUIDEV_8.o)
 .text._GetPixelIndex
                0x10088068        0xe Generated_Source\PSoC6\pdl\middleware\emWin\libs\GCC\libemWin_osnts_gcc.a(GUIDEV_8.o)
 *fill*         0x10088076        0x2 
 .text._XorPixel
                0x10088078       0x54 Generated_Source\PSoC6\pdl\middleware\emWin\libs\GCC\libemWin_osnts_gcc.a(GUIDEV_8.o)
 .text._SetPixelIndex
                0x100880cc       0x48 Generated_Source\PSoC6\pdl\middleware\emWin\libs\GCC\libemWin_osnts_gcc.a(GUIDEV_8.o)
 .text._DrawVLine
                0x10088114       0xbc Generated_Source\PSoC6\pdl\middleware\emWin\libs\GCC\libemWin_osnts_gcc.a(GUIDEV_8.o)
 .text._FillRect
                0x100881d0       0xb0 Generated_Source\PSoC6\pdl\middleware\emWin\libs\GCC\libemWin_osnts_gcc.a(GUIDEV_8.o)
 .text._DrawHLine
                0x10088280        0xa Generated_Source\PSoC6\pdl\middleware\emWin\libs\GCC\libemWin_osnts_gcc.a(GUIDEV_8.o)
 *fill*         0x1008828a        0x2 
 .text._DrawBitmap
                0x1008828c      0x688 Generated_Source\PSoC6\pdl\middleware\emWin\libs\GCC\libemWin_osnts_gcc.a(GUIDEV_8.o)
 .text._GetDevProp
                0x10088914       0x1e Generated_Source\PSoC6\pdl\middleware\emWin\libs\GCC\libemWin_osnts_gcc.a(GUIDEV_8.o)
 .text.GUI_USAGE_DecUseCnt
                0x10088932       0x2e Generated_Source\PSoC6\pdl\middleware\emWin\libs\GCC\libemWin_osnts_gcc.a(GUIDEV_Usage.o)
                0x10088932                GUI_USAGE_DecUseCnt
 .text.GUI_USAGE_AddRect
                0x10088960       0x26 Generated_Source\PSoC6\pdl\middleware\emWin\libs\GCC\libemWin_osnts_gcc.a(GUIDEV_Usage.o)
                0x10088960                GUI_USAGE_AddRect
 .text._Convert16
                0x10088986       0x34 Generated_Source\PSoC6\pdl\middleware\emWin\libs\GCC\libemWin_osnts_gcc.a(GUIDEV_WriteToActiveOpaque.o)
 .text._Convert8
                0x100889ba       0x34 Generated_Source\PSoC6\pdl\middleware\emWin\libs\GCC\libemWin_osnts_gcc.a(GUIDEV_WriteToActiveOpaque.o)
 *fill*         0x100889ee        0x2 
 .text.GUI_MEMDEV__WriteToActiveOpaque
                0x100889f0      0x714 Generated_Source\PSoC6\pdl\middleware\emWin\libs\GCC\libemWin_osnts_gcc.a(GUIDEV_WriteToActiveOpaque.o)
                0x100889f0                GUI_MEMDEV__WriteToActiveOpaque
 .text.LCD_SetClipRectEx
                0x10089104       0x30 Generated_Source\PSoC6\pdl\middleware\emWin\libs\GCC\libemWin_osnts_gcc.a(LCD_SetClipRectEx.o)
                0x10089104                LCD_SetClipRectEx
 .text.GUI__CompactPixelIndices
                0x10089134      0x14a Generated_Source\PSoC6\pdl\middleware\emWin\libs\GCC\libemWin_osnts_gcc.a(GUI__CompactPixelIndices.o)
                0x10089134                GUI__CompactPixelIndices
 *fill*         0x1008927e        0x2 
 .text.GL_FillCircle
                0x10089280       0xcc Generated_Source\PSoC6\pdl\middleware\emWin\libs\GCC\libemWin_osnts_gcc.a(GUI_Circ.o)
                0x10089280                GL_FillCircle
 .text.GUI_MEMDEV_GetDataPtr
                0x1008934c       0x24 Generated_Source\PSoC6\pdl\middleware\emWin\libs\GCC\libemWin_osnts_gcc.a(GUIDEV_GetDataPtr.o)
                0x1008934c                GUI_MEMDEV_GetDataPtr
 .text          0x10089370       0x14 c:/program files (x86)/cypress/psoc creator/4.4/psoc creator/import/gnu/arm/5.4.1/bin/../lib/gcc/arm-none-eabi/5.4.1/armv7e-m/softfp\libgcc.a(_thumb1_case_uqi.o)
                0x10089370                __gnu_thumb1_case_uqi
 .text          0x10089384       0x14 c:/program files (x86)/cypress/psoc creator/4.4/psoc creator/import/gnu/arm/5.4.1/bin/../lib/gcc/arm-none-eabi/5.4.1/armv7e-m/softfp\libgcc.a(_thumb1_case_uhi.o)
                0x10089384                __gnu_thumb1_case_uhi
 .text          0x10089398       0x24 c:/program files (x86)/cypress/psoc creator/4.4/psoc creator/import/gnu/arm/5.4.1/bin/../lib/gcc/arm-none-eabi/5.4.1/armv7e-m/softfp\libgcc.a(_udivsi3.o)
                0x10089398                __aeabi_uidiv
                0x10089398                __udivsi3
                0x100893ac                __aeabi_uidivmod
 .text          0x100893bc       0x2c c:/program files (x86)/cypress/psoc creator/4.4/psoc creator/import/gnu/arm/5.4.1/bin/../lib/gcc/arm-none-eabi/5.4.1/armv7e-m/softfp\libgcc.a(_divsi3.o)
                0x100893bc                __divsi3
                0x100893bc                __aeabi_idiv
                0x100893d8                __aeabi_idivmod
 .text          0x100893e8        0x4 c:/program files (x86)/cypress/psoc creator/4.4/psoc creator/import/gnu/arm/5.4.1/bin/../lib/gcc/arm-none-eabi/5.4.1/armv7e-m/softfp\libgcc.a(_dvmd_tls.o)
                0x100893e8                __aeabi_idiv0
                0x100893e8                __aeabi_ldiv0
 .text.memcpy   0x100893ec       0x16 c:/program files (x86)/cypress/psoc creator/4.4/psoc creator/import/gnu/arm/5.4.1/bin/../lib/gcc/arm-none-eabi/5.4.1/../../../../arm-none-eabi/lib/armv7e-m/softfp\libg_nano.a(lib_a-memcpy-stub.o)
                0x100893ec                memcpy
 .text.memmove  0x10089402       0x36 c:/program files (x86)/cypress/psoc creator/4.4/psoc creator/import/gnu/arm/5.4.1/bin/../lib/gcc/arm-none-eabi/5.4.1/../../../../arm-none-eabi/lib/armv7e-m/softfp\libg_nano.a(lib_a-memmove.o)
                0x10089402                memmove
 .text.memset   0x10089438       0x10 c:/program files (x86)/cypress/psoc creator/4.4/psoc creator/import/gnu/arm/5.4.1/bin/../lib/gcc/arm-none-eabi/5.4.1/../../../../arm-none-eabi/lib/armv7e-m/softfp\libg_nano.a(lib_a-memset.o)
                0x10089438                memset
 .text.strncpy  0x10089448       0x26 c:/program files (x86)/cypress/psoc creator/4.4/psoc creator/import/gnu/arm/5.4.1/bin/../lib/gcc/arm-none-eabi/5.4.1/../../../../arm-none-eabi/lib/armv7e-m/softfp\libg_nano.a(lib_a-strncpy.o)
                0x10089448                strncpy
 *(.init)
 *fill*         0x1008946e        0x2 
 .init          0x10089470        0x4 c:/program files (x86)/cypress/psoc creator/4.4/psoc creator/import/gnu/arm/5.4.1/bin/../lib/gcc/arm-none-eabi/5.4.1/armv7e-m/softfp/crti.o
                0x10089470                _init
 .init          0x10089474        0x8 c:/program files (x86)/cypress/psoc creator/4.4/psoc creator/import/gnu/arm/5.4.1/bin/../lib/gcc/arm-none-eabi/5.4.1/armv7e-m/softfp/crtn.o
 *(.fini)
 .fini          0x1008947c        0x4 c:/program files (x86)/cypress/psoc creator/4.4/psoc creator/import/gnu/arm/5.4.1/bin/../lib/gcc/arm-none-eabi/5.4.1/armv7e-m/softfp/crti.o
                0x1008947c                _fini
 .fini          0x10089480        0x8 c:/program files (x86)/cypress/psoc creator/4.4/psoc creator/import/gnu/arm/5.4.1/bin/../lib/gcc/arm-none-eabi/5.4.1/armv7e-m/softfp/crtn.o
 *crtbegin.o(.ctors)
 *crtbegin?.o(.ctors)
 *(EXCLUDE_FILE(*crtend.o *crtend?.o) .ctors)
 *(SORT(.ctors.*))
 *(.ctors)
 *crtbegin.o(.dtors)
 *crtbegin?.o(.dtors)
 *(EXCLUDE_FILE(*crtend.o *crtend?.o) .dtors)
 *(SORT(.dtors.*))
 *(.dtors)
 *(.rodata .rodata.* .constdata .constdata.* .conststring .conststring.*)
 .rodata.str1.4
                0x10089488        0xf .\CortexM4\ARM_GCC_541\Debug\main_cm4.o
 *fill*         0x10089497        0x1 
 .rodata        0x10089498       0x34 .\CortexM4\ARM_GCC_541\Debug\system_psoc6_cm4.o
 .rodata        0x100894cc        0xc .\CortexM4\ARM_GCC_541\Debug\pervasive_eink_hardware_driver.o
                0x100894cc                channelSelect
                0x100894d4                scanTable
 .rodata.str1.4
                0x100894d8       0x3f .\CortexM4\ARM_GCC_541\Debug\cy_eink_psoc_interface.o
 *fill*         0x10089517        0x1 
 .rodata        0x10089518       0x34 .\CortexM4\ARM_GCC_541\Debug\CY_EINK_SPIM.o
                0x10089518                CY_EINK_SPIM_config
 .rodata        0x1008954c       0x4c .\CortexM4\ARM_GCC_541\Debug\CY_EINK_Timer.o
                0x1008954c                CY_EINK_Timer_config
 .rodata.str1.4
                0x10089598       0x3f .\CortexM4\ARM_GCC_541\Debug\cy_flash.o
 *fill*         0x100895d7        0x1 
 .rodata.str1.4
                0x100895d8       0x7f .\CortexM4\ARM_GCC_541\Debug\cy_ipc_drv.o
 .rodata.str1.4
                0x10089657       0x3f .\CortexM4\ARM_GCC_541\Debug\cy_ipc_sema.o
 *fill*         0x10089657        0x1 
 .rodata.str1.4
                0x10089658       0x40 .\CortexM4\ARM_GCC_541\Debug\cy_ipc_pipe.o
                                 0x7f (size before relaxing)
 .rodata.str1.4
                0x10089698       0x83 .\CortexM4\ARM_GCC_541\Debug\cy_scb_spi.o
 *fill*         0x1008971b        0x1 
 .rodata.str1.4
                0x1008971c       0x41 .\CortexM4\ARM_GCC_541\Debug\cy_sysint.o
 *fill*         0x1008975d        0x3 
 .rodata        0x10089760      0x170 .\CortexM4\ARM_GCC_541\Debug\cy_device.o
                0x10089760                cy_deviceIpBlockCfgPSoC6_02
                0x10089818                cy_deviceIpBlockCfgPSoC6_01
 .rodata.str1.4
                0x100898d0       0x50 .\CortexM4\ARM_GCC_541\Debug\port.o
 .rodata        0x10089920      0xb40 Generated_Source\PSoC6\pdl\middleware\emWin\libs\GCC\libemWin_osnts_gcc.a(F16_1.o)
                0x10089920                GUI_Font16_1
                0x10089944                GUI_Font16_1_FontProp1
 .rodata        0x1008a460      0xaa0 Generated_Source\PSoC6\pdl\middleware\emWin\libs\GCC\libemWin_osnts_gcc.a(F16_ASCII.o)
                0x1008a460                GUI_Font16_ASCII
                0x1008a484                GUI_Font16ASCIIProp1
 .rodata        0x1008af00     0x1fb0 Generated_Source\PSoC6\pdl\middleware\emWin\libs\GCC\libemWin_osnts_gcc.a(F32B_1.o)
                0x1008af00                GUI_Font32B_1
 .rodata        0x1008ceb0     0x1ea8 Generated_Source\PSoC6\pdl\middleware\emWin\libs\GCC\libemWin_osnts_gcc.a(F32B_ASCII.o)
                0x1008ceb0                GUI_Font32B_ASCII
                0x1008ced4                GUI_Font32B_ASCII_Prop1
                0x1008cee0                GUI_Font32B_ASCII_CharInfo
 .rodata        0x1008ed58      0x73c Generated_Source\PSoC6\pdl\middleware\emWin\libs\GCC\libemWin_osnts_gcc.a(F6x8.o)
                0x1008ed58                GUI_Font6x9
                0x1008ed7c                GUI_Font6x8
 .rodata        0x1008f494        0x8 Generated_Source\PSoC6\pdl\middleware\emWin\libs\GCC\libemWin_osnts_gcc.a(GUI_Core.o)
 .rodata.str1.1
                0x1008f49c       0x14 Generated_Source\PSoC6\pdl\middleware\emWin\libs\GCC\libemWin_osnts_gcc.a(GUI_Core.o)
 .rodata        0x1008f4b0       0x44 Generated_Source\PSoC6\pdl\middleware\emWin\libs\GCC\libemWin_osnts_gcc.a(GUI_DrawLine.o)
                0x1008f4d2                aTan
 .rodata        0x1008f4f4       0x10 Generated_Source\PSoC6\pdl\middleware\emWin\libs\GCC\libemWin_osnts_gcc.a(GUI_UC_EncodeNone.o)
                0x1008f4f4                GUI_UC_None
 .rodata        0x1008f504       0x18 Generated_Source\PSoC6\pdl\middleware\emWin\libs\GCC\libemWin_osnts_gcc.a(GUICC_1.o)
                0x1008f504                LCD_API_ColorConv_1
 .rodata        0x1008f51c       0x50 Generated_Source\PSoC6\pdl\middleware\emWin\libs\GCC\libemWin_osnts_gcc.a(GUIDRV_BitPlains.o)
                0x1008f538                GUIDRV_BitPlains_API
 .rodata        0x1008f56c        0xc Generated_Source\PSoC6\pdl\middleware\emWin\libs\GCC\libemWin_osnts_gcc.a(LCD.o)
 .rodata        0x1008f578       0x18 Generated_Source\PSoC6\pdl\middleware\emWin\libs\GCC\libemWin_osnts_gcc.a(GUICC_0.o)
                0x1008f578                LCD_API_ColorConv_0
 .rodata        0x1008f590       0x74 Generated_Source\PSoC6\pdl\middleware\emWin\libs\GCC\libemWin_osnts_gcc.a(GUIDEV_1.o)
                0x1008f590                GUI_MEMDEV_DEVICE_1
 .rodata        0x1008f604       0x74 Generated_Source\PSoC6\pdl\middleware\emWin\libs\GCC\libemWin_osnts_gcc.a(GUIDEV_8.o)
                0x1008f604                GUI_MEMDEV_DEVICE_8
 .rodata        0x1008f678      0x100 Generated_Source\PSoC6\pdl\middleware\emWin\libs\GCC\libemWin_osnts_gcc.a(LCD_Mirror.o)
                0x1008f678                LCD_aMirror
 *(.eh_frame*)
 .eh_frame      0x1008f778        0x0 c:/program files (x86)/cypress/psoc creator/4.4/psoc creator/import/gnu/arm/5.4.1/bin/../lib/gcc/arm-none-eabi/5.4.1/armv7e-m/softfp/crtbegin.o
 .eh_frame      0x1008f778        0x4 c:/program files (x86)/cypress/psoc creator/4.4/psoc creator/import/gnu/arm/5.4.1/bin/../lib/gcc/arm-none-eabi/5.4.1/armv7e-m/softfp/crtend.o

.glue_7         0x1008f77c        0x0
 .glue_7        0x1008f77c        0x0 linker stubs

.glue_7t        0x1008f77c        0x0
 .glue_7t       0x1008f77c        0x0 linker stubs
