Archive member included to satisfy reference by file (symbol)

Generated_Source\PSoC6\pdl\middleware\emWin\libs\GCC\libemWin_osnts_gcc.a(F16_1.o)
                              .\CortexM4\ARM_GCC_541\Debug\interface.o (GUI_Font16_1)
Generated_Source\PSoC6\pdl\middleware\emWin\libs\GCC\libemWin_osnts_gcc.a(F16_ASCII.o)
                              Generated_Source\PSoC6\pdl\middleware\emWin\libs\GCC\libemWin_osnts_gcc.a(F16_1.o) (GUI_Font16ASCIIProp1)
Generated_Source\PSoC6\pdl\middleware\emWin\libs\GCC\libemWin_osnts_gcc.a(F32B_1.o)
                              .\CortexM4\ARM_GCC_541\Debug\interface.o (GUI_Font32B_1)
Generated_Source\PSoC6\pdl\middleware\emWin\libs\GCC\libemWin_osnts_gcc.a(F32B_ASCII.o)
                              Generated_Source\PSoC6\pdl\middleware\emWin\libs\GCC\libemWin_osnts_gcc.a(F32B_1.o) (GUI_Font32B_ASCII_Prop1)
Generated_Source\PSoC6\pdl\middleware\emWin\libs\GCC\libemWin_osnts_gcc.a(F6x8.o)
                              .\CortexM4\ARM_GCC_541\Debug\GUIConf.o (GUI_Font6x8)
Generated_Source\PSoC6\pdl\middleware\emWin\libs\GCC\libemWin_osnts_gcc.a(GUI_2DLib.o)
                              .\CortexM4\ARM_GCC_541\Debug\interface.o (GUI_DrawRect)
Generated_Source\PSoC6\pdl\middleware\emWin\libs\GCC\libemWin_osnts_gcc.a(GUI_Alloc.o)
                              .\CortexM4\ARM_GCC_541\Debug\GUIConf.o (GUI_ALLOC_AssignMemory)
Generated_Source\PSoC6\pdl\middleware\emWin\libs\GCC\libemWin_osnts_gcc.a(GUI_CharM.o)
                              Generated_Source\PSoC6\pdl\middleware\emWin\libs\GCC\libemWin_osnts_gcc.a(F6x8.o) (GUIMONO_DispChar)
Generated_Source\PSoC6\pdl\middleware\emWin\libs\GCC\libemWin_osnts_gcc.a(GUI_CharP.o)
                              Generated_Source\PSoC6\pdl\middleware\emWin\libs\GCC\libemWin_osnts_gcc.a(F16_1.o) (GUIPROP_DispChar)
Generated_Source\PSoC6\pdl\middleware\emWin\libs\GCC\libemWin_osnts_gcc.a(GUI_Common.o)
                              Generated_Source\PSoC6\pdl\middleware\emWin\libs\GCC\libemWin_osnts_gcc.a(GUI_CharP.o) (GUI_GetBkColor)
Generated_Source\PSoC6\pdl\middleware\emWin\libs\GCC\libemWin_osnts_gcc.a(GUI_Core.o)
                              Generated_Source\PSoC6\pdl\middleware\emWin\libs\GCC\libemWin_osnts_gcc.a(GUI_Common.o) (GUI__apDevice)
Generated_Source\PSoC6\pdl\middleware\emWin\libs\GCC\libemWin_osnts_gcc.a(GUI_Device.o)
                              .\CortexM4\ARM_GCC_541\Debug\LCDConf.o (GUI_DEVICE_CreateAndLink)
Generated_Source\PSoC6\pdl\middleware\emWin\libs\GCC\libemWin_osnts_gcc.a(GUI_DispString.o)
                              Generated_Source\PSoC6\pdl\middleware\emWin\libs\GCC\libemWin_osnts_gcc.a(GUI_Common.o) (GUI_DispString)
Generated_Source\PSoC6\pdl\middleware\emWin\libs\GCC\libemWin_osnts_gcc.a(GUI_DispStringInRectEx.o)
                              Generated_Source\PSoC6\pdl\middleware\emWin\libs\GCC\libemWin_osnts_gcc.a(GUI_DispString.o) (GUI_DispStringInRectEx)
Generated_Source\PSoC6\pdl\middleware\emWin\libs\GCC\libemWin_osnts_gcc.a(GUI_DrawLine.o)
                              .\CortexM4\ARM_GCC_541\Debug\interface.o (GUI_DrawLine)
Generated_Source\PSoC6\pdl\middleware\emWin\libs\GCC\libemWin_osnts_gcc.a(GUI_FillPolygon.o)
                              Generated_Source\PSoC6\pdl\middleware\emWin\libs\GCC\libemWin_osnts_gcc.a(GUI_DrawLine.o) (GL_FillPolygon)
Generated_Source\PSoC6\pdl\middleware\emWin\libs\GCC\libemWin_osnts_gcc.a(GUI_OnKey.o)
                              Generated_Source\PSoC6\pdl\middleware\emWin\libs\GCC\libemWin_osnts_gcc.a(GUI_Common.o) (GUI_GetKey)
Generated_Source\PSoC6\pdl\middleware\emWin\libs\GCC\libemWin_osnts_gcc.a(GUI_Task.o)
                              Generated_Source\PSoC6\pdl\middleware\emWin\libs\GCC\libemWin_osnts_gcc.a(GUI_2DLib.o) (GUI_Unlock)
Generated_Source\PSoC6\pdl\middleware\emWin\libs\GCC\libemWin_osnts_gcc.a(GUI_UC.o)
                              Generated_Source\PSoC6\pdl\middleware\emWin\libs\GCC\libemWin_osnts_gcc.a(GUI_DispString.o) (GUI_UC__GetCharCodeInc)
Generated_Source\PSoC6\pdl\middleware\emWin\libs\GCC\libemWin_osnts_gcc.a(GUI_UC_EncodeNone.o)
                              Generated_Source\PSoC6\pdl\middleware\emWin\libs\GCC\libemWin_osnts_gcc.a(GUI_Core.o) (GUI_UC_None)
Generated_Source\PSoC6\pdl\middleware\emWin\libs\GCC\libemWin_osnts_gcc.a(GUI_WaitEvent.o)
                              Generated_Source\PSoC6\pdl\middleware\emWin\libs\GCC\libemWin_osnts_gcc.a(GUI_OnKey.o) (GUI_SignalEvent)
Generated_Source\PSoC6\pdl\middleware\emWin\libs\GCC\libemWin_osnts_gcc.a(GUICC_1.o)
                              .\CortexM4\ARM_GCC_541\Debug\LCDConf.o (LCD_API_ColorConv_1)
Generated_Source\PSoC6\pdl\middleware\emWin\libs\GCC\libemWin_osnts_gcc.a(GUIDRV_BitPlains.o)
                              .\CortexM4\ARM_GCC_541\Debug\LCDConf.o (GUIDRV_BitPlains_Config)
Generated_Source\PSoC6\pdl\middleware\emWin\libs\GCC\libemWin_osnts_gcc.a(LCD.o)
[...]
Memory Configuration

Name             Origin             Length             Attributes
ram              0x08024000         0x00023800         xrw
flash            0x10080000         0x00080000         xr
em_eeprom        0x14000000         0x00008000         xr
sflash_user_data 0x16000800         0x00000800         xr
sflash_nar       0x16001a00         0x00000200         xr
sflash_public_key 0x16005a00         0x00000c00         xr
sflash_toc_2     0x16007c00         0x00000200         xr
sflash_rtoc_2    0x16007e00         0x00000200         xr
xip              0x18000000         0x08000000         xr
efuse            0x90700000         0x00100000         r
*default*        0x00000000         0xffffffff

Linker script and memory map

LOAD c:/program files (x86)/cypress/psoc creator/4.4/psoc creator/import/gnu/arm/5.4.1/bin/../lib/gcc/arm-none-eabi/5.4.1/armv7e-m/softfp/crti.o
LOAD c:/program files (x86)/cypress/psoc creator/4.4/psoc creator/import/gnu/arm/5.4.1/bin/../lib/gcc/arm-none-eabi/5.4.1/armv7e-m/softfp/crtbegin.o
LOAD c:/program files (x86)/cypress/psoc creator/4.4/psoc creator/import/gnu/arm/5.4.1/bin/../lib/gcc/arm-none-eabi/5.4.1/../../../../arm-none-eabi/lib/armv7e-m/softfp/crt0.o
START GROUP
LOAD Generated_Source\PSoC6\pdl\middleware\emWin\libs\GCC\libemWin_osnts_gcc.a
LOAD .\CortexM4\ARM_GCC_541\Debug\startup_psoc6_01_cm4.o
LOAD .\CortexM4\ARM_GCC_541\Debug\main_cm4.o
LOAD .\CortexM4\ARM_GCC_541\Debug\system_psoc6_cm4.o
LOAD .\CortexM4\ARM_GCC_541\Debug\interface.o
LOAD .\CortexM4\ARM_GCC_541\Debug\pervasive_eink_hardware_driver.o
LOAD .\CortexM4\ARM_GCC_541\Debug\cy_eink_library.o
LOAD .\CortexM4\ARM_GCC_541\Debug\cy_eink_psoc_interface.o
LOAD .\CortexM4\ARM_GCC_541\Debug\Cypress Logo Full Color_PNG_1bpp.o
LOAD .\CortexM4\ARM_GCC_541\Debug\LCDConf.o
LOAD .\CortexM4\ARM_GCC_541\Debug\GUI_X_RTOS.o
LOAD .\CortexM4\ARM_GCC_541\Debug\GUIConf.o
LOAD .\CortexM4\ARM_GCC_541\Debug\cyfitter_sysint_cfg.o
LOAD .\CortexM4\ARM_GCC_541\Debug\cymetadata.o
LOAD .\CortexM4\ARM_GCC_541\Debug\CY_EINK_SPIM.o
LOAD .\CortexM4\ARM_GCC_541\Debug\CY_EINK_Timer.o
LOAD .\CortexM4\ARM_GCC_541\Debug\Status_SW2.o
LOAD .\CortexM4\ARM_GCC_541\Debug\PWM.o
LOAD .\CortexM4\ARM_GCC_541\Debug\ADC.o
LOAD .\CortexM4\ARM_GCC_541\Debug\ADC_INT.o
LOAD .\CortexM4\ARM_GCC_541\Debug\ADC_INIT.o
LOAD .\CortexM4\ARM_GCC_541\Debug\ADC_PM.o
LOAD .\CortexM4\ARM_GCC_541\Debug\cy_efuse.o
LOAD .\CortexM4\ARM_GCC_541\Debug\cy_flash.o
LOAD .\CortexM4\ARM_GCC_541\Debug\cy_gpio.o
LOAD .\CortexM4\ARM_GCC_541\Debug\cy_ipc_drv.o
LOAD .\CortexM4\ARM_GCC_541\Debug\cy_ipc_sema.o
LOAD .\CortexM4\ARM_GCC_541\Debug\cy_ipc_pipe.o
LOAD .\CortexM4\ARM_GCC_541\Debug\cy_lvd.o
LOAD .\CortexM4\ARM_GCC_541\Debug\cy_profile.o
LOAD .\CortexM4\ARM_GCC_541\Debug\cy_prot.o
LOAD .\CortexM4\ARM_GCC_541\Debug\cy_sar.o
LOAD .\CortexM4\ARM_GCC_541\Debug\cy_scb_common.o
LOAD .\CortexM4\ARM_GCC_541\Debug\cy_scb_i2c.o
LOAD .\CortexM4\ARM_GCC_541\Debug\cy_scb_ezi2c.o
LOAD .\CortexM4\ARM_GCC_541\Debug\cy_scb_spi.o
LOAD .\CortexM4\ARM_GCC_541\Debug\cy_scb_uart.o
LOAD .\CortexM4\ARM_GCC_541\Debug\cy_sysanalog.o
LOAD .\CortexM4\ARM_GCC_541\Debug\cy_sysclk.o
LOAD .\CortexM4\ARM_GCC_541\Debug\cy_sysint.o
LOAD .\CortexM4\ARM_GCC_541\Debug\cy_syslib.o
LOAD .\CortexM4\ARM_GCC_541\Debug\cy_syslib_gcc.o
LOAD .\CortexM4\ARM_GCC_541\Debug\cy_syspm.o
LOAD .\CortexM4\ARM_GCC_541\Debug\cy_systick.o
LOAD .\CortexM4\ARM_GCC_541\Debug\cy_tcpwm_counter.o
LOAD .\CortexM4\ARM_GCC_541\Debug\cy_tcpwm_pwm.o
LOAD .\CortexM4\ARM_GCC_541\Debug\cy_tcpwm_quaddec.o
LOAD .\CortexM4\ARM_GCC_541\Debug\cy_trigmux.o
LOAD .\CortexM4\ARM_GCC_541\Debug\cy_wdt.o
LOAD .\CortexM4\ARM_GCC_541\Debug\cy_device.o
LOAD .\CortexM4\ARM_GCC_541\Debug\cy_ble_clk.o
LOAD .\CortexM4\ARM_GCC_541\Debug\croutine.o
LOAD .\CortexM4\ARM_GCC_541\Debug\event_groups.o
LOAD .\CortexM4\ARM_GCC_541\Debug\list.o
LOAD .\CortexM4\ARM_GCC_541\Debug\queue.o
LOAD .\CortexM4\ARM_GCC_541\Debug\tasks.o
LOAD .\CortexM4\ARM_GCC_541\Debug\timers.o
LOAD .\CortexM4\ARM_GCC_541\Debug\stream_buffer.o
LOAD .\CortexM4\ARM_GCC_541\Debug\port.o
LOAD .\CortexM4\ARM_GCC_541\Debug\heap_1.o
END GROUP
START GROUP
LOAD c:/program files (x86)/cypress/psoc creator/4.4/psoc creator/import/gnu/arm/5.4.1/bin/../lib/gcc/arm-none-eabi/5.4.1/armv7e-m/softfp\libgcc.a
LOAD c:/program files (x86)/cypress/psoc creator/4.4/psoc creator/import/gnu/arm/5.4.1/bin/../lib/gcc/arm-none-eabi/5.4.1/../../../../arm-none-eabi/lib/armv7e-m/softfp\libg_nano.a
LOAD c:/program files (x86)/cypress/psoc creator/4.4/psoc creator/import/gnu/arm/5.4.1/bin/../lib/gcc/arm-none-eabi/5.4.1/../../../../arm-none-eabi/lib/armv7e-m/softfp\libc_nano.a
END GROUP
START GROUP
LOAD c:/program files (x86)/cypress/psoc creator/4.4/psoc creator/import/gnu/arm/5.4.1/bin/../lib/gcc/arm-none-eabi/5.4.1/armv7e-m/softfp\libgcc.a
LOAD c:/program files (x86)/cypress/psoc creator/4.4/psoc creator/import/gnu/arm/5.4.1/bin/../lib/gcc/arm-none-eabi/5.4.1/../../../../arm-none-eabi/lib/armv7e-m/softfp\libc_nano.a
END GROUP
LOAD c:/program files (x86)/cypress/psoc creator/4.4/psoc creator/import/gnu/arm/5.4.1/bin/../lib/gcc/arm-none-eabi/5.4.1/armv7e-m/softfp/crtend.o
LOAD c:/program files (x86)/cypress/psoc creator/4.4/psoc creator/import/gnu/arm/5.4.1/bin/../lib/gcc/arm-none-eabi/5.4.1/armv7e-m/softfp/crtn.o
START GROUP
LOAD c:/program files (x86)/cypress/psoc creator/4.4/psoc creator/import/gnu/arm/5.4.1/bin/../lib/gcc/arm-none-eabi/5.4.1/armv7e-m/softfp\libgcc.a
LOAD c:/program files (x86)/cypress/psoc creator/4.4/psoc creator/import/gnu/arm/5.4.1/bin/../lib/gcc/arm-none-eabi/5.4.1/../../../../arm-none-eabi/lib/armv7e-m/softfp\libc.a
LOAD c:/program files (x86)/cypress/psoc creator/4.4/psoc creator/import/gnu/arm/5.4.1/bin/../lib/gcc/arm-none-eabi/5.4.1/../../../../arm-none-eabi/lib/armv7e-m/softfp\libnosys.a
END GROUP
START GROUP
LOAD c:/program files (x86)/cypress/psoc creator/4.4/psoc creator/import/gnu/arm/5.4.1/bin/../lib/gcc/arm-none-eabi/5.4.1/armv7e-m/softfp\libgcc.a
LOAD c:/program files (x86)/cypress/psoc creator/4.4/psoc creator/import/gnu/arm/5.4.1/bin/../lib/gcc/arm-none-eabi/5.4.1/../../../../arm-none-eabi/lib/armv7e-m/softfp\libc.a
LOAD c:/program files (x86)/cypress/psoc creator/4.4/psoc creator/import/gnu/arm/5.4.1/bin/../lib/gcc/arm-none-eabi/5.4.1/../../../../arm-none-eabi/lib/armv7e-m/softfp\libm.a
LOAD c:/program files (x86)/cypress/psoc creator/4.4/psoc creator/import/gnu/arm/5.4.1/bin/../lib/gcc/arm-none-eabi/5.4.1/../../../../arm-none-eabi/lib/armv7e-m/softfp\libnosys.a
END GROUP

.text           0x10080000    0x10e68
                0x10080000                . = ALIGN (0x4)
                0x10080000                __Vectors = .
 *(.vectors)
 .vectors       0x10080000      0x28c .\CortexM4\ARM_GCC_541\Debug\startup_psoc6_01_cm4.o
                0x1008028c                . = ALIGN (0x4)
                0x1008028c                __Vectors_End = .
                0x0000028c                __Vectors_Size = (__Vectors_End - __Vectors)
                0x1008028c                __end__ = .
                0x1008028c                . = ALIGN (0x4)
 *(.text*)
 .text          0x1008028c       0x5c c:/program files (x86)/cypress/psoc creator/4.4/psoc creator/import/gnu/arm/5.4.1/bin/../lib/gcc/arm-none-eabi/5.4.1/armv7e-m/softfp/crtbegin.o
 .text          0x100802e8       0x84 .\CortexM4\ARM_GCC_541\Debug\startup_psoc6_01_cm4.o
                0x100802e8                Cy_OnResetUser
                0x100802ea                Reset_Handler
                0x1008034c                cpuss_interrupts_ipc_6_IRQHandler
                0x1008034c                DebugMon_Handler
                0x1008034c                tcpwm_1_interrupts_11_IRQHandler
                0x1008034c                cpuss_interrupts_ipc_0_IRQHandler
                0x1008034c                tcpwm_1_interrupts_15_IRQHandler
                0x1008034c                ioss_interrupts_gpio_13_IRQHandler
                0x1008034c                tcpwm_1_interrupts_13_IRQHandler
                0x1008034c                cpuss_interrupts_dw1_8_IRQHandler
                0x1008034c                tcpwm_0_interrupts_0_IRQHandler
                0x1008034c                cpuss_interrupt_fm_IRQHandler
                0x1008034c                cpuss_interrupts_ipc_7_IRQHandler
                0x1008034c                tcpwm_1_interrupts_14_IRQHandler
                0x1008034c                cpuss_interrupts_dw0_5_IRQHandler
                0x1008034c                tcpwm_1_interrupts_9_IRQHandler
                0x1008034c                cpuss_interrupts_cm0_cti_1_IRQHandler
                0x1008034c                tcpwm_1_interrupts_22_IRQHandler
                0x1008034c                cpuss_interrupts_dw0_4_IRQHandler
                0x1008034c                NMI_Handler
                0x1008034c                cpuss_interrupts_dw1_12_IRQHandler
                0x1008034c                tcpwm_1_interrupts_12_IRQHandler
                0x1008034c                smif_interrupt_IRQHandler
                0x1008034c                tcpwm_1_interrupts_2_IRQHandler
                0x1008034c                cpuss_interrupts_ipc_13_IRQHandler
                0x1008034c                udb_interrupts_11_IRQHandler
                0x1008034c                tcpwm_1_interrupts_18_IRQHandler
                0x1008034c                cpuss_interrupts_dw0_11_IRQHandler
                0x1008034c                tcpwm_0_interrupts_2_IRQHandler
                0x1008034c                cpuss_interrupts_dw0_13_IRQHandler
                0x1008034c                udb_interrupts_2_IRQHandler
                0x1008034c                cpuss_interrupts_dw1_7_IRQHandler
                0x1008034c                ioss_interrupts_gpio_1_IRQHandler
                0x1008034c                ioss_interrupts_gpio_7_IRQHandler
                0x1008034c                scb_5_interrupt_IRQHandler
                0x1008034c                udb_interrupts_6_IRQHandler
                0x1008034c                cpuss_interrupts_fault_1_IRQHandler
                0x1008034c                cpuss_interrupts_ipc_4_IRQHandler
                0x1008034c                cpuss_interrupts_ipc_5_IRQHandler
                0x1008034c                cpuss_interrupts_dw1_10_IRQHandler
                0x1008034c                udb_interrupts_0_IRQHandler
                0x1008034c                tcpwm_1_interrupts_6_IRQHandler
                0x1008034c                scb_4_interrupt_IRQHandler
                0x1008034c                pass_interrupt_dacs_IRQHandler
                0x1008034c                ioss_interrupts_gpio_2_IRQHandler
                0x1008034c                cpuss_interrupts_dw1_9_IRQHandler
                0x1008034c                cpuss_interrupts_dw1_13_IRQHandler
                0x1008034c                scb_2_interrupt_IRQHandler
                0x1008034c                cpuss_interrupts_cm0_cti_0_IRQHandler
                0x1008034c                udb_interrupts_5_IRQHandler
                0x1008034c                srss_interrupt_IRQHandler
                0x1008034c                udb_interrupts_12_IRQHandler
                0x1008034c                scb_0_interrupt_IRQHandler
                0x1008034c                csd_interrupt_IRQHandler
                0x1008034c                udb_interrupts_1_IRQHandler
                0x1008034c                profile_interrupt_IRQHandler
                0x1008034c                tcpwm_1_interrupts_1_IRQHandler
                0x1008034c                cpuss_interrupts_ipc_12_IRQHandler
                0x1008034c                tcpwm_1_interrupts_3_IRQHandler
                0x1008034c                tcpwm_0_interrupts_7_IRQHandler
                0x1008034c                cpuss_interrupts_dw1_1_IRQHandler
                0x1008034c                cpuss_interrupts_dw1_0_IRQHandler
                0x1008034c                cpuss_interrupts_dw0_9_IRQHandler
                0x1008034c                lpcomp_interrupt_IRQHandler
                0x1008034c                tcpwm_1_interrupts_23_IRQHandler
                0x1008034c                udb_interrupts_4_IRQHandler
                0x1008034c                tcpwm_1_interrupts_20_IRQHandler
                0x1008034c                ioss_interrupt_gpio_IRQHandler
                0x1008034c                tcpwm_0_interrupts_1_IRQHandler
                0x1008034c                ioss_interrupts_gpio_8_IRQHandler
                0x1008034c                tcpwm_0_interrupts_6_IRQHandler
                0x1008034c                scb_7_interrupt_IRQHandler
                0x1008034c                tcpwm_1_interrupts_7_IRQHandler
                0x1008034c                cpuss_interrupts_ipc_11_IRQHandler
                0x1008034c                udb_interrupts_13_IRQHandler
                0x1008034c                cpuss_interrupts_dw0_15_IRQHandler
                0x1008034c                udb_interrupts_7_IRQHandler
                0x1008034c                cpuss_interrupts_dw1_6_IRQHandler
                0x1008034c                cpuss_interrupt_crypto_IRQHandler
                0x1008034c                scb_1_interrupt_IRQHandler
                0x1008034c                Default_Handler
                0x1008034c                usb_interrupt_hi_IRQHandler
                0x1008034c                tcpwm_1_interrupts_0_IRQHandler
                0x1008034c                udb_interrupts_9_IRQHandler
                0x1008034c                audioss_interrupt_pdm_IRQHandler
                0x1008034c                srss_interrupt_mcwdt_0_IRQHandler
                0x1008034c                scb_3_interrupt_IRQHandler
                0x1008034c                pass_interrupt_ctbs_IRQHandler
                0x1008034c                udb_interrupts_8_IRQHandler
                0x1008034c                ioss_interrupts_gpio_3_IRQHandler
                0x1008034c                scb_6_interrupt_IRQHandler
                0x1008034c                cpuss_interrupts_cm4_cti_0_IRQHandler
                0x1008034c                cpuss_interrupts_dw1_3_IRQHandler
                0x1008034c                pass_interrupt_sar_IRQHandler
                0x1008034c                ioss_interrupts_gpio_0_IRQHandler
                0x1008034c                ioss_interrupts_gpio_14_IRQHandler
                0x1008034c                tcpwm_0_interrupts_4_IRQHandler
                0x1008034c                udb_interrupts_3_IRQHandler
                0x1008034c                tcpwm_0_interrupts_5_IRQHandler
                0x1008034c                cpuss_interrupts_ipc_15_IRQHandler
                0x1008034c                cpuss_interrupts_cm4_cti_1_IRQHandler
                0x1008034c                scb_8_interrupt_IRQHandler
                0x1008034c                srss_interrupt_mcwdt_1_IRQHandler
                0x1008034c                cpuss_interrupts_dw1_2_IRQHandler
                0x1008034c                cpuss_interrupts_dw1_5_IRQHandler
                0x1008034c                cpuss_interrupts_ipc_1_IRQHandler
                0x1008034c                cpuss_interrupts_dw0_0_IRQHandler
                0x1008034c                ioss_interrupts_gpio_12_IRQHandler
                0x1008034c                cpuss_interrupts_ipc_3_IRQHandler
                0x1008034c                tcpwm_1_interrupts_17_IRQHandler
                0x1008034c                srss_interrupt_backup_IRQHandler
                0x1008034c                bless_interrupt_IRQHandler
                0x1008034c                cpuss_interrupts_ipc_10_IRQHandler
                0x1008034c                cpuss_interrupts_ipc_9_IRQHandler
                0x1008034c                cpuss_interrupts_dw0_14_IRQHandler
                0x1008034c                tcpwm_1_interrupts_4_IRQHandler
                0x1008034c                tcpwm_0_interrupts_3_IRQHandler
                0x1008034c                cpuss_interrupts_dw1_15_IRQHandler
                0x1008034c                ioss_interrupts_gpio_10_IRQHandler
                0x1008034c                udb_interrupts_10_IRQHandler
                0x1008034c                cpuss_interrupts_dw0_8_IRQHandler
                0x1008034c                ioss_interrupts_gpio_11_IRQHandler
                0x1008034c                cpuss_interrupts_ipc_14_IRQHandler
                0x1008034c                ioss_interrupts_gpio_5_IRQHandler
                0x1008034c                ioss_interrupts_gpio_4_IRQHandler
                0x1008034c                tcpwm_1_interrupts_8_IRQHandler
                0x1008034c                cpuss_interrupts_dw1_14_IRQHandler
                0x1008034c                usb_interrupt_med_IRQHandler
                0x1008034c                cpuss_interrupts_dw0_2_IRQHandler
                0x1008034c                tcpwm_1_interrupts_10_IRQHandler
                0x1008034c                cpuss_interrupts_fault_0_IRQHandler
                0x1008034c                cpuss_interrupts_dw0_12_IRQHandler
                0x1008034c                ioss_interrupts_gpio_6_IRQHandler
                0x1008034c                tcpwm_1_interrupts_21_IRQHandler
                0x1008034c                tcpwm_1_interrupts_16_IRQHandler
                0x1008034c                cpuss_interrupts_dw1_4_IRQHandler
                0x1008034c                udb_interrupts_15_IRQHandler
                0x1008034c                cpuss_interrupts_dw1_11_IRQHandler
                0x1008034c                cpuss_interrupts_dw0_6_IRQHandler
                0x1008034c                ioss_interrupt_vdd_IRQHandler
                0x1008034c                cpuss_interrupts_dw0_7_IRQHandler
                0x1008034c                audioss_interrupt_i2s_IRQHandler
                0x1008034c                tcpwm_1_interrupts_5_IRQHandler
                0x1008034c                cpuss_interrupts_ipc_2_IRQHandler
                0x1008034c                cpuss_interrupts_dw0_10_IRQHandler
                0x1008034c                tcpwm_1_interrupts_19_IRQHandler
                0x1008034c                cpuss_interrupts_dw0_1_IRQHandler
                0x1008034c                ioss_interrupts_gpio_9_IRQHandler
                0x1008034c                usb_interrupt_lo_IRQHandler
                0x1008034c                cpuss_interrupts_ipc_8_IRQHandler
                0x1008034c                udb_interrupts_14_IRQHandler
                0x1008034c                cpuss_interrupts_dw0_3_IRQHandler
                0x10080350                UsageFault_Handler
                0x10080350                HardFault_Handler
                0x10080350                MemManage_Handler
                0x10080350                BusFault_Handler
 .text.main     0x1008036c       0x2c .\CortexM4\ARM_GCC_541\Debug\main_cm4.o
                0x1008036c                main
 .text.Cy_SysIpcPipeIsrCm4
                0x10080398        0xc .\CortexM4\ARM_GCC_541\Debug\system_psoc6_cm4.o
                0x10080398                Cy_SysIpcPipeIsrCm4
 .text.Cy_SystemInit
                0x100803a4        0x4 .\CortexM4\ARM_GCC_541\Debug\system_psoc6_cm4.o
                0x100803a4                Cy_SystemInit
 .text.SystemCoreClockUpdate
                0x100803a8      0x190 .\CortexM4\ARM_GCC_541\Debug\system_psoc6_cm4.o
                0x100803a8                SystemCoreClockUpdate
 .text.SystemInit
                0x10080538       0x48 .\CortexM4\ARM_GCC_541\Debug\system_psoc6_cm4.o
                0x10080538                SystemInit
 .text.Cy_SystemInitFpuEnable
                0x10080580       0x28 .\CortexM4\ARM_GCC_541\Debug\system_psoc6_cm4.o
                0x10080580                Cy_SystemInitFpuEnable
 .text.UpdateDisplay
                0x100805a8       0x2c .\CortexM4\ARM_GCC_541\Debug\interface.o
                0x100805a8                UpdateDisplay
 .text.conversionVecteur
                0x100805d4       0x54 .\CortexM4\ARM_GCC_541\Debug\interface.o
                0x100805d4                conversionVecteur
 .text.drawGraph
                0x10080628       0x50 .\CortexM4\ARM_GCC_541\Debug\interface.o
                0x10080628                drawGraph
 .text.updateParameters
                0x10080678       0x2c .\CortexM4\ARM_GCC_541\Debug\interface.o
                0x10080678                updateParameters
 .text.interface
                0x100806a4       0xd8 .\CortexM4\ARM_GCC_541\Debug\interface.o
                0x100806a4                interface
 .text.Pv_EINK_SendData
                0x1008077c       0x38 .\CortexM4\ARM_GCC_541\Debug\pervasive_eink_hardware_driver.o
                0x1008077c                Pv_EINK_SendData
 .text.Pv_EINK_SendByte
                0x100807b4       0x18 .\CortexM4\ARM_GCC_541\Debug\pervasive_eink_hardware_driver.o
                0x100807b4                Pv_EINK_SendByte
 .text.Pv_EINK_ReadByte
                0x100807cc       0x30 .\CortexM4\ARM_GCC_541\Debug\pervasive_eink_hardware_driver.o
                0x100807cc                Pv_EINK_ReadByte
 .text.Pv_EINK_Init
                0x100807fc       0x34 .\CortexM4\ARM_GCC_541\Debug\pervasive_eink_hardware_driver.o
                0x100807fc                Pv_EINK_Init
 .text.Pv_EINK_InitDriver
                0x10080830      0x118 .\CortexM4\ARM_GCC_541\Debug\pervasive_eink_hardware_driver.o
                0x10080830                Pv_EINK_InitDriver
 .text.Pv_EINK_SetTempFactor
                0x10080948       0x58 .\CortexM4\ARM_GCC_541\Debug\pervasive_eink_hardware_driver.o
                0x10080948                Pv_EINK_SetTempFactor
 .text.Pv_EINK_FullStageHandler
                0x100809a0      0x424 .\CortexM4\ARM_GCC_541\Debug\pervasive_eink_hardware_driver.o
                0x100809a0                Pv_EINK_FullStageHandler
 .text.Pv_EINK_PartialStageHandler
                0x10080dc4      0x228 .\CortexM4\ARM_GCC_541\Debug\pervasive_eink_hardware_driver.o
                0x10080dc4                Pv_EINK_PartialStageHandler
 .text.Pv_EINK_NothingFrame
                0x10080fec       0x5c .\CortexM4\ARM_GCC_541\Debug\pervasive_eink_hardware_driver.o
                0x10080fec                Pv_EINK_NothingFrame
 .text.Pv_EINK_DummyLine
                0x10081048       0x34 .\CortexM4\ARM_GCC_541\Debug\pervasive_eink_hardware_driver.o
                0x10081048                Pv_EINK_DummyLine
 .text.Pv_EINK_HardwarePowerOn
                0x1008107c       0x44 .\CortexM4\ARM_GCC_541\Debug\pervasive_eink_hardware_driver.o
                0x1008107c                Pv_EINK_HardwarePowerOn
 .text.Pv_EINK_HardwarePowerOff
                0x100810c0       0xa8 .\CortexM4\ARM_GCC_541\Debug\pervasive_eink_hardware_driver.o
                0x100810c0                Pv_EINK_HardwarePowerOff
 .text.Cy_EINK_Start
                0x10081168       0x10 .\CortexM4\ARM_GCC_541\Debug\cy_eink_library.o
                0x10081168                Cy_EINK_Start
 .text.Cy_EINK_Power
                0x10081178       0x18 .\CortexM4\ARM_GCC_541\Debug\cy_eink_library.o
                0x10081178                Cy_EINK_Power
 .text.Cy_EINK_ShowFrame
                0x10081190       0x54 .\CortexM4\ARM_GCC_541\Debug\cy_eink_library.o
                0x10081190                Cy_EINK_ShowFrame
 .text.Cy_EINK_TimerInit
                0x100811e4       0x14 .\CortexM4\ARM_GCC_541\Debug\cy_eink_psoc_interface.o
                0x100811e4                Cy_EINK_TimerInit
 .text.Cy_EINK_GetTimeTick
                0x100811f8        0xc .\CortexM4\ARM_GCC_541\Debug\cy_eink_psoc_interface.o
                0x100811f8                Cy_EINK_GetTimeTick
 .text.Cy_EINK_TimerStop
                0x10081204        0xc .\CortexM4\ARM_GCC_541\Debug\cy_eink_psoc_interface.o
                0x10081204                Cy_EINK_TimerStop
 .text.Cy_EINK_InitSPI
                0x10081210       0x30 .\CortexM4\ARM_GCC_541\Debug\cy_eink_psoc_interface.o
                0x10081210                Cy_EINK_InitSPI
 .text.Cy_EINK_AttachSPI
                0x10081240       0x1c .\CortexM4\ARM_GCC_541\Debug\cy_eink_psoc_interface.o
                0x10081240                Cy_EINK_AttachSPI
 .text.Cy_EINK_DetachSPI
                0x1008125c       0x14 .\CortexM4\ARM_GCC_541\Debug\cy_eink_psoc_interface.o
                0x1008125c                Cy_EINK_DetachSPI
 .text.Cy_EINK_WriteSPI
                0x10081270       0x60 .\CortexM4\ARM_GCC_541\Debug\cy_eink_psoc_interface.o
                0x10081270                Cy_EINK_WriteSPI
 .text.Cy_EINK_ReadSPI
                0x100812d0       0x68 .\CortexM4\ARM_GCC_541\Debug\cy_eink_psoc_interface.o
                0x100812d0                Cy_EINK_ReadSPI
 .text.Cy_EINK_WriteSPIBuffer
                0x10081338       0x84 .\CortexM4\ARM_GCC_541\Debug\cy_eink_psoc_interface.o
                0x10081338                Cy_EINK_WriteSPIBuffer
 .text.Cy_EINK_IsBusy
                0x100813bc       0x18 .\CortexM4\ARM_GCC_541\Debug\cy_eink_psoc_interface.o
                0x100813bc                Cy_EINK_IsBusy
 .text.LCD_X_Config
                0x100813d4       0x70 .\CortexM4\ARM_GCC_541\Debug\LCDConf.o
                0x100813d4                LCD_X_Config
 .text.LCD_X_DisplayDriver
                0x10081444       0x10 .\CortexM4\ARM_GCC_541\Debug\LCDConf.o
                0x10081444                LCD_X_DisplayDriver
 .text.LCD_GetDisplayBuffer
                0x10081454        0x8 .\CortexM4\ARM_GCC_541\Debug\LCDConf.o
                0x10081454                LCD_GetDisplayBuffer
 .text.GUI_X_InitOS
                0x1008145c       0x14 .\CortexM4\ARM_GCC_541\Debug\GUI_X_RTOS.o
                0x1008145c                GUI_X_InitOS
 .text.GUI_X_Unlock
                0x10081470       0x18 .\CortexM4\ARM_GCC_541\Debug\GUI_X_RTOS.o
                0x10081470                GUI_X_Unlock
 .text.GUI_X_Lock
                0x10081488       0x14 .\CortexM4\ARM_GCC_541\Debug\GUI_X_RTOS.o
                0x10081488                GUI_X_Lock
 .text.GUI_X_GetTaskId
                0x1008149c        0x8 .\CortexM4\ARM_GCC_541\Debug\GUI_X_RTOS.o
                0x1008149c                GUI_X_GetTaskId
 .text.GUI_X_Init
                0x100814a4        0x4 .\CortexM4\ARM_GCC_541\Debug\GUI_X_RTOS.o
                0x100814a4                GUI_X_Init
 .text.GUI_X_Config
                0x100814a8       0x1c .\CortexM4\ARM_GCC_541\Debug\GUIConf.o
                0x100814a8                GUI_X_Config
 .text.CY_EINK_Timer_Start
                0x100814c4       0x30 .\CortexM4\ARM_GCC_541\Debug\CY_EINK_Timer.o
                0x100814c4                CY_EINK_Timer_Start
 .text.Cy_Flash_ProcessOpcode
                0x100814f4       0xac .\CortexM4\ARM_GCC_541\Debug\cy_flash.o
 .text.Cy_Flash_OperationStatus
                0x100815a0       0x5c .\CortexM4\ARM_GCC_541\Debug\cy_flash.o
 .text.Cy_Flash_InitExt
                0x100815fc       0x80 .\CortexM4\ARM_GCC_541\Debug\cy_flash.o
                0x100815fc                Cy_Flash_InitExt
 .text.Cy_Flash_Init
                0x1008167c       0x10 .\CortexM4\ARM_GCC_541\Debug\cy_flash.o
                0x1008167c                Cy_Flash_Init
 .text.Cy_IPC_Drv_LockRelease
                0x1008168c       0x3c .\CortexM4\ARM_GCC_541\Debug\cy_ipc_drv.o
                0x1008168c                Cy_IPC_Drv_LockRelease
 .text.Cy_IPC_Drv_SendMsgWord
                0x100816c8       0x3c .\CortexM4\ARM_GCC_541\Debug\cy_ipc_drv.o
                0x100816c8                Cy_IPC_Drv_SendMsgWord
 .text.Cy_IPC_Drv_ReadMsgWord
                0x10081704       0x38 .\CortexM4\ARM_GCC_541\Debug\cy_ipc_drv.o
                0x10081704                Cy_IPC_Drv_ReadMsgWord
 .text.Cy_IPC_Sema_InitExt
                0x1008173c       0xac .\CortexM4\ARM_GCC_541\Debug\cy_ipc_sema.o
                0x1008173c                Cy_IPC_Sema_InitExt
 .text.Cy_IPC_Sema_Init
                0x100817e8       0x64 .\CortexM4\ARM_GCC_541\Debug\cy_ipc_sema.o
                0x100817e8                Cy_IPC_Sema_Init
 .text.Cy_IPC_Sema_Clear
                0x1008184c       0x88 .\CortexM4\ARM_GCC_541\Debug\cy_ipc_sema.o
                0x1008184c                Cy_IPC_Sema_Clear
 .text.Cy_IPC_Sema_Status
                0x100818d4       0x40 .\CortexM4\ARM_GCC_541\Debug\cy_ipc_sema.o
                0x100818d4                Cy_IPC_Sema_Status
 .text.Cy_IPC_Pipe_Config
                0x10081914       0x10 .\CortexM4\ARM_GCC_541\Debug\cy_ipc_pipe.o
                0x10081914                Cy_IPC_Pipe_Config
 .text.Cy_IPC_Pipe_EndpointInit
                0x10081924       0xd0 .\CortexM4\ARM_GCC_541\Debug\cy_ipc_pipe.o
                0x10081924                Cy_IPC_Pipe_EndpointInit
 .text.Cy_IPC_Pipe_Init
                0x100819f4       0xb4 .\CortexM4\ARM_GCC_541\Debug\cy_ipc_pipe.o
                0x100819f4                Cy_IPC_Pipe_Init
 .text.Cy_IPC_Pipe_SendMessage
                0x10081aa8       0xa4 .\CortexM4\ARM_GCC_541\Debug\cy_ipc_pipe.o
                0x10081aa8                Cy_IPC_Pipe_SendMessage
 .text.Cy_IPC_Pipe_RegisterCallback
                0x10081b4c       0x50 .\CortexM4\ARM_GCC_541\Debug\cy_ipc_pipe.o
                0x10081b4c                Cy_IPC_Pipe_RegisterCallback
 .text.Cy_IPC_Pipe_ExecCallback
                0x10081b9c       0xbc .\CortexM4\ARM_GCC_541\Debug\cy_ipc_pipe.o
                0x10081b9c                Cy_IPC_Pipe_ExecCallback
 .text.Cy_IPC_Pipe_ExecuteCallback
                0x10081c58       0x2c .\CortexM4\ARM_GCC_541\Debug\cy_ipc_pipe.o
                0x10081c58                Cy_IPC_Pipe_ExecuteCallback
 .text.Cy_SCB_Write
                0x10081c84       0x28 .\CortexM4\ARM_GCC_541\Debug\cy_scb_common.o
                0x10081c84                Cy_SCB_Write
 .text.Cy_SCB_WriteArrayNoCheck
                0x10081cac       0x38 .\CortexM4\ARM_GCC_541\Debug\cy_scb_common.o
                0x10081cac                Cy_SCB_WriteArrayNoCheck
 .text.Cy_SCB_WriteArray
                0x10081ce4       0x2c .\CortexM4\ARM_GCC_541\Debug\cy_scb_common.o
                0x10081ce4                Cy_SCB_WriteArray
 .text.Cy_SCB_WriteArrayBlocking
                0x10081d10       0x30 .\CortexM4\ARM_GCC_541\Debug\cy_scb_common.o
                0x10081d10                Cy_SCB_WriteArrayBlocking
 .text.Cy_SCB_SPI_Init
                0x10081d40      0x268 .\CortexM4\ARM_GCC_541\Debug\cy_scb_spi.o
                0x10081d40                Cy_SCB_SPI_Init
 .text.Cy_SCB_SPI_Disable
                0x10081fa8       0x24 .\CortexM4\ARM_GCC_541\Debug\cy_scb_spi.o
                0x10081fa8                Cy_SCB_SPI_Disable
 .text.Cy_SysInt_SetVector
                0x10081fcc       0x48 .\CortexM4\ARM_GCC_541\Debug\cy_sysint.o
                0x10081fcc                Cy_SysInt_SetVector
 .text.Cy_SysInt_Init
                0x10082014       0x74 .\CortexM4\ARM_GCC_541\Debug\cy_sysint.o
                0x10082014                Cy_SysInt_Init
 .text.Cy_SysLib_Delay
                0x10082088       0x30 .\CortexM4\ARM_GCC_541\Debug\cy_syslib.o
                0x10082088                Cy_SysLib_Delay
 .text.Cy_SysLib_Halt
                0x100820b8        0x4 .\CortexM4\ARM_GCC_541\Debug\cy_syslib.o
                0x100820b8                Cy_SysLib_Halt
 .text.Cy_SysLib_AssertFailed
                0x100820bc       0x1c .\CortexM4\ARM_GCC_541\Debug\cy_syslib.o
                0x100820bc                Cy_SysLib_AssertFailed
 .text.Cy_SysLib_ProcessingFault
                0x100820d8        0x4 .\CortexM4\ARM_GCC_541\Debug\cy_syslib.o
                0x100820d8                Cy_SysLib_ProcessingFault
 .text.Cy_SysLib_FaultHandler
                0x100820dc       0xa4 .\CortexM4\ARM_GCC_541\Debug\cy_syslib.o
                0x100820dc                Cy_SysLib_FaultHandler
 .text          0x10082180       0x20 .\CortexM4\ARM_GCC_541\Debug\cy_syslib_gcc.o
                0x10082180                Cy_SysLib_DelayCycles
                0x10082192                Cy_SysLib_EnterCriticalSection
                0x1008219a                Cy_SysLib_ExitCriticalSection
 .text.Cy_TCPWM_Counter_Init
                0x100821a0      0x110 .\CortexM4\ARM_GCC_541\Debug\cy_tcpwm_counter.o
                0x100821a0                Cy_TCPWM_Counter_Init
 .text.Cy_PDL_Init
                0x100822b0        0xc .\CortexM4\ARM_GCC_541\Debug\cy_device.o
                0x100822b0                Cy_PDL_Init
 .text.vListInitialise
                0x100822bc       0x18 .\CortexM4\ARM_GCC_541\Debug\list.o
                0x100822bc                vListInitialise
 .text.vListInitialiseItem
                0x100822d4        0x8 .\CortexM4\ARM_GCC_541\Debug\list.o
                0x100822d4                vListInitialiseItem
 .text.vListInsertEnd
                0x100822dc       0x18 .\CortexM4\ARM_GCC_541\Debug\list.o
                0x100822dc                vListInsertEnd
 .text.vListInsert
                0x100822f4       0x34 .\CortexM4\ARM_GCC_541\Debug\list.o
                0x100822f4                vListInsert
 .text.uxListRemove
                0x10082328       0x28 .\CortexM4\ARM_GCC_541\Debug\list.o
                0x10082328                uxListRemove
 .text.prvGetDisinheritPriorityAfterTimeout
                0x10082350       0x14 .\CortexM4\ARM_GCC_541\Debug\queue.o
 .text.prvIsQueueFull
                0x10082364       0x20 .\CortexM4\ARM_GCC_541\Debug\queue.o
 .text.prvIsQueueEmpty
                0x10082384       0x1c .\CortexM4\ARM_GCC_541\Debug\queue.o
 .text.prvCopyDataToQueue
                0x100823a0       0x78 .\CortexM4\ARM_GCC_541\Debug\queue.o
 .text.prvCopyDataFromQueue
                0x10082418       0x24 .\CortexM4\ARM_GCC_541\Debug\queue.o
 .text.prvUnlockQueue
                0x1008243c       0x68 .\CortexM4\ARM_GCC_541\Debug\queue.o
 .text.xQueueGenericReset
                0x100824a4       0x80 .\CortexM4\ARM_GCC_541\Debug\queue.o
                0x100824a4                xQueueGenericReset
 .text.prvInitialiseNewQueue
                0x10082524       0x1c .\CortexM4\ARM_GCC_541\Debug\queue.o
 .text.xQueueGenericCreate
                0x10082540       0x4c .\CortexM4\ARM_GCC_541\Debug\queue.o
                0x10082540                xQueueGenericCreate
 .text.xQueueGenericSend
                0x1008258c      0x190 .\CortexM4\ARM_GCC_541\Debug\queue.o
                0x1008258c                xQueueGenericSend
 .text.prvInitialiseMutex
                0x1008271c       0x18 .\CortexM4\ARM_GCC_541\Debug\queue.o
 .text.xQueueCreateMutex
                0x10082734       0x18 .\CortexM4\ARM_GCC_541\Debug\queue.o
                0x10082734                xQueueCreateMutex
 .text.xQueueGenericSendFromISR
                0x1008274c       0xe4 .\CortexM4\ARM_GCC_541\Debug\queue.o
                0x1008274c                xQueueGenericSendFromISR
 .text.xQueueReceive
                0x10082830      0x158 .\CortexM4\ARM_GCC_541\Debug\queue.o
                0x10082830                xQueueReceive
 .text.xQueueSemaphoreTake
                0x10082988      0x190 .\CortexM4\ARM_GCC_541\Debug\queue.o
                0x10082988                xQueueSemaphoreTake
 .text.vQueueAddToRegistry
                0x10082b18       0x28 .\CortexM4\ARM_GCC_541\Debug\queue.o
                0x10082b18                vQueueAddToRegistry
 .text.vQueueWaitForMessageRestricted
                0x10082b40       0x4c .\CortexM4\ARM_GCC_541\Debug\queue.o
                0x10082b40                vQueueWaitForMessageRestricted
 .text.prvResetNextTaskUnblockTime
                0x10082b8c       0x2c .\CortexM4\ARM_GCC_541\Debug\tasks.o
 .text.prvDeleteTCB
                0x10082bb8       0x14 .\CortexM4\ARM_GCC_541\Debug\tasks.o
 .text.prvInitialiseNewTask
                0x10082bcc       0xac .\CortexM4\ARM_GCC_541\Debug\tasks.o
 .text.prvInitialiseTaskLists
                0x10082c78       0x58 .\CortexM4\ARM_GCC_541\Debug\tasks.o
 .text.prvAddNewTaskToReadyList
                0x10082cd0       0xac .\CortexM4\ARM_GCC_541\Debug\tasks.o
 .text.prvCheckTasksWaitingTermination
                0x10082d7c       0x44 .\CortexM4\ARM_GCC_541\Debug\tasks.o
 .text.prvIdleTask
                0x10082dc0       0x28 .\CortexM4\ARM_GCC_541\Debug\tasks.o
 .text.prvAddCurrentTaskToDelayedList
                0x10082de8       0x68 .\CortexM4\ARM_GCC_541\Debug\tasks.o
 .text.xTaskCreate
                0x10082e50       0x64 .\CortexM4\ARM_GCC_541\Debug\tasks.o
                0x10082e50                xTaskCreate
 .text.vTaskStartScheduler
                0x10082eb4       0x7c .\CortexM4\ARM_GCC_541\Debug\tasks.o
                0x10082eb4                vTaskStartScheduler
 .text.vTaskSuspendAll
                0x10082f30       0x14 .\CortexM4\ARM_GCC_541\Debug\tasks.o
                0x10082f30                vTaskSuspendAll
 .text.xTaskGetTickCount
                0x10082f44        0xc .\CortexM4\ARM_GCC_541\Debug\tasks.o
                0x10082f44                xTaskGetTickCount
 .text.xTaskIncrementTick
                0x10082f50       0xfc .\CortexM4\ARM_GCC_541\Debug\tasks.o
                0x10082f50                xTaskIncrementTick
 .text.xTaskResumeAll
                0x1008304c       0xf0 .\CortexM4\ARM_GCC_541\Debug\tasks.o
                0x1008304c                xTaskResumeAll
 .text.vTaskDelay
                0x1008313c       0x50 .\CortexM4\ARM_GCC_541\Debug\tasks.o
                0x1008313c                vTaskDelay
 .text.vTaskSwitchContext
                0x1008318c       0xc8 .\CortexM4\ARM_GCC_541\Debug\tasks.o
                0x1008318c                vTaskSwitchContext
 .text.vTaskPlaceOnEventList
                0x10083254       0x34 .\CortexM4\ARM_GCC_541\Debug\tasks.o
                0x10083254                vTaskPlaceOnEventList
 .text.vTaskPlaceOnEventListRestricted
                0x10083288       0x3c .\CortexM4\ARM_GCC_541\Debug\tasks.o
                0x10083288                vTaskPlaceOnEventListRestricted
 .text.xTaskRemoveFromEventList
                0x100832c4       0x88 .\CortexM4\ARM_GCC_541\Debug\tasks.o
                0x100832c4                xTaskRemoveFromEventList
 .text.vTaskInternalSetTimeOutState
                0x1008334c       0x14 .\CortexM4\ARM_GCC_541\Debug\tasks.o
                0x1008334c                vTaskInternalSetTimeOutState
 .text.xTaskCheckForTimeOut
                0x10083360       0x80 .\CortexM4\ARM_GCC_541\Debug\tasks.o
                0x10083360                xTaskCheckForTimeOut
 .text.vTaskMissedYield
                0x100833e0       0x10 .\CortexM4\ARM_GCC_541\Debug\tasks.o
                0x100833e0                vTaskMissedYield
 .text.xTaskGetCurrentTaskHandle
                0x100833f0        0xc .\CortexM4\ARM_GCC_541\Debug\tasks.o
                0x100833f0                xTaskGetCurrentTaskHandle
 .text.xTaskGetSchedulerState
                0x100833fc       0x20 .\CortexM4\ARM_GCC_541\Debug\tasks.o
                0x100833fc                xTaskGetSchedulerState
 .text.xTaskPriorityInherit
                0x1008341c       0xa8 .\CortexM4\ARM_GCC_541\Debug\tasks.o
                0x1008341c                xTaskPriorityInherit
 .text.xTaskPriorityDisinherit
                0x100834c4       0x94 .\CortexM4\ARM_GCC_541\Debug\tasks.o
                0x100834c4                xTaskPriorityDisinherit
 .text.vTaskPriorityDisinheritAfterTimeout
                0x10083558       0xac .\CortexM4\ARM_GCC_541\Debug\tasks.o
                0x10083558                vTaskPriorityDisinheritAfterTimeout
 .text.pvTaskIncrementMutexHeldCount
                0x10083604       0x20 .\CortexM4\ARM_GCC_541\Debug\tasks.o
                0x10083604                pvTaskIncrementMutexHeldCount
 .text.prvGetNextExpireTime
                0x10083624       0x20 .\CortexM4\ARM_GCC_541\Debug\timers.o
 .text.prvInsertTimerInActiveList
                0x10083644       0x44 .\CortexM4\ARM_GCC_541\Debug\timers.o
 .text.prvCheckForValidListAndQueue
                0x10083688       0x48 .\CortexM4\ARM_GCC_541\Debug\timers.o
 .text.xTimerCreateTimerTask
                0x100836d0       0x50 .\CortexM4\ARM_GCC_541\Debug\timers.o
                0x100836d0                xTimerCreateTimerTask
 .text.xTimerGenericCommand
                0x10083720       0x6c .\CortexM4\ARM_GCC_541\Debug\timers.o
                0x10083720                xTimerGenericCommand
 .text.prvSwitchTimerLists
                0x1008378c       0x74 .\CortexM4\ARM_GCC_541\Debug\timers.o
 .text.prvSampleTimeNow
                0x10083800       0x2c .\CortexM4\ARM_GCC_541\Debug\timers.o
 .text.prvProcessExpiredTimer
                0x1008382c       0x5c .\CortexM4\ARM_GCC_541\Debug\timers.o
 .text.prvProcessTimerOrBlockTask
                0x10083888       0x70 .\CortexM4\ARM_GCC_541\Debug\timers.o
 .text.prvProcessReceivedCommands
                0x100838f8       0xbc .\CortexM4\ARM_GCC_541\Debug\timers.o
 .text.prvTimerTask
                0x100839b4       0x18 .\CortexM4\ARM_GCC_541\Debug\timers.o
 .text.prvTaskExitError
                0x100839cc       0x40 .\CortexM4\ARM_GCC_541\Debug\port.o
 .text.prvPortStartFirstTask
                0x10083a0c       0x28 .\CortexM4\ARM_GCC_541\Debug\port.o
 .text.vPortEnableVFP
                0x10083a34       0x14 .\CortexM4\ARM_GCC_541\Debug\port.o
 .text.pxPortInitialiseStack
                0x10083a48       0x2c .\CortexM4\ARM_GCC_541\Debug\port.o
                0x10083a48                pxPortInitialiseStack
 *fill*         0x10083a74        0xc 
 .text.SVC_Handler
                0x10083a80       0x24 .\CortexM4\ARM_GCC_541\Debug\port.o
                0x10083a80                SVC_Handler
 .text.vPortEnterCritical
                0x10083aa4       0x44 .\CortexM4\ARM_GCC_541\Debug\port.o
                0x10083aa4                vPortEnterCritical
 .text.vPortExitCritical
                0x10083ae8       0x2c .\CortexM4\ARM_GCC_541\Debug\port.o
                0x10083ae8                vPortExitCritical
 *fill*         0x10083b14        0xc 
 .text.PendSV_Handler
                0x10083b20       0x64 .\CortexM4\ARM_GCC_541\Debug\port.o
                0x10083b20                PendSV_Handler
 .text.SysTick_Handler
                0x10083b84       0x2c .\CortexM4\ARM_GCC_541\Debug\port.o
                0x10083b84                SysTick_Handler
 .text.vPortSetupTimerInterrupt
                0x10083bb0       0x38 .\CortexM4\ARM_GCC_541\Debug\port.o
                0x10083bb0                vPortSetupTimerInterrupt
 .text.xPortStartScheduler
                0x10083be8       0xc4 .\CortexM4\ARM_GCC_541\Debug\port.o
                0x10083be8                xPortStartScheduler
 .text.vPortValidateInterruptPriority
                0x10083cac       0x58 .\CortexM4\ARM_GCC_541\Debug\port.o
                0x10083cac                vPortValidateInterruptPriority
 .text.vApplicationStackOverflowHook
                0x10083d04       0x24 .\CortexM4\ARM_GCC_541\Debug\port.o
                0x10083d04                vApplicationStackOverflowHook
 .text.pvPortMalloc
                0x10083d28       0x60 .\CortexM4\ARM_GCC_541\Debug\heap_1.o
                0x10083d28                pvPortMalloc
 .text.vPortFree
                0x10083d88       0x18 .\CortexM4\ARM_GCC_541\Debug\heap_1.o
                0x10083d88                vPortFree
 .text.GUI_DrawRect
                0x10083da0       0x84 Generated_Source\PSoC6\pdl\middleware\emWin\libs\GCC\libemWin_osnts_gcc.a(GUI_2DLib.o)
                0x10083da0                GUI_DrawRect
 .text._PushFreeBlock
                0x10083e24       0x20 Generated_Source\PSoC6\pdl\middleware\emWin\libs\GCC\libemWin_osnts_gcc.a(GUI_Alloc.o)
 .text._RemoveFreeBlock
                0x10083e44       0x44 Generated_Source\PSoC6\pdl\middleware\emWin\libs\GCC\libemWin_osnts_gcc.a(GUI_Alloc.o)
 .text._AddFreeMemory
                0x10083e88       0xa8 Generated_Source\PSoC6\pdl\middleware\emWin\libs\GCC\libemWin_osnts_gcc.a(GUI_Alloc.o)
 .text._RemoveHoles
                0x10083f30       0x94 Generated_Source\PSoC6\pdl\middleware\emWin\libs\GCC\libemWin_osnts_gcc.a(GUI_Alloc.o)
 .text.GUI_ALLOC_FreeFixedBlock
                0x10083fc4       0x18 Generated_Source\PSoC6\pdl\middleware\emWin\libs\GCC\libemWin_osnts_gcc.a(GUI_Alloc.o)
                0x10083fc4                GUI_ALLOC_FreeFixedBlock
 .text.GUI_ALLOC_h2p
                0x10083fdc       0x14 Generated_Source\PSoC6\pdl\middleware\emWin\libs\GCC\libemWin_osnts_gcc.a(GUI_Alloc.o)
                0x10083fdc                GUI_ALLOC_h2p
 .text.GUI_ALLOC_LockH
                0x10083ff0       0x20 Generated_Source\PSoC6\pdl\middleware\emWin\libs\GCC\libemWin_osnts_gcc.a(GUI_Alloc.o)
                0x10083ff0                GUI_ALLOC_LockH
 .text.GUI_ALLOC_UnlockH
                0x10084010       0x30 Generated_Source\PSoC6\pdl\middleware\emWin\libs\GCC\libemWin_osnts_gcc.a(GUI_Alloc.o)
                0x10084010                GUI_ALLOC_UnlockH
 .text.GUI_ALLOC_AssignMemory
                0x10084040       0x10 Generated_Source\PSoC6\pdl\middleware\emWin\libs\GCC\libemWin_osnts_gcc.a(GUI_Alloc.o)
                0x10084040                GUI_ALLOC_AssignMemory
 .text.GUI_ALLOC_Free
                0x10084050       0x2c Generated_Source\PSoC6\pdl\middleware\emWin\libs\GCC\libemWin_osnts_gcc.a(GUI_Alloc.o)
                0x10084050                GUI_ALLOC_Free
 .text._EnlargeBlocks
                0x1008407c       0x98 Generated_Source\PSoC6\pdl\middleware\emWin\libs\GCC\libemWin_osnts_gcc.a(GUI_Alloc.o)
 .text._InitOnce
                0x10084114       0x6c Generated_Source\PSoC6\pdl\middleware\emWin\libs\GCC\libemWin_osnts_gcc.a(GUI_Alloc.o)
 .text.GUI_ALLOC_GetFixedBlock
                0x10084180       0xb8 Generated_Source\PSoC6\pdl\middleware\emWin\libs\GCC\libemWin_osnts_gcc.a(GUI_Alloc.o)
                0x10084180                GUI_ALLOC_GetFixedBlock
 .text._Alloc   0x10084238      0x100 Generated_Source\PSoC6\pdl\middleware\emWin\libs\GCC\libemWin_osnts_gcc.a(GUI_Alloc.o)
 .text.GUI_ALLOC_AllocNoInit
                0x10084338       0x1e Generated_Source\PSoC6\pdl\middleware\emWin\libs\GCC\libemWin_osnts_gcc.a(GUI_Alloc.o)
                0x10084338                GUI_ALLOC_AllocNoInit
 *fill*         0x10084356        0x2 
 .text.GUI_ALLOC_AllocZero
                0x10084358       0x34 Generated_Source\PSoC6\pdl\middleware\emWin\libs\GCC\libemWin_osnts_gcc.a(GUI_Alloc.o)
                0x10084358                GUI_ALLOC_AllocZero
 .text.GUIMONO_DispChar
                0x1008438c      0x14c Generated_Source\PSoC6\pdl\middleware\emWin\libs\GCC\libemWin_osnts_gcc.a(GUI_CharM.o)
                0x1008438c                GUIMONO_DispChar
 .text.GUIMONO_GetCharDistX
                0x100844d8       0x18 Generated_Source\PSoC6\pdl\middleware\emWin\libs\GCC\libemWin_osnts_gcc.a(GUI_CharM.o)
                0x100844d8                GUIMONO_GetCharDistX
 .text.GUIMONO_GetFontInfo
                0x100844f0        0x6 Generated_Source\PSoC6\pdl\middleware\emWin\libs\GCC\libemWin_osnts_gcc.a(GUI_CharM.o)
                0x100844f0                GUIMONO_GetFontInfo
 .text.GUIMONO_IsInFont
                0x100844f6       0x36 Generated_Source\PSoC6\pdl\middleware\emWin\libs\GCC\libemWin_osnts_gcc.a(GUI_CharM.o)
                0x100844f6                GUIMONO_IsInFont
 .text.GUIPROP__FindChar
                0x1008452c       0x16 Generated_Source\PSoC6\pdl\middleware\emWin\libs\GCC\libemWin_osnts_gcc.a(GUI_CharP.o)
                0x1008452c                GUIPROP__FindChar
 *fill*         0x10084542        0x2 
 .text.GUIPROP_DispChar
                0x10084544       0xd4 Generated_Source\PSoC6\pdl\middleware\emWin\libs\GCC\libemWin_osnts_gcc.a(GUI_CharP.o)
                0x10084544                GUIPROP_DispChar
 .text.GUIPROP_GetCharDistX
                0x10084618       0x38 Generated_Source\PSoC6\pdl\middleware\emWin\libs\GCC\libemWin_osnts_gcc.a(GUI_CharP.o)
                0x10084618                GUIPROP_GetCharDistX
 .text.GUIPROP_GetFontInfo
                0x10084650        0x6 Generated_Source\PSoC6\pdl\middleware\emWin\libs\GCC\libemWin_osnts_gcc.a(GUI_CharP.o)
                0x10084650                GUIPROP_GetFontInfo
 .text.GUIPROP_IsInFont
                0x10084656       0x10 Generated_Source\PSoC6\pdl\middleware\emWin\libs\GCC\libemWin_osnts_gcc.a(GUI_CharP.o)
                0x10084656                GUIPROP_IsInFont
 .text.GUI_CalcColorDist
                0x10084666       0x54 Generated_Source\PSoC6\pdl\middleware\emWin\libs\GCC\libemWin_osnts_gcc.a(GUI_Common.o)
                0x10084666                GUI_CalcColorDist
 .text.GUI_GetBkColor
                0x100846ba       0x18 Generated_Source\PSoC6\pdl\middleware\emWin\libs\GCC\libemWin_osnts_gcc.a(GUI_Common.o)
                0x100846ba                GUI_GetBkColor
 .text.GUI_GetColor
                0x100846d2       0x18 Generated_Source\PSoC6\pdl\middleware\emWin\libs\GCC\libemWin_osnts_gcc.a(GUI_Common.o)
                0x100846d2                GUI_GetColor
 .text.GUI_MergeRect
                0x100846ea       0x62 Generated_Source\PSoC6\pdl\middleware\emWin\libs\GCC\libemWin_osnts_gcc.a(GUI_Common.o)
                0x100846ea                GUI_MergeRect
 .text.GUI_MoveRect
                0x1008474c       0x22 Generated_Source\PSoC6\pdl\middleware\emWin\libs\GCC\libemWin_osnts_gcc.a(GUI_Common.o)
                0x1008474c                GUI_MoveRect
 *fill*         0x1008476e        0x2 
 .text.GUI_GotoXY
                0x10084770       0x20 Generated_Source\PSoC6\pdl\middleware\emWin\libs\GCC\libemWin_osnts_gcc.a(GUI_Common.o)
                0x10084770                GUI_GotoXY
 .text.GUI_SetPenSize
                0x10084790       0x1c Generated_Source\PSoC6\pdl\middleware\emWin\libs\GCC\libemWin_osnts_gcc.a(GUI_Common.o)
                0x10084790                GUI_SetPenSize
 .text.GUI_RectsIntersect
                0x100847ac       0x3c Generated_Source\PSoC6\pdl\middleware\emWin\libs\GCC\libemWin_osnts_gcc.a(GUI_Common.o)
                0x100847ac                GUI_RectsIntersect
 .text.GUI_SelectLCD
                0x100847e8       0x18 Generated_Source\PSoC6\pdl\middleware\emWin\libs\GCC\libemWin_osnts_gcc.a(GUI_Common.o)
                0x100847e8                GUI_SelectLCD
 .text.GUI_SetBkColor
                0x10084800       0x14 Generated_Source\PSoC6\pdl\middleware\emWin\libs\GCC\libemWin_osnts_gcc.a(GUI_Common.o)
                0x10084800                GUI_SetBkColor
 .text.GUI_SetColor
                0x10084814       0x14 Generated_Source\PSoC6\pdl\middleware\emWin\libs\GCC\libemWin_osnts_gcc.a(GUI_Common.o)
                0x10084814                GUI_SetColor
 .text.GUI_SetFont
                0x10084828       0x20 Generated_Source\PSoC6\pdl\middleware\emWin\libs\GCC\libemWin_osnts_gcc.a(GUI_Common.o)
                0x10084828                GUI_SetFont
 .text.GUI_SetOrg
                0x10084848       0x40 Generated_Source\PSoC6\pdl\middleware\emWin\libs\GCC\libemWin_osnts_gcc.a(GUI_Common.o)
                0x10084848                GUI_SetOrg
 .text.GUI_SetTextAlign
                0x10084888       0x20 Generated_Source\PSoC6\pdl\middleware\emWin\libs\GCC\libemWin_osnts_gcc.a(GUI_Common.o)
                0x10084888                GUI_SetTextAlign
 .text._OnExit  0x100848a8       0x44 Generated_Source\PSoC6\pdl\middleware\emWin\libs\GCC\libemWin_osnts_gcc.a(GUI_Core.o)
 .text.GUI_SetDefaultFont
                0x100848ec        0xc Generated_Source\PSoC6\pdl\middleware\emWin\libs\GCC\libemWin_osnts_gcc.a(GUI_Core.o)
                0x100848ec                GUI_SetDefaultFont
 .text.GUI_ClearRect
                0x100848f8       0x64 Generated_Source\PSoC6\pdl\middleware\emWin\libs\GCC\libemWin_osnts_gcc.a(GUI_Core.o)
                0x100848f8                GUI_ClearRect
 .text.GUI_Clear
                0x1008495c       0x20 Generated_Source\PSoC6\pdl\middleware\emWin\libs\GCC\libemWin_osnts_gcc.a(GUI_Core.o)
                0x1008495c                GUI_Clear
 .text.GUI__RegisterExit
                0x1008497c       0x10 Generated_Source\PSoC6\pdl\middleware\emWin\libs\GCC\libemWin_osnts_gcc.a(GUI_Core.o)
                0x1008497c                GUI__RegisterExit
 .text.GUI__Config
                0x1008498c       0x34 Generated_Source\PSoC6\pdl\middleware\emWin\libs\GCC\libemWin_osnts_gcc.a(GUI_Core.o)
                0x1008498c                GUI__Config
 .text.GUI_Init
                0x100849c0       0xfc Generated_Source\PSoC6\pdl\middleware\emWin\libs\GCC\libemWin_osnts_gcc.a(GUI_Core.o)
                0x100849c0                GUI_Init
 .text.GUI_DEVICE__GetpDriver
                0x10084abc       0x24 Generated_Source\PSoC6\pdl\middleware\emWin\libs\GCC\libemWin_osnts_gcc.a(GUI_Device.o)
                0x10084abc                GUI_DEVICE__GetpDriver
 .text.GUI_DEVICE_Delete
                0x10084ae0        0x8 Generated_Source\PSoC6\pdl\middleware\emWin\libs\GCC\libemWin_osnts_gcc.a(GUI_Device.o)
                0x10084ae0                GUI_DEVICE_Delete
 .text.GUI_DEVICE_Create
                0x10084ae8       0x50 Generated_Source\PSoC6\pdl\middleware\emWin\libs\GCC\libemWin_osnts_gcc.a(GUI_Device.o)
                0x10084ae8                GUI_DEVICE_Create
 .text.GUI_DEVICE_Unlink
                0x10084b38       0x38 Generated_Source\PSoC6\pdl\middleware\emWin\libs\GCC\libemWin_osnts_gcc.a(GUI_Device.o)
                0x10084b38                GUI_DEVICE_Unlink
 .text.GUI_DEVICE_Link
                0x10084b70       0x8c Generated_Source\PSoC6\pdl\middleware\emWin\libs\GCC\libemWin_osnts_gcc.a(GUI_Device.o)
                0x10084b70                GUI_DEVICE_Link
 .text.GUI_DEVICE_CreateAndLink
                0x10084bfc       0x2c Generated_Source\PSoC6\pdl\middleware\emWin\libs\GCC\libemWin_osnts_gcc.a(GUI_Device.o)
                0x10084bfc                GUI_DEVICE_CreateAndLink
 .text.GUI_DEVICE_UnlinkTaskDevices
                0x10084c28        0x4 Generated_Source\PSoC6\pdl\middleware\emWin\libs\GCC\libemWin_osnts_gcc.a(GUI_Device.o)
                0x10084c28                GUI_DEVICE_UnlinkTaskDevices
 .text.GUI_DEVICE_LinkDevices
                0x10084c2c       0x12 Generated_Source\PSoC6\pdl\middleware\emWin\libs\GCC\libemWin_osnts_gcc.a(GUI_Device.o)
                0x10084c2c                GUI_DEVICE_LinkDevices
 *fill*         0x10084c3e        0x2 
 .text.GUI_DispString
                0x10084c40      0x118 Generated_Source\PSoC6\pdl\middleware\emWin\libs\GCC\libemWin_osnts_gcc.a(GUI_DispString.o)
                0x10084c40                GUI_DispString
 .text.GUI_DispStringAt
                0x10084d58       0x24 Generated_Source\PSoC6\pdl\middleware\emWin\libs\GCC\libemWin_osnts_gcc.a(GUI_DispString.o)
                0x10084d58                GUI_DispStringAt
 .text.GUI_DispStringHCenterAt
                0x10084d7c       0x30 Generated_Source\PSoC6\pdl\middleware\emWin\libs\GCC\libemWin_osnts_gcc.a(GUI_DispString.o)
                0x10084d7c                GUI_DispStringHCenterAt
 .text._SetLineColor
                0x10084dac       0x8c Generated_Source\PSoC6\pdl\middleware\emWin\libs\GCC\libemWin_osnts_gcc.a(GUI_DrawLine.o)
 .text.GUI_sin  0x10084e38       0x5c Generated_Source\PSoC6\pdl\middleware\emWin\libs\GCC\libemWin_osnts_gcc.a(GUI_DrawLine.o)
                0x10084e38                GUI_sin
 .text.GUI_cos  0x10084e94        0xe Generated_Source\PSoC6\pdl\middleware\emWin\libs\GCC\libemWin_osnts_gcc.a(GUI_DrawLine.o)
                0x10084e94                GUI_cos
 *fill*         0x10084ea2        0x2 
 .text.GL_DrawLine1Ex
                0x10084ea4      0x1a8 Generated_Source\PSoC6\pdl\middleware\emWin\libs\GCC\libemWin_osnts_gcc.a(GUI_DrawLine.o)
                0x10084ea4                GL_DrawLine1Ex
 .text.GL_DrawLineEx
                0x1008504c      0x19c Generated_Source\PSoC6\pdl\middleware\emWin\libs\GCC\libemWin_osnts_gcc.a(GUI_DrawLine.o)
                0x1008504c                GL_DrawLineEx
 .text.GL_DrawLine
                0x100851e8       0x10 Generated_Source\PSoC6\pdl\middleware\emWin\libs\GCC\libemWin_osnts_gcc.a(GUI_DrawLine.o)
                0x100851e8                GL_DrawLine
 .text.GUI_DrawLine
                0x100851f8       0x40 Generated_Source\PSoC6\pdl\middleware\emWin\libs\GCC\libemWin_osnts_gcc.a(GUI_DrawLine.o)
                0x100851f8                GUI_DrawLine
 .text._Add     0x10085238       0x4c Generated_Source\PSoC6\pdl\middleware\emWin\libs\GCC\libemWin_osnts_gcc.a(GUI_FillPolygon.o)
 .text.GL_FillPolygon
                0x10085284      0x1d4 Generated_Source\PSoC6\pdl\middleware\emWin\libs\GCC\libemWin_osnts_gcc.a(GUI_FillPolygon.o)
                0x10085284                GL_FillPolygon
 .text.GUI_StoreKey
                0x10085458       0x18 Generated_Source\PSoC6\pdl\middleware\emWin\libs\GCC\libemWin_osnts_gcc.a(GUI_OnKey.o)
                0x10085458                GUI_StoreKey
 .text._GetTaskNo
                0x10085470       0x40 Generated_Source\PSoC6\pdl\middleware\emWin\libs\GCC\libemWin_osnts_gcc.a(GUI_Task.o)
 .text._OnExit  0x100854b0       0x14 Generated_Source\PSoC6\pdl\middleware\emWin\libs\GCC\libemWin_osnts_gcc.a(GUI_Task.o)
 .text.GUI_Unlock
                0x100854c4       0x18 Generated_Source\PSoC6\pdl\middleware\emWin\libs\GCC\libemWin_osnts_gcc.a(GUI_Task.o)
                0x100854c4                GUI_Unlock
 .text.GUI_Lock
                0x100854dc       0x70 Generated_Source\PSoC6\pdl\middleware\emWin\libs\GCC\libemWin_osnts_gcc.a(GUI_Task.o)
                0x100854dc                GUI_Lock
 .text.GUITASK_Init
                0x1008554c       0x4c Generated_Source\PSoC6\pdl\middleware\emWin\libs\GCC\libemWin_osnts_gcc.a(GUI_Task.o)
                0x1008554c                GUITASK_Init
 .text.GUITASK_CopyContext
                0x10085598       0x5c Generated_Source\PSoC6\pdl\middleware\emWin\libs\GCC\libemWin_osnts_gcc.a(GUI_Task.o)
                0x10085598                GUITASK_CopyContext
 .text.GUI_UC__GetCharCodeInc
                0x100855f4       0x28 Generated_Source\PSoC6\pdl\middleware\emWin\libs\GCC\libemWin_osnts_gcc.a(GUI_UC.o)
                0x100855f4                GUI_UC__GetCharCodeInc
 .text.GUI_UC__NumChars2NumBytes
                0x1008561c       0x28 Generated_Source\PSoC6\pdl\middleware\emWin\libs\GCC\libemWin_osnts_gcc.a(GUI_UC.o)
                0x1008561c                GUI_UC__NumChars2NumBytes
 .text._GetCharCode
                0x10085644        0x4 Generated_Source\PSoC6\pdl\middleware\emWin\libs\GCC\libemWin_osnts_gcc.a(GUI_UC_EncodeNone.o)
 .text._GetCharSize
                0x10085648        0x4 Generated_Source\PSoC6\pdl\middleware\emWin\libs\GCC\libemWin_osnts_gcc.a(GUI_UC_EncodeNone.o)
 .text._CalcSizeOfChar
                0x1008564c        0x4 Generated_Source\PSoC6\pdl\middleware\emWin\libs\GCC\libemWin_osnts_gcc.a(GUI_UC_EncodeNone.o)
 .text._Encode  0x10085650        0x6 Generated_Source\PSoC6\pdl\middleware\emWin\libs\GCC\libemWin_osnts_gcc.a(GUI_UC_EncodeNone.o)
 *fill*         0x10085656        0x2 
 .text.GUI_SignalEvent
                0x10085658       0x14 Generated_Source\PSoC6\pdl\middleware\emWin\libs\GCC\libemWin_osnts_gcc.a(GUI_WaitEvent.o)
                0x10085658                GUI_SignalEvent
 .text.LCD_Color2Index_1
                0x1008566c       0x28 Generated_Source\PSoC6\pdl\middleware\emWin\libs\GCC\libemWin_osnts_gcc.a(GUICC_1.o)
 .text._Index2Color_1
                0x10085694        0xc Generated_Source\PSoC6\pdl\middleware\emWin\libs\GCC\libemWin_osnts_gcc.a(GUICC_1.o)
 .text._GetIndexMask_1
                0x100856a0        0x4 Generated_Source\PSoC6\pdl\middleware\emWin\libs\GCC\libemWin_osnts_gcc.a(GUICC_1.o)
 .text._SetPixelIndex
                0x100856a4       0x80 Generated_Source\PSoC6\pdl\middleware\emWin\libs\GCC\libemWin_osnts_gcc.a(GUIDRV_BitPlains.o)
 .text._GetPixelIndex
                0x10085724       0x5c Generated_Source\PSoC6\pdl\middleware\emWin\libs\GCC\libemWin_osnts_gcc.a(GUIDRV_BitPlains.o)
 .text._XorPixel
                0x10085780       0x24 Generated_Source\PSoC6\pdl\middleware\emWin\libs\GCC\libemWin_osnts_gcc.a(GUIDRV_BitPlains.o)
 .text._DrawHLine
                0x100857a4      0x2b0 Generated_Source\PSoC6\pdl\middleware\emWin\libs\GCC\libemWin_osnts_gcc.a(GUIDRV_BitPlains.o)
 .text._FillRect
                0x10085a54       0x22 Generated_Source\PSoC6\pdl\middleware\emWin\libs\GCC\libemWin_osnts_gcc.a(GUIDRV_BitPlains.o)
 .text._GetRect
                0x10085a76       0x16 Generated_Source\PSoC6\pdl\middleware\emWin\libs\GCC\libemWin_osnts_gcc.a(GUIDRV_BitPlains.o)
 .text._GetDevProp
                0x10085a8c       0x46 Generated_Source\PSoC6\pdl\middleware\emWin\libs\GCC\libemWin_osnts_gcc.a(GUIDRV_BitPlains.o)
 *fill*         0x10085ad2        0x2 
 .text._GetDevFunc
                0x10085ad4       0x14 Generated_Source\PSoC6\pdl\middleware\emWin\libs\GCC\libemWin_osnts_gcc.a(GUIDRV_BitPlains.o)
 .text._GetDevData
                0x10085ae8       0x38 Generated_Source\PSoC6\pdl\middleware\emWin\libs\GCC\libemWin_osnts_gcc.a(GUIDRV_BitPlains.o)
 .text._Off     0x10085b20        0xe Generated_Source\PSoC6\pdl\middleware\emWin\libs\GCC\libemWin_osnts_gcc.a(GUIDRV_BitPlains.o)
 .text._On      0x10085b2e        0xe Generated_Source\PSoC6\pdl\middleware\emWin\libs\GCC\libemWin_osnts_gcc.a(GUIDRV_BitPlains.o)
 .text._SetOrg  0x10085b3c       0x22 Generated_Source\PSoC6\pdl\middleware\emWin\libs\GCC\libemWin_osnts_gcc.a(GUIDRV_BitPlains.o)
 *fill*         0x10085b5e        0x2 
 .text._DrawVLine
                0x10085b60       0x48 Generated_Source\PSoC6\pdl\middleware\emWin\libs\GCC\libemWin_osnts_gcc.a(GUIDRV_BitPlains.o)
 .text._DrawBitmap
                0x10085ba8      0x8d8 Generated_Source\PSoC6\pdl\middleware\emWin\libs\GCC\libemWin_osnts_gcc.a(GUIDRV_BitPlains.o)
 .text._InitOnce.isra.2
                0x10086480       0x2c Generated_Source\PSoC6\pdl\middleware\emWin\libs\GCC\libemWin_osnts_gcc.a(GUIDRV_BitPlains.o)
 .text._Init    0x100864ac       0x1a Generated_Source\PSoC6\pdl\middleware\emWin\libs\GCC\libemWin_osnts_gcc.a(GUIDRV_BitPlains.o)
 .text._SetSize
                0x100864c6       0x3c Generated_Source\PSoC6\pdl\middleware\emWin\libs\GCC\libemWin_osnts_gcc.a(GUIDRV_BitPlains.o)
 .text._SetVSize
                0x10086502       0x1c Generated_Source\PSoC6\pdl\middleware\emWin\libs\GCC\libemWin_osnts_gcc.a(GUIDRV_BitPlains.o)
 .text._SetVRAMAddr
                0x1008651e       0x40 Generated_Source\PSoC6\pdl\middleware\emWin\libs\GCC\libemWin_osnts_gcc.a(GUIDRV_BitPlains.o)
 .text.GUIDRV_BitPlains_Config
                0x1008655e       0x18 Generated_Source\PSoC6\pdl\middleware\emWin\libs\GCC\libemWin_osnts_gcc.a(GUIDRV_BitPlains.o)
                0x1008655e                GUIDRV_BitPlains_Config
 *fill*         0x10086576        0x2 
 .text._SetDrawMode
                0x10086578       0x28 Generated_Source\PSoC6\pdl\middleware\emWin\libs\GCC\libemWin_osnts_gcc.a(LCD.o)
 .text.LCD_SetDrawMode
                0x100865a0       0x10 Generated_Source\PSoC6\pdl\middleware\emWin\libs\GCC\libemWin_osnts_gcc.a(LCD.o)
                0x100865a0                LCD_SetDrawMode
 .text.LCD_DrawPixel
                0x100865b0       0x5c Generated_Source\PSoC6\pdl\middleware\emWin\libs\GCC\libemWin_osnts_gcc.a(LCD.o)
                0x100865b0                LCD_DrawPixel
 .text.LCD_DrawHLine
                0x1008660c       0x4c Generated_Source\PSoC6\pdl\middleware\emWin\libs\GCC\libemWin_osnts_gcc.a(LCD.o)
                0x1008660c                LCD_DrawHLine
 .text.LCD_DrawVLine
                0x10086658       0x4c Generated_Source\PSoC6\pdl\middleware\emWin\libs\GCC\libemWin_osnts_gcc.a(LCD.o)
                0x10086658                LCD_DrawVLine
 .text.LCD_FillRect
                0x100866a4       0x54 Generated_Source\PSoC6\pdl\middleware\emWin\libs\GCC\libemWin_osnts_gcc.a(LCD.o)
                0x100866a4                LCD_FillRect
 .text.LCD__DrawBitmap_1bpp
                0x100866f8      0x1cc Generated_Source\PSoC6\pdl\middleware\emWin\libs\GCC\libemWin_osnts_gcc.a(LCD.o)
                0x100866f8                LCD__DrawBitmap_1bpp
 .text.LCD_DrawBitmap
                0x100868c4      0x20c Generated_Source\PSoC6\pdl\middleware\emWin\libs\GCC\libemWin_osnts_gcc.a(LCD.o)
                0x100868c4                LCD_DrawBitmap
 .text.LCD_SetClipRectMax
                0x10086ad0       0x20 Generated_Source\PSoC6\pdl\middleware\emWin\libs\GCC\libemWin_osnts_gcc.a(LCD.o)
                0x10086ad0                LCD_SetClipRectMax
 .text.LCD_Init
                0x10086af0       0x94 Generated_Source\PSoC6\pdl\middleware\emWin\libs\GCC\libemWin_osnts_gcc.a(LCD.o)
                0x10086af0                LCD_Init
 .text.LCD_Color2Index
                0x10086b84       0x20 Generated_Source\PSoC6\pdl\middleware\emWin\libs\GCC\libemWin_osnts_gcc.a(LCD.o)
                0x10086b84                LCD_Color2Index
 .text.LCD_Index2Color
                0x10086ba4       0x20 Generated_Source\PSoC6\pdl\middleware\emWin\libs\GCC\libemWin_osnts_gcc.a(LCD.o)
                0x10086ba4                LCD_Index2Color
 .text.LCD_SetColorIndex
                0x10086bc4       0x18 Generated_Source\PSoC6\pdl\middleware\emWin\libs\GCC\libemWin_osnts_gcc.a(LCD.o)
                0x10086bc4                LCD_SetColorIndex
 .text._SetColor
                0x10086bdc       0x1c Generated_Source\PSoC6\pdl\middleware\emWin\libs\GCC\libemWin_osnts_gcc.a(LCD.o)
 .text.LCD_SetBkColorIndex
                0x10086bf8       0x18 Generated_Source\PSoC6\pdl\middleware\emWin\libs\GCC\libemWin_osnts_gcc.a(LCD.o)
                0x10086bf8                LCD_SetBkColorIndex
 .text._SetBkColor
                0x10086c10       0x1c Generated_Source\PSoC6\pdl\middleware\emWin\libs\GCC\libemWin_osnts_gcc.a(LCD.o)
 .text.LCD_SetBkColor
                0x10086c2c       0x10 Generated_Source\PSoC6\pdl\middleware\emWin\libs\GCC\libemWin_osnts_gcc.a(LCD.o)
                0x10086c2c                LCD_SetBkColor
 .text.LCD_SetColor
                0x10086c3c       0x10 Generated_Source\PSoC6\pdl\middleware\emWin\libs\GCC\libemWin_osnts_gcc.a(LCD.o)
                0x10086c3c                LCD_SetColor
 .text._OnExit  0x10086c4c       0x1c Generated_Source\PSoC6\pdl\middleware\emWin\libs\GCC\libemWin_osnts_gcc.a(LCD_Color.o)
 .text.LCD_InitColors
                0x10086c68       0x40 Generated_Source\PSoC6\pdl\middleware\emWin\libs\GCC\libemWin_osnts_gcc.a(LCD_Color.o)
                0x10086c68                LCD_InitColors
 .text.LCD_GetpPalConvTableUncached
                0x10086ca8       0x68 Generated_Source\PSoC6\pdl\middleware\emWin\libs\GCC\libemWin_osnts_gcc.a(LCD_Color.o)
                0x10086ca8                LCD_GetpPalConvTableUncached
 .text.LCD_GetpPalConvTableBM
                0x10086d10        0x8 Generated_Source\PSoC6\pdl\middleware\emWin\libs\GCC\libemWin_osnts_gcc.a(LCD_Color.o)
                0x10086d10                LCD_GetpPalConvTableBM
 .text.LCD_InitLUT
                0x10086d18       0x7c Generated_Source\PSoC6\pdl\middleware\emWin\libs\GCC\libemWin_osnts_gcc.a(LCD_Color.o)
                0x10086d18                LCD_InitLUT
 .text.LCD_GetBkColorIndex
                0x10086d94       0x10 Generated_Source\PSoC6\pdl\middleware\emWin\libs\GCC\libemWin_osnts_gcc.a(LCD_GetColorIndex.o)
                0x10086d94                LCD_GetBkColorIndex
 .text.LCD_GetColorIndex
                0x10086da4       0x10 Generated_Source\PSoC6\pdl\middleware\emWin\libs\GCC\libemWin_osnts_gcc.a(LCD_GetColorIndex.o)
                0x10086da4                LCD_GetColorIndex
 .text._GetDevProp.part.0
                0x10086db4       0x16 Generated_Source\PSoC6\pdl\middleware\emWin\libs\GCC\libemWin_osnts_gcc.a(LCD_GetEx.o)
 .text._GetDevProp
                0x10086dca       0x12 Generated_Source\PSoC6\pdl\middleware\emWin\libs\GCC\libemWin_osnts_gcc.a(LCD_GetEx.o)
 .text._GetMaxValue
                0x10086ddc       0x12 Generated_Source\PSoC6\pdl\middleware\emWin\libs\GCC\libemWin_osnts_gcc.a(LCD_GetEx.o)
 .text.LCD_GetBitsPerPixelEx
                0x10086dee        0xa Generated_Source\PSoC6\pdl\middleware\emWin\libs\GCC\libemWin_osnts_gcc.a(LCD_GetEx.o)
                0x10086dee                LCD_GetBitsPerPixelEx
 .text.LCD_GetNumColorsEx
                0x10086df8        0xa Generated_Source\PSoC6\pdl\middleware\emWin\libs\GCC\libemWin_osnts_gcc.a(LCD_GetEx.o)
                0x10086df8                LCD_GetNumColorsEx
 .text.LCD_GetSwapXYEx
                0x10086e02        0xa Generated_Source\PSoC6\pdl\middleware\emWin\libs\GCC\libemWin_osnts_gcc.a(LCD_GetEx.o)
                0x10086e02                LCD_GetSwapXYEx
 .text.LCD_GetNumColors
                0x10086e0c       0x14 Generated_Source\PSoC6\pdl\middleware\emWin\libs\GCC\libemWin_osnts_gcc.a(LCD_GetEx.o)
                0x10086e0c                LCD_GetNumColors
 .text.LCD_GetSwapXY
                0x10086e20       0x14 Generated_Source\PSoC6\pdl\middleware\emWin\libs\GCC\libemWin_osnts_gcc.a(LCD_GetEx.o)
                0x10086e20                LCD_GetSwapXY
 .text.GUI_GetBitsPerPixelEx
                0x10086e34       0x18 Generated_Source\PSoC6\pdl\middleware\emWin\libs\GCC\libemWin_osnts_gcc.a(LCD_GetEx.o)
                0x10086e34                GUI_GetBitsPerPixelEx
 .text.LCD_GetPaletteEx
                0x10086e4c       0x14 Generated_Source\PSoC6\pdl\middleware\emWin\libs\GCC\libemWin_osnts_gcc.a(LCD_GetEx.o)
                0x10086e4c                LCD_GetPaletteEx
 .text.LCD_GetPalette
                0x10086e60       0x14 Generated_Source\PSoC6\pdl\middleware\emWin\libs\GCC\libemWin_osnts_gcc.a(LCD_GetEx.o)
                0x10086e60                LCD_GetPalette
 .text.GUI_GetpfIndex2ColorEx
                0x10086e74       0x10 Generated_Source\PSoC6\pdl\middleware\emWin\libs\GCC\libemWin_osnts_gcc.a(LCD_GetEx.o)
                0x10086e74                GUI_GetpfIndex2ColorEx
 .text.GUI_GetpfColor2IndexEx
                0x10086e84       0x10 Generated_Source\PSoC6\pdl\middleware\emWin\libs\GCC\libemWin_osnts_gcc.a(LCD_GetEx.o)
                0x10086e84                GUI_GetpfColor2IndexEx
 .text.LCD_GetXSizeMax
                0x10086e94        0xa Generated_Source\PSoC6\pdl\middleware\emWin\libs\GCC\libemWin_osnts_gcc.a(LCD_GetEx.o)
                0x10086e94                LCD_GetXSizeMax
 .text.LCD_GetYSizeMax
                0x10086e9e        0xa Generated_Source\PSoC6\pdl\middleware\emWin\libs\GCC\libemWin_osnts_gcc.a(LCD_GetEx.o)
                0x10086e9e                LCD_GetYSizeMax
 .text.LCD_SetDisplaySize
                0x10086ea8        0xc Generated_Source\PSoC6\pdl\middleware\emWin\libs\GCC\libemWin_osnts_gcc.a(LCD_GetEx.o)
                0x10086ea8                LCD_SetDisplaySize
 .text.LCD_GetXSizeDisplay
                0x10086eb4        0xc Generated_Source\PSoC6\pdl\middleware\emWin\libs\GCC\libemWin_osnts_gcc.a(LCD_GetEx.o)
                0x10086eb4                LCD_GetXSizeDisplay
 .text.LCD_GetYSizeDisplay
                0x10086ec0        0xc Generated_Source\PSoC6\pdl\middleware\emWin\libs\GCC\libemWin_osnts_gcc.a(LCD_GetEx.o)
                0x10086ec0                LCD_GetYSizeDisplay
 .text.LCD__GetBPP
                0x10086ecc       0x72 Generated_Source\PSoC6\pdl\middleware\emWin\libs\GCC\libemWin_osnts_gcc.a(LCD_GetEx.o)
                0x10086ecc                LCD__GetBPP
 .text.LCD__GetBPPDevice
                0x10086f3e       0x2a Generated_Source\PSoC6\pdl\middleware\emWin\libs\GCC\libemWin_osnts_gcc.a(LCD_GetEx.o)
                0x10086f3e                LCD__GetBPPDevice
 .text.LCD_GetNumLayers
                0x10086f68        0xe Generated_Source\PSoC6\pdl\middleware\emWin\libs\GCC\libemWin_osnts_gcc.a(LCD_GetNumDisplays.o)
                0x10086f68                LCD_GetNumLayers
 *fill*         0x10086f76        0x2 
 .text.LCD_SelectLCD
                0x10086f78       0x44 Generated_Source\PSoC6\pdl\middleware\emWin\libs\GCC\libemWin_osnts_gcc.a(LCD_SelectLCD.o)
                0x10086f78                LCD_SelectLCD
 .text.LCD_SetLUTEntryEx
                0x10086fbc       0x2e Generated_Source\PSoC6\pdl\middleware\emWin\libs\GCC\libemWin_osnts_gcc.a(LCD_Set.o)
                0x10086fbc                LCD_SetLUTEntryEx
 .text.LCD_SetSizeEx
                0x10086fea       0x2e Generated_Source\PSoC6\pdl\middleware\emWin\libs\GCC\libemWin_osnts_gcc.a(LCD_Set.o)
                0x10086fea                LCD_SetSizeEx
 .text.LCD_SetVRAMAddrEx
                0x10087018       0x2a Generated_Source\PSoC6\pdl\middleware\emWin\libs\GCC\libemWin_osnts_gcc.a(LCD_Set.o)
                0x10087018                LCD_SetVRAMAddrEx
 .text.LCD_SetVSizeEx
                0x10087042       0x2e Generated_Source\PSoC6\pdl\middleware\emWin\libs\GCC\libemWin_osnts_gcc.a(LCD_Set.o)
                0x10087042                LCD_SetVSizeEx
 .text.LCD_UpdateColorIndices
                0x10087070       0x24 Generated_Source\PSoC6\pdl\middleware\emWin\libs\GCC\libemWin_osnts_gcc.a(LCD_UpdateColorIndices.o)
                0x10087070                LCD_UpdateColorIndices
 .text._OnExit  0x10087094       0x88 Generated_Source\PSoC6\pdl\middleware\emWin\libs\GCC\libemWin_osnts_gcc.a(WM.o)
 .text._Findy1  0x1008711c       0xb4 Generated_Source\PSoC6\pdl\middleware\emWin\libs\GCC\libemWin_osnts_gcc.a(WM.o)
 .text._Findx0  0x100871d0       0x8a Generated_Source\PSoC6\pdl\middleware\emWin\libs\GCC\libemWin_osnts_gcc.a(WM.o)
 .text._Findx1  0x1008725a       0x7c Generated_Source\PSoC6\pdl\middleware\emWin\libs\GCC\libemWin_osnts_gcc.a(WM.o)
 *fill*         0x100872d6        0x2 
 .text.WM__ClipAtParentBorders
                0x100872d8       0x54 Generated_Source\PSoC6\pdl\middleware\emWin\libs\GCC\libemWin_osnts_gcc.a(WM.o)
                0x100872d8                WM__ClipAtParentBorders
 .text.WM__InsertWindowIntoList
                0x1008732c       0xaa Generated_Source\PSoC6\pdl\middleware\emWin\libs\GCC\libemWin_osnts_gcc.a(WM.o)
                0x1008732c                WM__InsertWindowIntoList
 .text.WM__Client2Screen
                0x100873d6       0x14 Generated_Source\PSoC6\pdl\middleware\emWin\libs\GCC\libemWin_osnts_gcc.a(WM.o)
                0x100873d6                WM__Client2Screen
 *fill*         0x100873ea        0x2 
 .text._SetClipRectUserIntersect
                0x100873ec       0x50 Generated_Source\PSoC6\pdl\middleware\emWin\libs\GCC\libemWin_osnts_gcc.a(WM.o)
 .text.WM__ActivateClipRect
                0x1008743c       0x50 Generated_Source\PSoC6\pdl\middleware\emWin\libs\GCC\libemWin_osnts_gcc.a(WM.o)
                0x1008743c                WM__ActivateClipRect
 .text.WM__InvalidateDrawAndDescs
                0x1008748c       0x54 Generated_Source\PSoC6\pdl\middleware\emWin\libs\GCC\libemWin_osnts_gcc.a(WM.o)
                0x1008748c                WM__InvalidateDrawAndDescs
 .text.WM__RectIsNZ
                0x100874e0       0x22 Generated_Source\PSoC6\pdl\middleware\emWin\libs\GCC\libemWin_osnts_gcc.a(WM.o)
                0x100874e0                WM__RectIsNZ
 *fill*         0x10087502        0x2 
 .text._Invalidate1Abs
                0x10087504       0x88 Generated_Source\PSoC6\pdl\middleware\emWin\libs\GCC\libemWin_osnts_gcc.a(WM.o)
 .text.WM__Invalidate1Abs
                0x1008758c        0xa Generated_Source\PSoC6\pdl\middleware\emWin\libs\GCC\libemWin_osnts_gcc.a(WM.o)
                0x1008758c                WM__Invalidate1Abs
 .text.WM_InvalidateWindowAndDescsEx
                0x10087596       0x60 Generated_Source\PSoC6\pdl\middleware\emWin\libs\GCC\libemWin_osnts_gcc.a(WM.o)
                0x10087596                WM_InvalidateWindowAndDescsEx
 *fill*         0x100875f6        0x2 
 .text.WM__InvalidateRect
                0x100875f8       0x80 Generated_Source\PSoC6\pdl\middleware\emWin\libs\GCC\libemWin_osnts_gcc.a(WM.o)
                0x100875f8                WM__InvalidateRect
 .text.WM__InvalidateRectEx
                0x10087678        0xa Generated_Source\PSoC6\pdl\middleware\emWin\libs\GCC\libemWin_osnts_gcc.a(WM.o)
                0x10087678                WM__InvalidateRectEx
 .text.WM__SendMsgNoData
                0x10087682       0x10 Generated_Source\PSoC6\pdl\middleware\emWin\libs\GCC\libemWin_osnts_gcc.a(WM.o)
                0x10087682                WM__SendMsgNoData
 .text.WM__GetClientRectWin
                0x10087692       0x18 Generated_Source\PSoC6\pdl\middleware\emWin\libs\GCC\libemWin_osnts_gcc.a(WM.o)
                0x10087692                WM__GetClientRectWin
 *fill*         0x100876aa        0x2 
 .text.WM_InvalidateRect
                0x100876ac       0x8c Generated_Source\PSoC6\pdl\middleware\emWin\libs\GCC\libemWin_osnts_gcc.a(WM.o)
                0x100876ac                WM_InvalidateRect
 .text.WM_InvalidateWindow
                0x10087738        0xa Generated_Source\PSoC6\pdl\middleware\emWin\libs\GCC\libemWin_osnts_gcc.a(WM.o)
                0x10087738                WM_InvalidateWindow
 *fill*         0x10087742        0x2 
 .text.WM_SelectWindow
                0x10087744       0x40 Generated_Source\PSoC6\pdl\middleware\emWin\libs\GCC\libemWin_osnts_gcc.a(WM.o)
                0x10087744                WM_SelectWindow
 .text.WM_CreateWindowAsChild
                0x10087784      0x14c Generated_Source\PSoC6\pdl\middleware\emWin\libs\GCC\libemWin_osnts_gcc.a(WM.o)
                0x10087784                WM_CreateWindowAsChild
 .text.WM_CreateWindow
                0x100878d0       0x1a Generated_Source\PSoC6\pdl\middleware\emWin\libs\GCC\libemWin_osnts_gcc.a(WM.o)
                0x100878d0                WM_CreateWindow
 *fill*         0x100878ea        0x2 
 .text.WM__GetNextIVR
                0x100878ec      0x160 Generated_Source\PSoC6\pdl\middleware\emWin\libs\GCC\libemWin_osnts_gcc.a(WM.o)
                0x100878ec                WM__GetNextIVR
 .text.WM__InitIVRSearch
                0x10087a4c      0x100 Generated_Source\PSoC6\pdl\middleware\emWin\libs\GCC\libemWin_osnts_gcc.a(WM.o)
                0x10087a4c                WM__InitIVRSearch
 .text.WM_Activate
                0x10087b4c       0x10 Generated_Source\PSoC6\pdl\middleware\emWin\libs\GCC\libemWin_osnts_gcc.a(WM.o)
                0x10087b4c                WM_Activate
 .text.WM_DefaultProc
                0x10087b5c       0x48 Generated_Source\PSoC6\pdl\middleware\emWin\libs\GCC\libemWin_osnts_gcc.a(WM.o)
                0x10087b5c                WM_DefaultProc
 .text._cbBackWin
                0x10087ba4       0x44 Generated_Source\PSoC6\pdl\middleware\emWin\libs\GCC\libemWin_osnts_gcc.a(WM.o)
 .text.WM_Init  0x10087be8       0xa4 Generated_Source\PSoC6\pdl\middleware\emWin\libs\GCC\libemWin_osnts_gcc.a(WM.o)
                0x10087be8                WM_Init
 .text.WM__GetFirstSibling
                0x10087c8c       0x16 Generated_Source\PSoC6\pdl\middleware\emWin\libs\GCC\libemWin_osnts_gcc.a(WM__Private.o)
                0x10087c8c                WM__GetFirstSibling
 .text.WM__GetPrevSibling
                0x10087ca2       0x28 Generated_Source\PSoC6\pdl\middleware\emWin\libs\GCC\libemWin_osnts_gcc.a(WM__Private.o)
                0x10087ca2                WM__GetPrevSibling
 *fill*         0x10087cca        0x2 
 .text.WM__SendMessage
                0x10087ccc       0x38 Generated_Source\PSoC6\pdl\middleware\emWin\libs\GCC\libemWin_osnts_gcc.a(WM__Private.o)
                0x10087ccc                WM__SendMessage
 .text.WM__AddCriticalHandle
                0x10087d04       0x10 Generated_Source\PSoC6\pdl\middleware\emWin\libs\GCC\libemWin_osnts_gcc.a(WM__Private.o)
                0x10087d04                WM__AddCriticalHandle
 .text.WM__GetClientRectEx
                0x10087d14       0x20 Generated_Source\PSoC6\pdl\middleware\emWin\libs\GCC\libemWin_osnts_gcc.a(WM__Private.o)
                0x10087d14                WM__GetClientRectEx
 .text.WM_GetDesktopWindow
                0x10087d34        0xc Generated_Source\PSoC6\pdl\middleware\emWin\libs\GCC\libemWin_osnts_gcc.a(WM_Lib.o)
                0x10087d34                WM_GetDesktopWindow
 .text.WM_GetFirstChild
                0x10087d40       0x1a Generated_Source\PSoC6\pdl\middleware\emWin\libs\GCC\libemWin_osnts_gcc.a(WM_Lib.o)
                0x10087d40                WM_GetFirstChild
 .text.WM_GetParent
                0x10087d5a       0x1a Generated_Source\PSoC6\pdl\middleware\emWin\libs\GCC\libemWin_osnts_gcc.a(WM_Lib.o)
                0x10087d5a                WM_GetParent
 .text.WM_BringToBottom
                0x10087d74       0x8a Generated_Source\PSoC6\pdl\middleware\emWin\libs\GCC\libemWin_osnts_gcc.a(WM_Lib.o)
                0x10087d74                WM_BringToBottom
 .text.WM_SendToParent
                0x10087dfe       0x24 Generated_Source\PSoC6\pdl\middleware\emWin\libs\GCC\libemWin_osnts_gcc.a(WM_Lib.o)
                0x10087dfe                WM_SendToParent
 *fill*         0x10087e22        0x2 
 .text.GUI__ManageCacheEx
                0x10087e24       0xe0 Generated_Source\PSoC6\pdl\middleware\emWin\libs\GCC\libemWin_osnts_gcc.a(GUI__ManageCache.o)
                0x10087e24                GUI__ManageCacheEx
 .text.GUI__ManageCache
                0x10087f04       0x14 Generated_Source\PSoC6\pdl\middleware\emWin\libs\GCC\libemWin_osnts_gcc.a(GUI__ManageCache.o)
                0x10087f04                GUI__ManageCache
 .text.GUI__IntersectRect
                0x10087f18       0x3c Generated_Source\PSoC6\pdl\middleware\emWin\libs\GCC\libemWin_osnts_gcc.a(GUI__Private.o)
                0x10087f18                GUI__IntersectRect
 .text.GUI__IntersectRects
                0x10087f54       0x68 Generated_Source\PSoC6\pdl\middleware\emWin\libs\GCC\libemWin_osnts_gcc.a(GUI__Private.o)
                0x10087f54                GUI__IntersectRects
 .text.GUI_GetYAdjust
                0x10087fbc       0x38 Generated_Source\PSoC6\pdl\middleware\emWin\libs\GCC\libemWin_osnts_gcc.a(GUI_Char.o)
                0x10087fbc                GUI_GetYAdjust
 .text.GUI_GetFontDistY
                0x10087ff4       0x1c Generated_Source\PSoC6\pdl\middleware\emWin\libs\GCC\libemWin_osnts_gcc.a(GUI_Char.o)
                0x10087ff4                GUI_GetFontDistY
 .text.GUI_GetCharDistX
                0x10088010       0x24 Generated_Source\PSoC6\pdl\middleware\emWin\libs\GCC\libemWin_osnts_gcc.a(GUI_Char.o)
                0x10088010                GUI_GetCharDistX
 .text.GUI_GetCharDistXEx
                0x10088034       0x28 Generated_Source\PSoC6\pdl\middleware\emWin\libs\GCC\libemWin_osnts_gcc.a(GUI_Char.o)
                0x10088034                GUI_GetCharDistXEx
 .text._Log2VisBuffered
                0x1008805c        0x2 Generated_Source\PSoC6\pdl\middleware\emWin\libs\GCC\libemWin_osnts_gcc.a(GUI_CharLine.o)
 *fill*         0x1008805e        0x2 
 .text._DispLine
                0x10088060       0x9c Generated_Source\PSoC6\pdl\middleware\emWin\libs\GCC\libemWin_osnts_gcc.a(GUI_CharLine.o)
 .text.GUI__GetLineNumChars
                0x100880fc       0x3c Generated_Source\PSoC6\pdl\middleware\emWin\libs\GCC\libemWin_osnts_gcc.a(GUI_CharLine.o)
                0x100880fc                GUI__GetLineNumChars
 .text.GUI__GetOverlap
                0x10088138       0x18 Generated_Source\PSoC6\pdl\middleware\emWin\libs\GCC\libemWin_osnts_gcc.a(GUI_CharLine.o)
                0x10088138                GUI__GetOverlap
 .text.GUI__GetLineDistX
                0x10088150       0x5c Generated_Source\PSoC6\pdl\middleware\emWin\libs\GCC\libemWin_osnts_gcc.a(GUI_CharLine.o)
                0x10088150                GUI__GetLineDistX
 .text.GUI__DispLine
                0x100881ac       0x9c Generated_Source\PSoC6\pdl\middleware\emWin\libs\GCC\libemWin_osnts_gcc.a(GUI_CharLine.o)
                0x100881ac                GUI__DispLine
 .text.GL_DrawPoint
                0x10088248       0x28 Generated_Source\PSoC6\pdl\middleware\emWin\libs\GCC\libemWin_osnts_gcc.a(GUI_DrawLib.o)
                0x10088248                GL_DrawPoint
 .text.GUI_SelectLayer
                0x10088270       0x30 Generated_Source\PSoC6\pdl\middleware\emWin\libs\GCC\libemWin_osnts_gcc.a(GUI_SelectLayer.o)
                0x10088270                GUI_SelectLayer
 .text._GetIndexMask_0
                0x100882a0       0x44 Generated_Source\PSoC6\pdl\middleware\emWin\libs\GCC\libemWin_osnts_gcc.a(GUICC_0.o)
 .text._Index2Color_0
                0x100882e4       0x20 Generated_Source\PSoC6\pdl\middleware\emWin\libs\GCC\libemWin_osnts_gcc.a(GUICC_0.o)
 .text._Color2Index_0
                0x10088304       0x50 Generated_Source\PSoC6\pdl\middleware\emWin\libs\GCC\libemWin_osnts_gcc.a(GUICC_0.o)
 .text.GUI_MEMDEV_GetBitsPerPixel
                0x10088354       0x32 Generated_Source\PSoC6\pdl\middleware\emWin\libs\GCC\libemWin_osnts_gcc.a(GUIDEV.o)
                0x10088354                GUI_MEMDEV_GetBitsPerPixel
 *fill*         0x10088386        0x2 
 .text.GUI_MEMDEV_Delete
                0x10088388       0x48 Generated_Source\PSoC6\pdl\middleware\emWin\libs\GCC\libemWin_osnts_gcc.a(GUIDEV.o)
                0x10088388                GUI_MEMDEV_Delete
 .text._GetDevData
                0x100883d0       0x10 Generated_Source\PSoC6\pdl\middleware\emWin\libs\GCC\libemWin_osnts_gcc.a(GUIDEV_1.o)
 .text._GetDevFunc
                0x100883e0       0x10 Generated_Source\PSoC6\pdl\middleware\emWin\libs\GCC\libemWin_osnts_gcc.a(GUIDEV_1.o)
 .text._SetOrg  0x100883f0        0xc Generated_Source\PSoC6\pdl\middleware\emWin\libs\GCC\libemWin_osnts_gcc.a(GUIDEV_1.o)
 .text._GetDevProp
                0x100883fc        0xc Generated_Source\PSoC6\pdl\middleware\emWin\libs\GCC\libemWin_osnts_gcc.a(GUIDEV_1.o)
 .text._GetRect
                0x10088408       0x30 Generated_Source\PSoC6\pdl\middleware\emWin\libs\GCC\libemWin_osnts_gcc.a(GUIDEV_1.o)
 .text._XY2PTR_BITOFFSET
                0x10088438       0x44 Generated_Source\PSoC6\pdl\middleware\emWin\libs\GCC\libemWin_osnts_gcc.a(GUIDEV_1.o)
 .text._GetPixelIndex
                0x1008847c       0x18 Generated_Source\PSoC6\pdl\middleware\emWin\libs\GCC\libemWin_osnts_gcc.a(GUIDEV_1.o)
 .text._XorPixel
                0x10088494       0x58 Generated_Source\PSoC6\pdl\middleware\emWin\libs\GCC\libemWin_osnts_gcc.a(GUIDEV_1.o)
 .text._SetPixelIndex
                0x100884ec       0x60 Generated_Source\PSoC6\pdl\middleware\emWin\libs\GCC\libemWin_osnts_gcc.a(GUIDEV_1.o)
 .text._DrawVLine
                0x1008854c       0xb8 Generated_Source\PSoC6\pdl\middleware\emWin\libs\GCC\libemWin_osnts_gcc.a(GUIDEV_1.o)
 .text._FillRect
                0x10088604      0x158 Generated_Source\PSoC6\pdl\middleware\emWin\libs\GCC\libemWin_osnts_gcc.a(GUIDEV_1.o)
 .text._DrawHLine
                0x1008875c        0xa Generated_Source\PSoC6\pdl\middleware\emWin\libs\GCC\libemWin_osnts_gcc.a(GUIDEV_1.o)
 *fill*         0x10088766        0x2 
 .text._DrawBitmap
                0x10088768      0x614 Generated_Source\PSoC6\pdl\middleware\emWin\libs\GCC\libemWin_osnts_gcc.a(GUIDEV_1.o)
 .text._GetDevData
                0x10088d7c       0x10 Generated_Source\PSoC6\pdl\middleware\emWin\libs\GCC\libemWin_osnts_gcc.a(GUIDEV_8.o)
 .text._GetDevFunc
                0x10088d8c       0x10 Generated_Source\PSoC6\pdl\middleware\emWin\libs\GCC\libemWin_osnts_gcc.a(GUIDEV_8.o)
 .text._SetOrg  0x10088d9c       0x10 Generated_Source\PSoC6\pdl\middleware\emWin\libs\GCC\libemWin_osnts_gcc.a(GUIDEV_8.o)
 .text._GetRect
                0x10088dac       0x30 Generated_Source\PSoC6\pdl\middleware\emWin\libs\GCC\libemWin_osnts_gcc.a(GUIDEV_8.o)
 .text._XY2PTR  0x10088ddc       0x38 Generated_Source\PSoC6\pdl\middleware\emWin\libs\GCC\libemWin_osnts_gcc.a(GUIDEV_8.o)
 .text._GetPixelIndex
                0x10088e14        0xe Generated_Source\PSoC6\pdl\middleware\emWin\libs\GCC\libemWin_osnts_gcc.a(GUIDEV_8.o)
 *fill*         0x10088e22        0x2 
 .text._XorPixel
                0x10088e24       0x54 Generated_Source\PSoC6\pdl\middleware\emWin\libs\GCC\libemWin_osnts_gcc.a(GUIDEV_8.o)
 .text._SetPixelIndex
                0x10088e78       0x48 Generated_Source\PSoC6\pdl\middleware\emWin\libs\GCC\libemWin_osnts_gcc.a(GUIDEV_8.o)
 .text._DrawVLine
                0x10088ec0       0xbc Generated_Source\PSoC6\pdl\middleware\emWin\libs\GCC\libemWin_osnts_gcc.a(GUIDEV_8.o)
 .text._FillRect
                0x10088f7c       0xb0 Generated_Source\PSoC6\pdl\middleware\emWin\libs\GCC\libemWin_osnts_gcc.a(GUIDEV_8.o)
 .text._DrawHLine
                0x1008902c        0xa Generated_Source\PSoC6\pdl\middleware\emWin\libs\GCC\libemWin_osnts_gcc.a(GUIDEV_8.o)
 *fill*         0x10089036        0x2 
 .text._DrawBitmap
                0x10089038      0x688 Generated_Source\PSoC6\pdl\middleware\emWin\libs\GCC\libemWin_osnts_gcc.a(GUIDEV_8.o)
 .text._GetDevProp
                0x100896c0       0x1e Generated_Source\PSoC6\pdl\middleware\emWin\libs\GCC\libemWin_osnts_gcc.a(GUIDEV_8.o)
 .text.GUI_USAGE_DecUseCnt
                0x100896de       0x2e Generated_Source\PSoC6\pdl\middleware\emWin\libs\GCC\libemWin_osnts_gcc.a(GUIDEV_Usage.o)
                0x100896de                GUI_USAGE_DecUseCnt
 .text.GUI_USAGE_AddRect
                0x1008970c       0x26 Generated_Source\PSoC6\pdl\middleware\emWin\libs\GCC\libemWin_osnts_gcc.a(GUIDEV_Usage.o)
                0x1008970c                GUI_USAGE_AddRect
 .text._Convert16
                0x10089732       0x34 Generated_Source\PSoC6\pdl\middleware\emWin\libs\GCC\libemWin_osnts_gcc.a(GUIDEV_WriteToActiveOpaque.o)
 .text._Convert8
                0x10089766       0x34 Generated_Source\PSoC6\pdl\middleware\emWin\libs\GCC\libemWin_osnts_gcc.a(GUIDEV_WriteToActiveOpaque.o)
 *fill*         0x1008979a        0x2 
 .text.GUI_MEMDEV__WriteToActiveOpaque
                0x1008979c      0x714 Generated_Source\PSoC6\pdl\middleware\emWin\libs\GCC\libemWin_osnts_gcc.a(GUIDEV_WriteToActiveOpaque.o)
                0x1008979c                GUI_MEMDEV__WriteToActiveOpaque
 .text.LCD_SetClipRectEx
                0x10089eb0       0x30 Generated_Source\PSoC6\pdl\middleware\emWin\libs\GCC\libemWin_osnts_gcc.a(LCD_SetClipRectEx.o)
                0x10089eb0                LCD_SetClipRectEx
 .text.GUI__CompactPixelIndices
                0x10089ee0      0x14a Generated_Source\PSoC6\pdl\middleware\emWin\libs\GCC\libemWin_osnts_gcc.a(GUI__CompactPixelIndices.o)
                0x10089ee0                GUI__CompactPixelIndices
 *fill*         0x1008a02a        0x2 
 .text.GL_FillCircle
                0x1008a02c       0xcc Generated_Source\PSoC6\pdl\middleware\emWin\libs\GCC\libemWin_osnts_gcc.a(GUI_Circ.o)
                0x1008a02c                GL_FillCircle
 .text.GUI_MEMDEV_GetDataPtr
                0x1008a0f8       0x24 Generated_Source\PSoC6\pdl\middleware\emWin\libs\GCC\libemWin_osnts_gcc.a(GUIDEV_GetDataPtr.o)
                0x1008a0f8                GUI_MEMDEV_GetDataPtr
 .text          0x1008a11c       0x14 c:/program files (x86)/cypress/psoc creator/4.4/psoc creator/import/gnu/arm/5.4.1/bin/../lib/gcc/arm-none-eabi/5.4.1/armv7e-m/softfp\libgcc.a(_thumb1_case_uqi.o)
                0x1008a11c                __gnu_thumb1_case_uqi
 .text          0x1008a130       0x14 c:/program files (x86)/cypress/psoc creator/4.4/psoc creator/import/gnu/arm/5.4.1/bin/../lib/gcc/arm-none-eabi/5.4.1/armv7e-m/softfp\libgcc.a(_thumb1_case_uhi.o)
                0x1008a130                __gnu_thumb1_case_uhi
 .text          0x1008a144       0x24 c:/program files (x86)/cypress/psoc creator/4.4/psoc creator/import/gnu/arm/5.4.1/bin/../lib/gcc/arm-none-eabi/5.4.1/armv7e-m/softfp\libgcc.a(_udivsi3.o)
                0x1008a144                __aeabi_uidiv
                0x1008a144                __udivsi3
                0x1008a158                __aeabi_uidivmod
 .text          0x1008a168       0x2c c:/program files (x86)/cypress/psoc creator/4.4/psoc creator/import/gnu/arm/5.4.1/bin/../lib/gcc/arm-none-eabi/5.4.1/armv7e-m/softfp\libgcc.a(_divsi3.o)
                0x1008a168                __divsi3
                0x1008a168                __aeabi_idiv
                0x1008a184                __aeabi_idivmod
 .text          0x1008a194        0x4 c:/program files (x86)/cypress/psoc creator/4.4/psoc creator/import/gnu/arm/5.4.1/bin/../lib/gcc/arm-none-eabi/5.4.1/armv7e-m/softfp\libgcc.a(_dvmd_tls.o)
                0x1008a194                __aeabi_idiv0
                0x1008a194                __aeabi_ldiv0
 .text.memcpy   0x1008a198       0x16 c:/program files (x86)/cypress/psoc creator/4.4/psoc creator/import/gnu/arm/5.4.1/bin/../lib/gcc/arm-none-eabi/5.4.1/../../../../arm-none-eabi/lib/armv7e-m/softfp\libg_nano.a(lib_a-memcpy-stub.o)
                0x1008a198                memcpy
 .text.memmove  0x1008a1ae       0x36 c:/program files (x86)/cypress/psoc creator/4.4/psoc creator/import/gnu/arm/5.4.1/bin/../lib/gcc/arm-none-eabi/5.4.1/../../../../arm-none-eabi/lib/armv7e-m/softfp\libg_nano.a(lib_a-memmove.o)
                0x1008a1ae                memmove
 .text.memset   0x1008a1e4       0x10 c:/program files (x86)/cypress/psoc creator/4.4/psoc creator/import/gnu/arm/5.4.1/bin/../lib/gcc/arm-none-eabi/5.4.1/../../../../arm-none-eabi/lib/armv7e-m/softfp\libg_nano.a(lib_a-memset.o)
                0x1008a1e4                memset
 .text.sprintf  0x1008a1f4       0x48 c:/program files (x86)/cypress/psoc creator/4.4/psoc creator/import/gnu/arm/5.4.1/bin/../lib/gcc/arm-none-eabi/5.4.1/../../../../arm-none-eabi/lib/armv7e-m/softfp\libg_nano.a(lib_a-sprintf.o)
                0x1008a1f4                siprintf
                0x1008a1f4                sprintf
 .text.strncpy  0x1008a23c       0x26 c:/program files (x86)/cypress/psoc creator/4.4/psoc creator/import/gnu/arm/5.4.1/bin/../lib/gcc/arm-none-eabi/5.4.1/../../../../arm-none-eabi/lib/armv7e-m/softfp\libg_nano.a(lib_a-strncpy.o)
                0x1008a23c                strncpy
 .text.__ssputs_r
                0x1008a262       0xb2 c:/program files (x86)/cypress/psoc creator/4.4/psoc creator/import/gnu/arm/5.4.1/bin/../lib/gcc/arm-none-eabi/5.4.1/../../../../arm-none-eabi/lib/armv7e-m/softfp\libg_nano.a(lib_a-nano-svfprintf.o)
                0x1008a262                __ssputs_r
 .text._svfprintf_r
                0x1008a314      0x1e8 c:/program files (x86)/cypress/psoc creator/4.4/psoc creator/import/gnu/arm/5.4.1/bin/../lib/gcc/arm-none-eabi/5.4.1/../../../../arm-none-eabi/lib/armv7e-m/softfp\libg_nano.a(lib_a-nano-svfprintf.o)
                0x1008a314                _svfiprintf_r
                0x1008a314                _svfprintf_r
 .text._printf_common
                0x1008a4fc       0xec c:/program files (x86)/cypress/psoc creator/4.4/psoc creator/import/gnu/arm/5.4.1/bin/../lib/gcc/arm-none-eabi/5.4.1/../../../../arm-none-eabi/lib/armv7e-m/softfp\libg_nano.a(lib_a-nano-vfprintf_i.o)